Archive member included to satisfy reference by file (symbol)

.pio/build/genericSTM32F401CC/lib513/libSPI.a(SPI.cpp.o)
                              .pio/build/genericSTM32F401CC/src/main.cpp.o (SPIClass::SPIClass(unsigned long, unsigned long, unsigned long, unsigned long))
.pio/build/genericSTM32F401CC/lib513/libSPI.a(spi_com.c.o)
                              .pio/build/genericSTM32F401CC/lib513/libSPI.a(SPI.cpp.o) (spi_getClkFreq)
.pio/build/genericSTM32F401CC/lib41b/libTFT_eSPI.a(TFT_eSPI.cpp.o)
                              .pio/build/genericSTM32F401CC/src/main.cpp.o (TFT_eSPI::TFT_eSPI(short, short))
.pio/build/genericSTM32F401CC/liba19/libSdFat.a(ExFatFile.cpp.o)
                              .pio/build/genericSTM32F401CC/src/main.cpp.o (ExFatFile::seekSet(unsigned long long))
.pio/build/genericSTM32F401CC/liba19/libSdFat.a(ExFatFileWrite.cpp.o)
                              .pio/build/genericSTM32F401CC/liba19/libSdFat.a(ExFatFile.cpp.o) (ExFatFile::remove())
.pio/build/genericSTM32F401CC/liba19/libSdFat.a(ExFatName.cpp.o)
                              .pio/build/genericSTM32F401CC/liba19/libSdFat.a(ExFatFile.cpp.o) (ExFatFile::cmpName(DirName_t const*, ExName_t*))
.pio/build/genericSTM32F401CC/liba19/libSdFat.a(ExFatPartition.cpp.o)
                              .pio/build/genericSTM32F401CC/liba19/libSdFat.a(ExFatFileWrite.cpp.o) (ExFatPartition::bitmapFind(unsigned long, unsigned long))
.pio/build/genericSTM32F401CC/liba19/libSdFat.a(ExFatVolume.cpp.o)
                              .pio/build/genericSTM32F401CC/liba19/libSdFat.a(ExFatFile.cpp.o) (ExFatVolume::m_cwv)
.pio/build/genericSTM32F401CC/liba19/libSdFat.a(FatFile.cpp.o)
                              .pio/build/genericSTM32F401CC/src/main.cpp.o (FatFile::readPrivate(void*, unsigned int, DirFat_t**))
.pio/build/genericSTM32F401CC/liba19/libSdFat.a(FatFileLFN.cpp.o)
                              .pio/build/genericSTM32F401CC/liba19/libSdFat.a(FatFile.cpp.o) (FatFile::open(FatFile*, FatLfn_t*, int))
.pio/build/genericSTM32F401CC/liba19/libSdFat.a(FatName.cpp.o)
                              .pio/build/genericSTM32F401CC/liba19/libSdFat.a(FatFileLFN.cpp.o) (FatFile::getLfnChar(DirLfn_t const*, unsigned char))
.pio/build/genericSTM32F401CC/liba19/libSdFat.a(FatPartition.cpp.o)
                              .pio/build/genericSTM32F401CC/liba19/libSdFat.a(FatFile.cpp.o) (FatPartition::fatGet(unsigned long, unsigned long*))
.pio/build/genericSTM32F401CC/liba19/libSdFat.a(FatVolume.cpp.o)
                              .pio/build/genericSTM32F401CC/liba19/libSdFat.a(FatFile.cpp.o) (FatVolume::m_cwv)
.pio/build/genericSTM32F401CC/liba19/libSdFat.a(FsFile.cpp.o)
                              .pio/build/genericSTM32F401CC/src/main.cpp.o (FsBaseFile::move(FsBaseFile*))
.pio/build/genericSTM32F401CC/liba19/libSdFat.a(FsNew.cpp.o)
                              .pio/build/genericSTM32F401CC/liba19/libSdFat.a(FsFile.cpp.o) (operator new(unsigned int, unsigned long*))
.pio/build/genericSTM32F401CC/liba19/libSdFat.a(FsVolume.cpp.o)
                              .pio/build/genericSTM32F401CC/src/main.cpp.o (FsVolume::begin(SdSpiCard*, bool, unsigned char, unsigned long))
.pio/build/genericSTM32F401CC/liba19/libSdFat.a(SdSpiCard.cpp.o)
                              .pio/build/genericSTM32F401CC/liba19/libSdFat.a(ExFatFile.cpp.o) (SdSpiCard::isBusy())
.pio/build/genericSTM32F401CC/liba19/libSdFat.a(SdSpiChipSelect.cpp.o)
                              .pio/build/genericSTM32F401CC/liba19/libSdFat.a(SdSpiCard.cpp.o) (sdCsInit(unsigned char))
.pio/build/genericSTM32F401CC/liba19/libSdFat.a(SdSpiSTM32Core.cpp.o)
                              .pio/build/genericSTM32F401CC/liba19/libSdFat.a(SdSpiCard.cpp.o) (SdSpiArduinoDriver::activate())
.pio/build/genericSTM32F401CC/liba19/libSdFat.a(FsCache.cpp.o)
                              .pio/build/genericSTM32F401CC/liba19/libSdFat.a(ExFatFile.cpp.o) (FsCache::sync())
.pio/build/genericSTM32F401CC/liba19/libSdFat.a(FsDateTime.cpp.o)
                              .pio/build/genericSTM32F401CC/liba19/libSdFat.a(ExFatFile.cpp.o) (FsDateTime::callback)
.pio/build/genericSTM32F401CC/liba19/libSdFat.a(FsUtf.cpp.o)
                              .pio/build/genericSTM32F401CC/liba19/libSdFat.a(ExFatName.cpp.o) (FsUtf::cpToMb(unsigned long, char*, char const*))
.pio/build/genericSTM32F401CC/liba19/libSdFat.a(ExFatFilePrint.cpp.o)
                              .pio/build/genericSTM32F401CC/liba19/libSdFat.a(FsVolume.cpp.o) (ExFatFile::ls(Print*, unsigned char, unsigned char))
.pio/build/genericSTM32F401CC/liba19/libSdFat.a(FatFilePrint.cpp.o)
                              .pio/build/genericSTM32F401CC/liba19/libSdFat.a(FsVolume.cpp.o) (FatFile::ls(Print*, unsigned char, unsigned char))
.pio/build/genericSTM32F401CC/liba19/libSdFat.a(FmtNumber.cpp.o)
                              .pio/build/genericSTM32F401CC/liba19/libSdFat.a(FsDateTime.cpp.o) (fmtBase10(char*, unsigned short))
[...]
Memory Configuration

Name             Origin             Length             Attributes
*default*        0x00000000         0xffffffff
RAM              0x20000000         0x00010000         xrw
FLASH            0x08000000         0x00040000         xr

Linker script and memory map

                0x20010000                        _estack = (ORIGIN (RAM) + LENGTH (RAM))
                0x00000200                        _Min_Heap_Size = 0x200
                0x00000400                        _Min_Stack_Size = 0x400

.isr_vector     0x08000000      0x194
                0x08000000                        . = ALIGN (0x4)
 *(.isr_vector)
 .isr_vector    0x08000000      0x194 .pio/build/genericSTM32F401CC/libFrameworkArduino.a(startup_stm32yyxx.S.o)
                0x08000000                g_pfnVectors
                0x08000194                        . = ALIGN (0x4)

.text           0x080001a0     0xdb6c
                0x080001a0                        . = ALIGN (0x4)
 *(.text)
 .text          0x080001a0       0x30 c:/users/labib/.platformio/packages/toolchain-gccarmnoneeabi/bin/../lib/gcc/arm-none-eabi/12.3.1/thumb/v7e-m+fp/hard\libgcc.a(_aeabi_uldivmod.o)
                0x080001a0                __aeabi_uldivmod
 .text          0x080001d0        0x4 c:/users/labib/.platformio/packages/toolchain-gccarmnoneeabi/bin/../lib/gcc/arm-none-eabi/12.3.1/thumb/v7e-m+fp/hard\libgcc.a(_dvmd_tls.o)
                0x080001d0                __aeabi_idiv0
                0x080001d0                __aeabi_ldiv0
 .text          0x080001d4       0x10 c:/users/labib/.platformio/packages/toolchain-gccarmnoneeabi/bin/../lib/gcc/arm-none-eabi/12.3.1/../../../../arm-none-eabi/lib/thumb/v7e-m+fp/hard\libc_nano.a(libc_a-strlen.o)
                0x080001d4                strlen
 *fill*         0x080001e4        0xc 
 .text          0x080001f0       0xa0 c:/users/labib/.platformio/packages/toolchain-gccarmnoneeabi/bin/../lib/gcc/arm-none-eabi/12.3.1/../../../../arm-none-eabi/lib/thumb/v7e-m+fp/hard\libc_nano.a(libc_a-memchr.o)
                0x080001f0                memchr
 *(.text*)
 .text.__do_global_dtors_aux
                0x08000290       0x24 c:/users/labib/.platformio/packages/toolchain-gccarmnoneeabi/bin/../lib/gcc/arm-none-eabi/12.3.1/thumb/v7e-m+fp/hard/crtbegin.o
 .text.frame_dummy
                0x080002b4       0x1c c:/users/labib/.platformio/packages/toolchain-gccarmnoneeabi/bin/../lib/gcc/arm-none-eabi/12.3.1/thumb/v7e-m+fp/hard/crtbegin.o
 .text.SystemClock_Config
                0x080002d0       0xa0 .pio/build/genericSTM32F401CC/FrameworkArduinoVariant/generic_clock.c.o
                0x080002d0                SystemClock_Config
 .text.HAL_MspInit
                0x08000370        0x2 .pio/build/genericSTM32F401CC/SrcWrapper/src/HAL/stm32yyxx_hal.c.o
                0x08000370                HAL_MspInit
 *fill*         0x08000372        0x2 
 .text.HAL_InitTick
                0x08000374       0x4c .pio/build/genericSTM32F401CC/SrcWrapper/src/HAL/stm32yyxx_hal.c.o
                0x08000374                HAL_InitTick
 .text.HAL_Init
                0x080003c0       0x34 .pio/build/genericSTM32F401CC/SrcWrapper/src/HAL/stm32yyxx_hal.c.o
                0x080003c0                HAL_Init
 .text.HAL_IncTick
                0x080003f4       0x18 .pio/build/genericSTM32F401CC/SrcWrapper/src/HAL/stm32yyxx_hal.c.o
                0x080003f4                HAL_IncTick
 .text.HAL_GetTick
                0x0800040c        0xc .pio/build/genericSTM32F401CC/SrcWrapper/src/HAL/stm32yyxx_hal.c.o
                0x0800040c                HAL_GetTick
 .text.__NVIC_EnableIRQ
                0x08000418       0x1c .pio/build/genericSTM32F401CC/SrcWrapper/src/HAL/stm32yyxx_hal_cortex.c.o
 .text.__NVIC_DisableIRQ
                0x08000434       0x24 .pio/build/genericSTM32F401CC/SrcWrapper/src/HAL/stm32yyxx_hal_cortex.c.o
 .text.__NVIC_SetPriority
                0x08000458       0x28 .pio/build/genericSTM32F401CC/SrcWrapper/src/HAL/stm32yyxx_hal_cortex.c.o
 .text.NVIC_EncodePriority
                0x08000480       0x3e .pio/build/genericSTM32F401CC/SrcWrapper/src/HAL/stm32yyxx_hal_cortex.c.o
 *fill*         0x080004be        0x2 
 .text.HAL_NVIC_SetPriorityGrouping
                0x080004c0       0x24 .pio/build/genericSTM32F401CC/SrcWrapper/src/HAL/stm32yyxx_hal_cortex.c.o
                0x080004c0                HAL_NVIC_SetPriorityGrouping
 .text.HAL_NVIC_SetPriority
                0x080004e4       0x20 .pio/build/genericSTM32F401CC/SrcWrapper/src/HAL/stm32yyxx_hal_cortex.c.o
                0x080004e4                HAL_NVIC_SetPriority
 .text.HAL_NVIC_EnableIRQ
                0x08000504        0x8 .pio/build/genericSTM32F401CC/SrcWrapper/src/HAL/stm32yyxx_hal_cortex.c.o
                0x08000504                HAL_NVIC_EnableIRQ
 .text.HAL_NVIC_DisableIRQ
                0x0800050c        0x8 .pio/build/genericSTM32F401CC/SrcWrapper/src/HAL/stm32yyxx_hal_cortex.c.o
                0x0800050c                HAL_NVIC_DisableIRQ
 .text.HAL_SYSTICK_Config
                0x08000514       0x28 .pio/build/genericSTM32F401CC/SrcWrapper/src/HAL/stm32yyxx_hal_cortex.c.o
                0x08000514                HAL_SYSTICK_Config
 .text.HAL_NVIC_ClearPendingIRQ
                0x0800053c       0x1c .pio/build/genericSTM32F401CC/SrcWrapper/src/HAL/stm32yyxx_hal_cortex.c.o
                0x0800053c                HAL_NVIC_ClearPendingIRQ
 .text.HAL_SYSTICK_Callback
                0x08000558        0x2 .pio/build/genericSTM32F401CC/SrcWrapper/src/HAL/stm32yyxx_hal_cortex.c.o
                0x08000558                HAL_SYSTICK_Callback
 .text.HAL_SYSTICK_IRQHandler
                0x0800055a        0x8 .pio/build/genericSTM32F401CC/SrcWrapper/src/HAL/stm32yyxx_hal_cortex.c.o
                0x0800055a                HAL_SYSTICK_IRQHandler
 .text.HAL_CRC_MspInit
                0x08000562        0x2 .pio/build/genericSTM32F401CC/SrcWrapper/src/HAL/stm32yyxx_hal_crc.c.o
                0x08000562                HAL_CRC_MspInit
 .text.HAL_CRC_Init
                0x08000564       0x1e .pio/build/genericSTM32F401CC/SrcWrapper/src/HAL/stm32yyxx_hal_crc.c.o
                0x08000564                HAL_CRC_Init
 .text.HAL_DMA_Abort
                0x08000582       0x94 .pio/build/genericSTM32F401CC/SrcWrapper/src/HAL/stm32yyxx_hal_dma.c.o
                0x08000582                HAL_DMA_Abort
 .text.HAL_DMA_Abort_IT
                0x08000616       0x26 .pio/build/genericSTM32F401CC/SrcWrapper/src/HAL/stm32yyxx_hal_dma.c.o
                0x08000616                HAL_DMA_Abort_IT
 .text.HAL_DMA_IRQHandler
                0x0800063c      0x1dc .pio/build/genericSTM32F401CC/SrcWrapper/src/HAL/stm32yyxx_hal_dma.c.o
                0x0800063c                HAL_DMA_IRQHandler
 .text.HAL_GPIO_Init
                0x08000818      0x1c8 .pio/build/genericSTM32F401CC/SrcWrapper/src/HAL/stm32yyxx_hal_gpio.c.o
                0x08000818                HAL_GPIO_Init
 .text.HAL_GPIO_EXTI_IRQHandler
                0x080009e0       0x1c .pio/build/genericSTM32F401CC/SrcWrapper/src/HAL/stm32yyxx_hal_gpio.c.o
                0x080009e0                HAL_GPIO_EXTI_IRQHandler
 .text.HAL_RCC_OscConfig
                0x080009fc      0x3f8 .pio/build/genericSTM32F401CC/SrcWrapper/src/HAL/stm32yyxx_hal_rcc.c.o
                0x080009fc                HAL_RCC_OscConfig
 .text.HAL_RCC_GetSysClockFreq
                0x08000df4       0xdc .pio/build/genericSTM32F401CC/SrcWrapper/src/HAL/stm32yyxx_hal_rcc.c.o
                0x08000df4                HAL_RCC_GetSysClockFreq
 .text.HAL_RCC_ClockConfig
                0x08000ed0      0x160 .pio/build/genericSTM32F401CC/SrcWrapper/src/HAL/stm32yyxx_hal_rcc.c.o
                0x08000ed0                HAL_RCC_ClockConfig
 .text.HAL_RCC_GetHCLKFreq
                0x08001030        0xc .pio/build/genericSTM32F401CC/SrcWrapper/src/HAL/stm32yyxx_hal_rcc.c.o
                0x08001030                HAL_RCC_GetHCLKFreq
 .text.HAL_RCC_GetPCLK1Freq
                0x0800103c       0x20 .pio/build/genericSTM32F401CC/SrcWrapper/src/HAL/stm32yyxx_hal_rcc.c.o
                0x0800103c                HAL_RCC_GetPCLK1Freq
 .text.HAL_RCC_GetPCLK2Freq
                0x0800105c       0x20 .pio/build/genericSTM32F401CC/SrcWrapper/src/HAL/stm32yyxx_hal_rcc.c.o
                0x0800105c                HAL_RCC_GetPCLK2Freq
 .text.HAL_SPI_MspInit
                0x0800107c        0x2 .pio/build/genericSTM32F401CC/SrcWrapper/src/HAL/stm32yyxx_hal_spi.c.o
                0x0800107c                HAL_SPI_MspInit
 .text.HAL_SPI_Init
                0x0800107e       0xbe .pio/build/genericSTM32F401CC/SrcWrapper/src/HAL/stm32yyxx_hal_spi.c.o
                0x0800107e                HAL_SPI_Init
 .text.HAL_TIM_PWM_PulseFinishedCallback
                0x0800113c        0x2 .pio/build/genericSTM32F401CC/SrcWrapper/src/HAL/stm32yyxx_hal_tim.c.o
                0x0800113c                HAL_TIM_PWM_PulseFinishedCallback
 .text.HAL_TIM_TriggerCallback
                0x0800113e        0x2 .pio/build/genericSTM32F401CC/SrcWrapper/src/HAL/stm32yyxx_hal_tim.c.o
                0x0800113e                HAL_TIM_TriggerCallback
 .text.HAL_TIM_IRQHandler
                0x08001140      0x15e .pio/build/genericSTM32F401CC/SrcWrapper/src/HAL/stm32yyxx_hal_tim.c.o
                0x08001140                HAL_TIM_IRQHandler
 *fill*         0x0800129e        0x2 
 .text.TIM_Base_SetConfig
                0x080012a0       0xa4 .pio/build/genericSTM32F401CC/SrcWrapper/src/HAL/stm32yyxx_hal_tim.c.o
                0x080012a0                TIM_Base_SetConfig
 .text.HAL_TIM_Base_Init
                0x08001344       0x58 .pio/build/genericSTM32F401CC/SrcWrapper/src/HAL/stm32yyxx_hal_tim.c.o
                0x08001344                HAL_TIM_Base_Init
 .text.HAL_TIMEx_CommutCallback
                0x0800139c        0x2 .pio/build/genericSTM32F401CC/SrcWrapper/src/HAL/stm32yyxx_hal_tim_ex.c.o
                0x0800139c                HAL_TIMEx_CommutCallback
 .text.HAL_TIMEx_BreakCallback
                0x0800139e        0x2 .pio/build/genericSTM32F401CC/SrcWrapper/src/HAL/stm32yyxx_hal_tim_ex.c.o
                0x0800139e                HAL_TIMEx_BreakCallback
 .text.UART_EndRxTransfer
                0x080013a0       0x5c .pio/build/genericSTM32F401CC/SrcWrapper/src/HAL/stm32yyxx_hal_uart.c.o
 .text.UART_Transmit_IT
                0x080013fc       0x60 .pio/build/genericSTM32F401CC/SrcWrapper/src/HAL/stm32yyxx_hal_uart.c.o
 .text.UART_SetConfig
                0x0800145c      0x110 .pio/build/genericSTM32F401CC/SrcWrapper/src/HAL/stm32yyxx_hal_uart.c.o
 .text.UART_WaitOnFlagUntilTimeout
                0x0800156c       0x86 .pio/build/genericSTM32F401CC/SrcWrapper/src/HAL/stm32yyxx_hal_uart.c.o
 .text.HAL_UART_MspInit
                0x080015f2        0x2 .pio/build/genericSTM32F401CC/SrcWrapper/src/HAL/stm32yyxx_hal_uart.c.o
                0x080015f2                HAL_UART_MspInit
 .text.HAL_UART_Init
                0x080015f4       0x60 .pio/build/genericSTM32F401CC/SrcWrapper/src/HAL/stm32yyxx_hal_uart.c.o
                0x080015f4                HAL_UART_Init
 .text.HAL_HalfDuplex_Init
                0x08001654       0x6c .pio/build/genericSTM32F401CC/SrcWrapper/src/HAL/stm32yyxx_hal_uart.c.o
                0x08001654                HAL_HalfDuplex_Init
 .text.HAL_UART_Transmit
                0x080016c0       0xcc .pio/build/genericSTM32F401CC/SrcWrapper/src/HAL/stm32yyxx_hal_uart.c.o
                0x080016c0                HAL_UART_Transmit
 .text.HAL_UART_Transmit_IT
                0x0800178c       0x38 .pio/build/genericSTM32F401CC/SrcWrapper/src/HAL/stm32yyxx_hal_uart.c.o
                0x0800178c                HAL_UART_Transmit_IT
 .text.UART_EndTransmit_IT
                0x080017c4       0x1a .pio/build/genericSTM32F401CC/SrcWrapper/src/HAL/stm32yyxx_hal_uart.c.o
 .text.UART_DMAAbortOnError
                0x080017de        0xe .pio/build/genericSTM32F401CC/SrcWrapper/src/HAL/stm32yyxx_hal_uart.c.o
 .text.HAL_UARTEx_RxEventCallback
                0x080017ec        0x2 .pio/build/genericSTM32F401CC/SrcWrapper/src/HAL/stm32yyxx_hal_uart.c.o
                0x080017ec                HAL_UARTEx_RxEventCallback
 .text.UART_Receive_IT
                0x080017ee       0xe6 .pio/build/genericSTM32F401CC/SrcWrapper/src/HAL/stm32yyxx_hal_uart.c.o
 .text.HAL_UART_IRQHandler
                0x080018d4      0x2a0 .pio/build/genericSTM32F401CC/SrcWrapper/src/HAL/stm32yyxx_hal_uart.c.o
                0x080018d4                HAL_UART_IRQHandler
 .text.HAL_HalfDuplex_EnableTransmitter
                0x08001b74       0x36 .pio/build/genericSTM32F401CC/SrcWrapper/src/HAL/stm32yyxx_hal_uart.c.o
                0x08001b74                HAL_HalfDuplex_EnableTransmitter
 .text.HAL_HalfDuplex_EnableReceiver
                0x08001baa       0x36 .pio/build/genericSTM32F401CC/SrcWrapper/src/HAL/stm32yyxx_hal_uart.c.o
                0x08001baa                HAL_HalfDuplex_EnableReceiver
 .text.HAL_UART_GetState
                0x08001be0        0xc .pio/build/genericSTM32F401CC/SrcWrapper/src/HAL/stm32yyxx_hal_uart.c.o
                0x08001be0                HAL_UART_GetState
 .text.UART_Start_Receive_IT
                0x08001bec       0x36 .pio/build/genericSTM32F401CC/SrcWrapper/src/HAL/stm32yyxx_hal_uart.c.o
                0x08001bec                UART_Start_Receive_IT
 .text.HAL_UART_Receive_IT
                0x08001c22       0x26 .pio/build/genericSTM32F401CC/SrcWrapper/src/HAL/stm32yyxx_hal_uart.c.o
                0x08001c22                HAL_UART_Receive_IT
 .text._ZNSt14_Function_baseD2Ev
                0x08001c48       0x12 .pio/build/genericSTM32F401CC/SrcWrapper/src/HardwareTimer.cpp.o
                0x08001c48                std::_Function_base::~_Function_base()
                0x08001c48                std::_Function_base::~_Function_base()
 *fill*         0x08001c5a        0x2 
 .text._Z15get_timer_indexP11TIM_TypeDef
                0x08001c5c       0x80 .pio/build/genericSTM32F401CC/SrcWrapper/src/HardwareTimer.cpp.o
                0x08001c5c                get_timer_index(TIM_TypeDef*)
 .text._ZN13HardwareTimerD2Ev
                0x08001cdc       0x40 .pio/build/genericSTM32F401CC/SrcWrapper/src/HardwareTimer.cpp.o
                0x08001cdc                HardwareTimer::~HardwareTimer()
                0x08001cdc                HardwareTimer::~HardwareTimer()
 .text.TIM1_UP_TIM10_IRQHandler
                0x08001d1c       0x20 .pio/build/genericSTM32F401CC/SrcWrapper/src/HardwareTimer.cpp.o
                0x08001d1c                TIM1_UP_TIM10_IRQHandler
 .text.TIM1_CC_IRQHandler
                0x08001d3c       0x14 .pio/build/genericSTM32F401CC/SrcWrapper/src/HardwareTimer.cpp.o
                0x08001d3c                TIM1_CC_IRQHandler
 .text.TIM2_IRQHandler
                0x08001d50       0x14 .pio/build/genericSTM32F401CC/SrcWrapper/src/HardwareTimer.cpp.o
                0x08001d50                TIM2_IRQHandler
 .text.TIM3_IRQHandler
                0x08001d64       0x14 .pio/build/genericSTM32F401CC/SrcWrapper/src/HardwareTimer.cpp.o
                0x08001d64                TIM3_IRQHandler
 .text.TIM4_IRQHandler
                0x08001d78       0x14 .pio/build/genericSTM32F401CC/SrcWrapper/src/HardwareTimer.cpp.o
                0x08001d78                TIM4_IRQHandler
 .text.TIM5_IRQHandler
                0x08001d8c       0x14 .pio/build/genericSTM32F401CC/SrcWrapper/src/HardwareTimer.cpp.o
                0x08001d8c                TIM5_IRQHandler
 .text.TIM1_BRK_TIM9_IRQHandler
                0x08001da0       0x14 .pio/build/genericSTM32F401CC/SrcWrapper/src/HardwareTimer.cpp.o
                0x08001da0                TIM1_BRK_TIM9_IRQHandler
 .text.TIM1_TRG_COM_TIM11_IRQHandler
                0x08001db4       0x14 .pio/build/genericSTM32F401CC/SrcWrapper/src/HardwareTimer.cpp.o
                0x08001db4                TIM1_TRG_COM_TIM11_IRQHandler
 .text._ZNSt8functionIFvvEEaSEDn
                0x08001dc8       0x18 .pio/build/genericSTM32F401CC/SrcWrapper/src/HardwareTimer.cpp.o
                0x08001dc8                std::function<void ()>::operator=(decltype(nullptr))
 .text._ZN13HardwareTimer5setupEP11TIM_TypeDef
                0x08001de0       0x94 .pio/build/genericSTM32F401CC/SrcWrapper/src/HardwareTimer.cpp.o
                0x08001de0                HardwareTimer::setup(TIM_TypeDef*)
 .text._ZN13HardwareTimerC2EP11TIM_TypeDef
                0x08001e74       0x32 .pio/build/genericSTM32F401CC/SrcWrapper/src/HardwareTimer.cpp.o
                0x08001e74                HardwareTimer::HardwareTimer(TIM_TypeDef*)
                0x08001e74                HardwareTimer::HardwareTimer(TIM_TypeDef*)
 .text._ZNSt8functionIFvvEEC2ERKS1_
                0x08001ea6       0x24 .pio/build/genericSTM32F401CC/SrcWrapper/src/HardwareTimer.cpp.o
                0x08001ea6                std::function<void ()>::function(std::function<void ()> const&)
                0x08001ea6                std::function<void ()>::function(std::function<void ()> const&)
 .text._ZNKSt8functionIFvvEEclEv
                0x08001eca       0x10 .pio/build/genericSTM32F401CC/SrcWrapper/src/HardwareTimer.cpp.o
                0x08001eca                std::function<void ()>::operator()() const
 .text._ZN13HardwareTimer14updateCallbackEP17TIM_HandleTypeDef
                0x08001eda       0x18 .pio/build/genericSTM32F401CC/SrcWrapper/src/HardwareTimer.cpp.o
                0x08001eda                HardwareTimer::updateCallback(TIM_HandleTypeDef*)
 .text.HAL_TIM_PeriodElapsedCallback
                0x08001ef2        0x8 .pio/build/genericSTM32F401CC/SrcWrapper/src/HardwareTimer.cpp.o
                0x08001ef2                HAL_TIM_PeriodElapsedCallback
 .text._ZN13HardwareTimer22captureCompareCallbackEP17TIM_HandleTypeDef
                0x08001efa       0x42 .pio/build/genericSTM32F401CC/SrcWrapper/src/HardwareTimer.cpp.o
                0x08001efa                HardwareTimer::captureCompareCallback(TIM_HandleTypeDef*)
 .text.HAL_TIM_IC_CaptureCallback
                0x08001f3c        0x8 .pio/build/genericSTM32F401CC/SrcWrapper/src/HardwareTimer.cpp.o
                0x08001f3c                HAL_TIM_IC_CaptureCallback
 .text.HAL_TIM_OC_DelayElapsedCallback
                0x08001f44        0x8 .pio/build/genericSTM32F401CC/SrcWrapper/src/HardwareTimer.cpp.o
                0x08001f44                HAL_TIM_OC_DelayElapsedCallback
 .text._ZSt4swapISt9_Any_dataENSt9enable_ifIXsrSt6__and_IJSt6__not_ISt15__is_tuple_likeIT_EESt21is_move_constructibleIS5_ESt18is_move_assignableIS5_EEE5valueEvE4typeERS5_SF_
                0x08001f4c       0x24 .pio/build/genericSTM32F401CC/SrcWrapper/src/HardwareTimer.cpp.o
                0x08001f4c                std::enable_if<std::__and_<std::__not_<std::__is_tuple_like<std::_Any_data> >, std::is_move_constructible<std::_Any_data>, std::is_move_assignable<std::_Any_data> >::value, void>::type std::swap<std::_Any_data>(std::_Any_data&, std::_Any_data&)
 .text._ZNSt8functionIFvvEE4swapERS1_
                0x08001f70       0x1c .pio/build/genericSTM32F401CC/SrcWrapper/src/HardwareTimer.cpp.o
                0x08001f70                std::function<void ()>::swap(std::function<void ()>&)
 .text._ZNSt8functionIFvvEEaSERKS1_
                0x08001f8c       0x20 .pio/build/genericSTM32F401CC/SrcWrapper/src/HardwareTimer.cpp.o
                0x08001f8c                std::function<void ()>::operator=(std::function<void ()> const&)
 .text._Znwj    0x08001fac        0x8 .pio/build/genericSTM32F401CC/SrcWrapper/src/new.cpp.o
                0x08001fac                operator new(unsigned int)
 .text._ZdlPvj  0x08001fb4        0x8 .pio/build/genericSTM32F401CC/SrcWrapper/src/new.cpp.o
                0x08001fb4                operator delete(void*, unsigned int)
 .text.set_GPIO_Port_Clock
                0x08001fbc       0xdc .pio/build/genericSTM32F401CC/SrcWrapper/src/stm32/PortNames.c.o
                0x08001fbc                set_GPIO_Port_Clock
 .text.pwm_stop
                0x08002098       0x5c .pio/build/genericSTM32F401CC/SrcWrapper/src/stm32/analog.cpp.o
                0x08002098                pwm_stop
 .text.getCurrentMillis
                0x080020f4        0x8 .pio/build/genericSTM32F401CC/SrcWrapper/src/stm32/clock.c.o
                0x080020f4                getCurrentMillis
 .text.noOsSystickHandler
                0x080020fc        0x2 .pio/build/genericSTM32F401CC/SrcWrapper/src/stm32/clock.c.o
                0x080020fc                osSystickHandler
                0x080020fc                noOsSystickHandler
 .text.SysTick_Handler
                0x080020fe       0x10 .pio/build/genericSTM32F401CC/SrcWrapper/src/stm32/clock.c.o
                0x080020fe                SysTick_Handler
 .text.configHSECapacitorTuning
                0x0800210e        0x2 .pio/build/genericSTM32F401CC/SrcWrapper/src/stm32/clock.c.o
                0x0800210e                configHSECapacitorTuning
 .text.configIPClock
                0x08002110       0x4c .pio/build/genericSTM32F401CC/SrcWrapper/src/stm32/clock.c.o
                0x08002110                configIPClock
 .text.dwt_init
                0x0800215c       0x40 .pio/build/genericSTM32F401CC/SrcWrapper/src/stm32/dwt.c.o
                0x0800215c                dwt_init
 .text.hw_config_init
                0x0800219c       0x24 .pio/build/genericSTM32F401CC/SrcWrapper/src/stm32/hw_config.c.o
                0x0800219c                hw_config_init
 .text._ZL10get_pin_idt
                0x080021c0       0x12 .pio/build/genericSTM32F401CC/SrcWrapper/src/stm32/interrupt.cpp.o
 .text._ZNSt17_Function_handlerIFvvEPS0_E9_M_invokeERKSt9_Any_data
                0x080021d2        0x8 .pio/build/genericSTM32F401CC/SrcWrapper/src/stm32/interrupt.cpp.o
                0x080021d2                std::_Function_handler<void (), void (*)()>::_M_invoke(std::_Any_data const&)
 .text.LL_GPIO_GetPinPull
                0x080021da       0x2e .pio/build/genericSTM32F401CC/SrcWrapper/src/stm32/interrupt.cpp.o
 .text._Z41__static_initialization_and_destruction_0ii
                0x08002208      0x15c .pio/build/genericSTM32F401CC/SrcWrapper/src/stm32/interrupt.cpp.o
 .text.EXTI0_IRQHandler
                0x08002364        0xa .pio/build/genericSTM32F401CC/SrcWrapper/src/stm32/interrupt.cpp.o
                0x08002364                EXTI0_IRQHandler
 .text.EXTI1_IRQHandler
                0x0800236e        0xa .pio/build/genericSTM32F401CC/SrcWrapper/src/stm32/interrupt.cpp.o
                0x0800236e                EXTI1_IRQHandler
 .text.EXTI2_IRQHandler
                0x08002378        0xa .pio/build/genericSTM32F401CC/SrcWrapper/src/stm32/interrupt.cpp.o
                0x08002378                EXTI2_IRQHandler
 .text.EXTI3_IRQHandler
                0x08002382        0xa .pio/build/genericSTM32F401CC/SrcWrapper/src/stm32/interrupt.cpp.o
                0x08002382                EXTI3_IRQHandler
 .text.EXTI4_IRQHandler
                0x0800238c        0xa .pio/build/genericSTM32F401CC/SrcWrapper/src/stm32/interrupt.cpp.o
                0x0800238c                EXTI4_IRQHandler
 .text.EXTI9_5_IRQHandler
                0x08002396       0x16 .pio/build/genericSTM32F401CC/SrcWrapper/src/stm32/interrupt.cpp.o
                0x08002396                EXTI9_5_IRQHandler
 .text.EXTI15_10_IRQHandler
                0x080023ac       0x18 .pio/build/genericSTM32F401CC/SrcWrapper/src/stm32/interrupt.cpp.o
                0x080023ac                EXTI15_10_IRQHandler
 .text.HAL_GPIO_EXTI_Callback
                0x080023c4       0x20 .pio/build/genericSTM32F401CC/SrcWrapper/src/stm32/interrupt.cpp.o
                0x080023c4                HAL_GPIO_EXTI_Callback
 .text._Z22stm32_interrupt_enable7PinNameSt8functionIFvvEEm
                0x080023e4       0x84 .pio/build/genericSTM32F401CC/SrcWrapper/src/stm32/interrupt.cpp.o
                0x080023e4                stm32_interrupt_enable(PinName, std::function<void ()>, unsigned long)
 .text._ZNSt14_Function_base13_Base_managerIPFvvEE10_M_managerERSt9_Any_dataRKS4_St18_Manager_operation
                0x08002468       0x1e .pio/build/genericSTM32F401CC/SrcWrapper/src/stm32/interrupt.cpp.o
                0x08002468                std::_Function_base::_Base_manager<void (*)()>::_M_manager(std::_Any_data&, std::_Any_data const&, std::_Manager_operation)
 .text._ZNSt17_Function_handlerIFvvEPS0_E10_M_managerERSt9_Any_dataRKS3_St18_Manager_operation
                0x08002486       0x14 .pio/build/genericSTM32F401CC/SrcWrapper/src/stm32/interrupt.cpp.o
                0x08002486                std::_Function_handler<void (), void (*)()>::_M_manager(std::_Any_data&, std::_Any_data const&, std::_Manager_operation)
 .text._GLOBAL__sub_I__Z22stm32_interrupt_enable7PinNameSt8functionIFvvEEm
                0x0800249a        0xe .pio/build/genericSTM32F401CC/SrcWrapper/src/stm32/interrupt.cpp.o
 .text._GLOBAL__sub_D__Z22stm32_interrupt_enable7PinNameSt8functionIFvvEEm
                0x080024a8        0xe .pio/build/genericSTM32F401CC/SrcWrapper/src/stm32/interrupt.cpp.o
 .text.LL_GPIO_SetPinMode
                0x080024b6       0x3c .pio/build/genericSTM32F401CC/SrcWrapper/src/stm32/pinmap.c.o
 .text.LL_GPIO_SetPinSpeed
                0x080024f2       0x3c .pio/build/genericSTM32F401CC/SrcWrapper/src/stm32/pinmap.c.o
 .text.LL_GPIO_SetPinPull
                0x0800252e       0x3c .pio/build/genericSTM32F401CC/SrcWrapper/src/stm32/pinmap.c.o
 .text.pin_PullConfig
                0x0800256a       0x22 .pio/build/genericSTM32F401CC/SrcWrapper/src/stm32/pinmap.c.o
 .text.LL_GPIO_SetAFPin_0_7
                0x0800258c       0x3c .pio/build/genericSTM32F401CC/SrcWrapper/src/stm32/pinmap.c.o
 .text.LL_GPIO_SetAFPin_8_15
                0x080025c8       0x3e .pio/build/genericSTM32F401CC/SrcWrapper/src/stm32/pinmap.c.o
 *fill*         0x08002606        0x2 
 .text.pin_SetAFPin
                0x08002608       0x24 .pio/build/genericSTM32F401CC/SrcWrapper/src/stm32/pinmap.c.o
 .text.pin_in_pinmap
                0x0800262c       0x22 .pio/build/genericSTM32F401CC/SrcWrapper/src/stm32/pinmap.c.o
                0x0800262c                pin_in_pinmap
 *fill*         0x0800264e        0x2 
 .text.pin_function
                0x08002650       0xa0 .pio/build/genericSTM32F401CC/SrcWrapper/src/stm32/pinmap.c.o
                0x08002650                pin_function
 .text.pinmap_pinout
                0x080026f0       0x24 .pio/build/genericSTM32F401CC/SrcWrapper/src/stm32/pinmap.c.o
                0x080026f0                pinmap_pinout
 .text.pinmap_find_peripheral
                0x08002714       0x18 .pio/build/genericSTM32F401CC/SrcWrapper/src/stm32/pinmap.c.o
                0x08002714                pinmap_find_peripheral
 .text.pinmap_peripheral
                0x0800272c       0x12 .pio/build/genericSTM32F401CC/SrcWrapper/src/stm32/pinmap.c.o
                0x0800272c                pinmap_peripheral
 .text.pinmap_find_pin
                0x0800273e       0x16 .pio/build/genericSTM32F401CC/SrcWrapper/src/stm32/pinmap.c.o
                0x0800273e                pinmap_find_pin
 .text.pinmap_pin
                0x08002754       0x10 .pio/build/genericSTM32F401CC/SrcWrapper/src/stm32/pinmap.c.o
                0x08002754                pinmap_pin
 .text.pinmap_merge_peripheral
                0x08002764       0x10 .pio/build/genericSTM32F401CC/SrcWrapper/src/stm32/pinmap.c.o
                0x08002764                pinmap_merge_peripheral
 .text.SystemInit
                0x08002774       0x50 .pio/build/genericSTM32F401CC/SrcWrapper/src/stm32/system_stm32yyxx.c.o
                0x08002774                SystemInit
 .text.get_timer_obj
                0x080027c4        0x4 .pio/build/genericSTM32F401CC/SrcWrapper/src/stm32/timer.c.o
                0x080027c4                get_timer_obj
 .text.enableTimerClock
                0x080027c8      0x138 .pio/build/genericSTM32F401CC/SrcWrapper/src/stm32/timer.c.o
                0x080027c8                enableTimerClock
 .text.disableTimerClock
                0x08002900       0xc4 .pio/build/genericSTM32F401CC/SrcWrapper/src/stm32/timer.c.o
                0x08002900                disableTimerClock
 .text.getTimerUpIrq
                0x080029c4       0x78 .pio/build/genericSTM32F401CC/SrcWrapper/src/stm32/timer.c.o
                0x080029c4                getTimerUpIrq
 .text.getTimerCCIrq
                0x08002a3c       0x78 .pio/build/genericSTM32F401CC/SrcWrapper/src/stm32/timer.c.o
                0x08002a3c                getTimerCCIrq
 .text.HAL_TIM_Base_MspInit
                0x08002ab4       0x54 .pio/build/genericSTM32F401CC/SrcWrapper/src/stm32/timer.c.o
                0x08002ab4                HAL_TIM_Base_MspInit
 .text.get_serial_obj
                0x08002b08        0x4 .pio/build/genericSTM32F401CC/SrcWrapper/src/stm32/uart.c.o
                0x08002b08                get_serial_obj
 .text.uart_init
                0x08002b0c      0x230 .pio/build/genericSTM32F401CC/SrcWrapper/src/stm32/uart.c.o
                0x08002b0c                uart_init
 .text.uart_debug_init
                0x08002d3c       0x48 .pio/build/genericSTM32F401CC/SrcWrapper/src/stm32/uart.c.o
                0x08002d3c                uart_debug_init
 .text.serial_rx_active
                0x08002d84       0x24 .pio/build/genericSTM32F401CC/SrcWrapper/src/stm32/uart.c.o
                0x08002d84                serial_rx_active
 .text.serial_tx_active
                0x08002da8       0x24 .pio/build/genericSTM32F401CC/SrcWrapper/src/stm32/uart.c.o
                0x08002da8                serial_tx_active
 .text.uart_debug_write
                0x08002dcc       0xec .pio/build/genericSTM32F401CC/SrcWrapper/src/stm32/uart.c.o
                0x08002dcc                uart_debug_write
 .text.uart_attach_tx_callback
                0x08002eb8       0x3c .pio/build/genericSTM32F401CC/SrcWrapper/src/stm32/uart.c.o
                0x08002eb8                uart_attach_tx_callback
 .text.uart_enable_tx
                0x08002ef4       0x24 .pio/build/genericSTM32F401CC/SrcWrapper/src/stm32/uart.c.o
                0x08002ef4                uart_enable_tx
 .text.uart_enable_rx
                0x08002f18       0x24 .pio/build/genericSTM32F401CC/SrcWrapper/src/stm32/uart.c.o
                0x08002f18                uart_enable_rx
 .text.HAL_UART_RxCpltCallback
                0x08002f3c        0xe .pio/build/genericSTM32F401CC/SrcWrapper/src/stm32/uart.c.o
                0x08002f3c                HAL_UART_RxCpltCallback
 .text.HAL_UART_TxCpltCallback
                0x08002f4a        0xe .pio/build/genericSTM32F401CC/SrcWrapper/src/stm32/uart.c.o
                0x08002f4a                HAL_UART_TxCpltCallback
 .text.HAL_UART_ErrorCallback
                0x08002f58       0x88 .pio/build/genericSTM32F401CC/SrcWrapper/src/stm32/uart.c.o
                0x08002f58                HAL_UART_ErrorCallback
 .text.USART1_IRQHandler
                0x08002fe0       0x18 .pio/build/genericSTM32F401CC/SrcWrapper/src/stm32/uart.c.o
                0x08002fe0                USART1_IRQHandler
 .text.USART2_IRQHandler
                0x08002ff8       0x18 .pio/build/genericSTM32F401CC/SrcWrapper/src/stm32/uart.c.o
                0x08002ff8                USART2_IRQHandler
 .text.USART6_IRQHandler
                0x08003010       0x18 .pio/build/genericSTM32F401CC/SrcWrapper/src/stm32/uart.c.o
                0x08003010                USART6_IRQHandler
 .text._sbrk    0x08003028       0x48 .pio/build/genericSTM32F401CC/SrcWrapper/src/syscalls.c.o
                0x08003028                _sbrk
 .text._close   0x08003070        0x6 .pio/build/genericSTM32F401CC/SrcWrapper/src/syscalls.c.o
                0x08003070                _close
 .text._fstat   0x08003076        0xa .pio/build/genericSTM32F401CC/SrcWrapper/src/syscalls.c.o
                0x08003076                _fstat
 .text._isatty  0x08003080        0x4 .pio/build/genericSTM32F401CC/SrcWrapper/src/syscalls.c.o
                0x08003080                _isatty
 .text._lseek   0x08003084        0x4 .pio/build/genericSTM32F401CC/SrcWrapper/src/syscalls.c.o
                0x08003084                _lseek
 .text._read    0x08003088        0x4 .pio/build/genericSTM32F401CC/SrcWrapper/src/syscalls.c.o
                0x08003088                _read
 .text._exit    0x0800308c        0x2 .pio/build/genericSTM32F401CC/SrcWrapper/src/syscalls.c.o
                0x0800308c                _exit
 *fill*         0x0800308e        0x2 
 .text._kill    0x08003090       0x10 .pio/build/genericSTM32F401CC/SrcWrapper/src/syscalls.c.o
                0x08003090                _kill
 .text._getpid  0x080030a0        0x4 .pio/build/genericSTM32F401CC/SrcWrapper/src/syscalls.c.o
                0x080030a0                _getpid
 .text._ZN5Print17availableForWriteEv
                0x080030a4        0x4 .pio/build/genericSTM32F401CC/src/main.cpp.o
                0x080030a4                Print::availableForWrite()
 .text._Z11rightBtnISRv
                0x080030a8       0x44 .pio/build/genericSTM32F401CC/src/main.cpp.o
                0x080030a8                rightBtnISR()
 .text._Z12selectBtnISRv
                0x080030ec       0x34 .pio/build/genericSTM32F401CC/src/main.cpp.o
                0x080030ec                selectBtnISR()
 .text._Z8upBtnISRv
                0x08003120       0x28 .pio/build/genericSTM32F401CC/src/main.cpp.o
                0x08003120                upBtnISR()
 .text._Z10downBtnISRv
                0x08003148       0x28 .pio/build/genericSTM32F401CC/src/main.cpp.o
                0x08003148                downBtnISR()
 .text._ZNK10FsBaseFile9availableEv
                0x08003170       0x6e .pio/build/genericSTM32F401CC/src/main.cpp.o
                0x08003170                FsBaseFile::available() const
 .text._ZN10StreamFileI10FsBaseFileyE9availableEv
                0x080031de        0xa .pio/build/genericSTM32F401CC/src/main.cpp.o
                0x080031de                StreamFile<FsBaseFile, unsigned long long>::available()
 .text._ZN10FsBaseFile4peekEv
                0x080031e8       0x1e .pio/build/genericSTM32F401CC/src/main.cpp.o
                0x080031e8                FsBaseFile::peek()
 .text._ZN10StreamFileI10FsBaseFileyE4peekEv
                0x08003206        0xa .pio/build/genericSTM32F401CC/src/main.cpp.o
                0x08003206                StreamFile<FsBaseFile, unsigned long long>::peek()
 .text._ZN10FsBaseFile4readEPvj
                0x08003210       0x20 .pio/build/genericSTM32F401CC/src/main.cpp.o
                0x08003210                FsBaseFile::read(void*, unsigned int)
 .text._ZN10FsBaseFile4readEv
                0x08003230       0x22 .pio/build/genericSTM32F401CC/src/main.cpp.o
                0x08003230                FsBaseFile::read()
 .text._ZN10StreamFileI10FsBaseFileyE4readEv
                0x08003252        0xa .pio/build/genericSTM32F401CC/src/main.cpp.o
                0x08003252                StreamFile<FsBaseFile, unsigned long long>::read()
 .text._ZN10FsBaseFile7seekSetEy
                0x0800325c       0x30 .pio/build/genericSTM32F401CC/src/main.cpp.o
                0x0800325c                FsBaseFile::seekSet(unsigned long long)
 .text._ZN10FsBaseFile4syncEv
                0x0800328c       0x1c .pio/build/genericSTM32F401CC/src/main.cpp.o
                0x0800328c                FsBaseFile::sync()
 .text._ZN10StreamFileI10FsBaseFileyE5flushEv
                0x080032a8        0xa .pio/build/genericSTM32F401CC/src/main.cpp.o
                0x080032a8                StreamFile<FsBaseFile, unsigned long long>::flush()
 .text._ZN10FsBaseFile5writeEPKvj
                0x080032b2       0x1c .pio/build/genericSTM32F401CC/src/main.cpp.o
                0x080032b2                FsBaseFile::write(void const*, unsigned int)
 .text._ZN10StreamFileI10FsBaseFileyE5writeEPKhj
                0x080032ce        0xa .pio/build/genericSTM32F401CC/src/main.cpp.o
                0x080032ce                StreamFile<FsBaseFile, unsigned long long>::write(unsigned char const*, unsigned int)
 .text._ZN10StreamFileI10FsBaseFileyE5writeEh
                0x080032d8       0x1a .pio/build/genericSTM32F401CC/src/main.cpp.o
                0x080032d8                StreamFile<FsBaseFile, unsigned long long>::write(unsigned char)
 *fill*         0x080032f2        0x2 
 .text._ZN6SdBaseI8FsVolume11FsFormatterEC2Ev
                0x080032f4       0x54 .pio/build/genericSTM32F401CC/src/main.cpp.o
                0x080032f4                SdBase<FsVolume, FsFormatter>::SdBase()
                0x080032f4                SdBase<FsVolume, FsFormatter>::SdBase()
 .text._Z41__static_initialization_and_destruction_0ii
                0x08003348       0xe8 .pio/build/genericSTM32F401CC/src/main.cpp.o
 .text.loop     0x08003430      0x158 .pio/build/genericSTM32F401CC/src/main.cpp.o
                0x08003430                loop
 .text._ZN6SdBaseI8FsVolume11FsFormatterE9cardBeginE11SdSpiConfig
                0x08003588       0x42 .pio/build/genericSTM32F401CC/src/main.cpp.o
                0x08003588                SdBase<FsVolume, FsFormatter>::cardBegin(SdSpiConfig)
 .text._ZN6SdBaseI8FsVolume11FsFormatterE11volumeBeginEv
                0x080035ca       0x2e .pio/build/genericSTM32F401CC/src/main.cpp.o
                0x080035ca                SdBase<FsVolume, FsFormatter>::volumeBegin()
 .text._ZN6SdBaseI8FsVolume11FsFormatterE5beginE11SdSpiConfig
                0x080035f8       0x24 .pio/build/genericSTM32F401CC/src/main.cpp.o
                0x080035f8                SdBase<FsVolume, FsFormatter>::begin(SdSpiConfig)
 .text.setup    0x0800361c      0x190 .pio/build/genericSTM32F401CC/src/main.cpp.o
                0x0800361c                setup
 .text._GLOBAL__sub_I_mySPI
                0x080037ac        0xe .pio/build/genericSTM32F401CC/src/main.cpp.o
 .text._GLOBAL__sub_D_mySPI
                0x080037ba        0xe .pio/build/genericSTM32F401CC/src/main.cpp.o
 .text._ZN8SPIClassC2Emmmm
                0x080037c8      0x150 .pio/build/genericSTM32F401CC/lib513/libSPI.a(SPI.cpp.o)
                0x080037c8                SPIClass::SPIClass(unsigned long, unsigned long, unsigned long, unsigned long)
                0x080037c8                SPIClass::SPIClass(unsigned long, unsigned long, unsigned long, unsigned long)
 .text._Z41__static_initialization_and_destruction_0ii
                0x08003918       0x2c .pio/build/genericSTM32F401CC/lib513/libSPI.a(SPI.cpp.o)
 .text._ZN8SPIClass5beginE13SPIDeviceMode
                0x08003944       0x54 .pio/build/genericSTM32F401CC/lib513/libSPI.a(SPI.cpp.o)
                0x08003944                SPIClass::begin(SPIDeviceMode)
 .text._ZN8SPIClass16beginTransactionE11SPISettings
                0x08003998       0x52 .pio/build/genericSTM32F401CC/lib513/libSPI.a(SPI.cpp.o)
                0x08003998                SPIClass::beginTransaction(SPISettings)
 .text._ZN8SPIClass14endTransactionEv
                0x080039ea        0x2 .pio/build/genericSTM32F401CC/lib513/libSPI.a(SPI.cpp.o)
                0x080039ea                SPIClass::endTransaction()
 .text._ZN8SPIClass8transferEhb
                0x080039ec       0x26 .pio/build/genericSTM32F401CC/lib513/libSPI.a(SPI.cpp.o)
                0x080039ec                SPIClass::transfer(unsigned char, bool)
 .text._ZN8SPIClass8transferEPvjb
                0x08003a12       0x16 .pio/build/genericSTM32F401CC/lib513/libSPI.a(SPI.cpp.o)
                0x08003a12                SPIClass::transfer(void*, unsigned int, bool)
 .text._ZN8SPIClass8transferEPKvPvj
                0x08003a28        0xa .pio/build/genericSTM32F401CC/lib513/libSPI.a(SPI.cpp.o)
                0x08003a28                SPIClass::transfer(void const*, void*, unsigned int)
 .text._GLOBAL__sub_I_SPI
                0x08003a32        0xe .pio/build/genericSTM32F401CC/lib513/libSPI.a(SPI.cpp.o)
 .text.LL_GPIO_SetPinPull
                0x08003a40       0x3c .pio/build/genericSTM32F401CC/lib513/libSPI.a(spi_com.c.o)
 .text.pin_PullConfig
                0x08003a7c       0x22 .pio/build/genericSTM32F401CC/lib513/libSPI.a(spi_com.c.o)
 *fill*         0x08003a9e        0x2 
 .text.spi_getClkFreqInst
                0x08003aa0       0x54 .pio/build/genericSTM32F401CC/lib513/libSPI.a(spi_com.c.o)
                0x08003aa0                spi_getClkFreqInst
 .text.spi_init
                0x08003af4      0x2a0 .pio/build/genericSTM32F401CC/lib513/libSPI.a(spi_com.c.o)
                0x08003af4                spi_init
 .text.spi_transfer
                0x08003d94       0x80 .pio/build/genericSTM32F401CC/lib513/libSPI.a(spi_com.c.o)
                0x08003d94                spi_transfer
 .text._ZN5Print5flushEv
                0x08003e14        0x2 .pio/build/genericSTM32F401CC/lib41b/libTFT_eSPI.a(TFT_eSPI.cpp.o)
                0x08003e14                Print::flush()
 .text._ZN8TFT_eSPI5widthEv
                0x08003e16       0x12 .pio/build/genericSTM32F401CC/lib41b/libTFT_eSPI.a(TFT_eSPI.cpp.o)
                0x08003e16                TFT_eSPI::width()
 .text._ZN8TFT_eSPI6heightEv
                0x08003e28       0x12 .pio/build/genericSTM32F401CC/lib41b/libTFT_eSPI.a(TFT_eSPI.cpp.o)
                0x08003e28                TFT_eSPI::height()
 *fill*         0x08003e3a        0x2 
 .text._ZN8TFT_eSPI9setWindowEllll
                0x08003e3c      0x264 .pio/build/genericSTM32F401CC/lib41b/libTFT_eSPI.a(TFT_eSPI.cpp.o)
                0x08003e3c                TFT_eSPI::setWindow(long, long, long, long)
 .text._ZN8TFT_eSPI8drawCharEtll
                0x080040a0       0x12 .pio/build/genericSTM32F401CC/lib41b/libTFT_eSPI.a(TFT_eSPI.cpp.o)
                0x080040a0                TFT_eSPI::drawChar(unsigned short, long, long)
 *fill*         0x080040b2        0x2 
 .text._ZN8TFT_eSPI15begin_nin_writeEv
                0x080040b4       0x70 .pio/build/genericSTM32F401CC/lib41b/libTFT_eSPI.a(TFT_eSPI.cpp.o)
                0x080040b4                TFT_eSPI::begin_nin_write()
 .text._ZN8TFT_eSPI13end_nin_writeEv
                0x08004124       0x6c .pio/build/genericSTM32F401CC/lib41b/libTFT_eSPI.a(TFT_eSPI.cpp.o)
                0x08004124                TFT_eSPI::end_nin_write()
 .text._ZN8TFT_eSPI8drawCharElltmmh
                0x08004190      0x5b4 .pio/build/genericSTM32F401CC/lib41b/libTFT_eSPI.a(TFT_eSPI.cpp.o)
                0x08004190                TFT_eSPI::drawChar(long, long, unsigned short, unsigned long, unsigned long, unsigned char)
 .text._ZN8TFT_eSPI9drawPixelEllm
                0x08004744      0x3a0 .pio/build/genericSTM32F401CC/lib41b/libTFT_eSPI.a(TFT_eSPI.cpp.o)
                0x08004744                TFT_eSPI::drawPixel(long, long, unsigned long)
 .text._ZN8TFT_eSPI9pushColorEt
                0x08004ae4      0x108 .pio/build/genericSTM32F401CC/lib41b/libTFT_eSPI.a(TFT_eSPI.cpp.o)
                0x08004ae4                TFT_eSPI::pushColor(unsigned short)
 .text._ZN8TFT_eSPI8drawLineEllllm
                0x08004bec      0x1ac .pio/build/genericSTM32F401CC/lib41b/libTFT_eSPI.a(TFT_eSPI.cpp.o)
                0x08004bec                TFT_eSPI::drawLine(long, long, long, long, unsigned long)
 .text._Z41__static_initialization_and_destruction_0ii
                0x08004d98       0x2c .pio/build/genericSTM32F401CC/lib41b/libTFT_eSPI.a(TFT_eSPI.cpp.o)
 .text._ZN8TFT_eSPI9pushBlockEtm
                0x08004dc4      0x720 .pio/build/genericSTM32F401CC/lib41b/libTFT_eSPI.a(TFT_eSPI.cpp.o)
                0x08004dc4                TFT_eSPI::pushBlock(unsigned short, unsigned long)
 .text._ZN8TFT_eSPI13drawFastVLineElllm
                0x080054e4      0x134 .pio/build/genericSTM32F401CC/lib41b/libTFT_eSPI.a(TFT_eSPI.cpp.o)
                0x080054e4                TFT_eSPI::drawFastVLine(long, long, long, unsigned long)
 .text._ZN8TFT_eSPI13drawFastHLineElllm
                0x08005618      0x134 .pio/build/genericSTM32F401CC/lib41b/libTFT_eSPI.a(TFT_eSPI.cpp.o)
                0x08005618                TFT_eSPI::drawFastHLine(long, long, long, unsigned long)
 .text._ZN8TFT_eSPI8fillRectEllllm
                0x0800574c      0x158 .pio/build/genericSTM32F401CC/lib41b/libTFT_eSPI.a(TFT_eSPI.cpp.o)
                0x0800574c                TFT_eSPI::fillRect(long, long, long, long, unsigned long)
 .text._ZN8TFT_eSPI8drawCharEtllh
                0x080058a4      0x95c .pio/build/genericSTM32F401CC/lib41b/libTFT_eSPI.a(TFT_eSPI.cpp.o)
                0x080058a4                TFT_eSPI::drawChar(unsigned short, long, long, unsigned char)
 .text._ZN8TFT_eSPI10pushPixelsEPKvm
                0x08006200       0x88 .pio/build/genericSTM32F401CC/lib41b/libTFT_eSPI.a(TFT_eSPI.cpp.o)
                0x08006200                TFT_eSPI::pushPixels(void const*, unsigned long)
 .text._ZN8TFT_eSPI7dmaBusyEv
                0x08006288       0x18 .pio/build/genericSTM32F401CC/lib41b/libTFT_eSPI.a(TFT_eSPI.cpp.o)
                0x08006288                TFT_eSPI::dmaBusy()
 .text.DMA2_Stream3_IRQHandler
                0x080062a0       0x10 .pio/build/genericSTM32F401CC/lib41b/libTFT_eSPI.a(TFT_eSPI.cpp.o)
                0x080062a0                DMA2_Stream3_IRQHandler
 .text._ZN8TFT_eSPI13resetViewportEv
                0x080062b0       0x40 .pio/build/genericSTM32F401CC/lib41b/libTFT_eSPI.a(TFT_eSPI.cpp.o)
                0x080062b0                TFT_eSPI::resetViewport()
 .text._ZN8TFT_eSPIC2Ess
                0x080062f0      0x118 .pio/build/genericSTM32F401CC/lib41b/libTFT_eSPI.a(TFT_eSPI.cpp.o)
                0x080062f0                TFT_eSPI::TFT_eSPI(short, short)
                0x080062f0                TFT_eSPI::TFT_eSPI(short, short)
 .text._ZN8TFT_eSPI7initBusEv
                0x08006408       0x34 .pio/build/genericSTM32F401CC/lib41b/libTFT_eSPI.a(TFT_eSPI.cpp.o)
                0x08006408                TFT_eSPI::initBus()
 .text._ZN8TFT_eSPI12writecommandEh
                0x0800643c      0x144 .pio/build/genericSTM32F401CC/lib41b/libTFT_eSPI.a(TFT_eSPI.cpp.o)
                0x0800643c                TFT_eSPI::writecommand(unsigned char)
 .text._ZN8TFT_eSPI9writedataEh
                0x08006580      0x140 .pio/build/genericSTM32F401CC/lib41b/libTFT_eSPI.a(TFT_eSPI.cpp.o)
                0x08006580                TFT_eSPI::writedata(unsigned char)
 .text._ZN8TFT_eSPI11setRotationEh
                0x080066c0      0x318 .pio/build/genericSTM32F401CC/lib41b/libTFT_eSPI.a(TFT_eSPI.cpp.o)
                0x080066c0                TFT_eSPI::setRotation(unsigned char)
 .text._ZN8TFT_eSPI9pushImageEllllPKhbPt
                0x080069d8      0x39c .pio/build/genericSTM32F401CC/lib41b/libTFT_eSPI.a(TFT_eSPI.cpp.o)
                0x080069d8                TFT_eSPI::pushImage(long, long, long, long, unsigned char const*, bool, unsigned short*)
 .text._ZN8TFT_eSPI10fillScreenEm
                0x08006d74       0x1a .pio/build/genericSTM32F401CC/lib41b/libTFT_eSPI.a(TFT_eSPI.cpp.o)
                0x08006d74                TFT_eSPI::fillScreen(unsigned long)
 *fill*         0x08006d8e        0x2 
 .text._ZN8TFT_eSPI4initEh
                0x08006d90      0x554 .pio/build/genericSTM32F401CC/lib41b/libTFT_eSPI.a(TFT_eSPI.cpp.o)
                0x08006d90                TFT_eSPI::init(unsigned char)
 .text._ZN8TFT_eSPI8drawRectEllllm
                0x080072e4       0xe4 .pio/build/genericSTM32F401CC/lib41b/libTFT_eSPI.a(TFT_eSPI.cpp.o)
                0x080072e4                TFT_eSPI::drawRect(long, long, long, long, unsigned long)
 .text._ZN8TFT_eSPI9setCursorEss
                0x080073c8        0xa .pio/build/genericSTM32F401CC/lib41b/libTFT_eSPI.a(TFT_eSPI.cpp.o)
                0x080073c8                TFT_eSPI::setCursor(short, short)
 .text._ZN8TFT_eSPI11setTextSizeEh
                0x080073d2       0x10 .pio/build/genericSTM32F401CC/lib41b/libTFT_eSPI.a(TFT_eSPI.cpp.o)
                0x080073d2                TFT_eSPI::setTextSize(unsigned char)
 .text._ZN8TFT_eSPI12setTextColorEt
                0x080073e2        0x6 .pio/build/genericSTM32F401CC/lib41b/libTFT_eSPI.a(TFT_eSPI.cpp.o)
                0x080073e2                TFT_eSPI::setTextColor(unsigned short)
 .text._ZN8TFT_eSPI12setTextColorEttb
                0x080073e8        0xa .pio/build/genericSTM32F401CC/lib41b/libTFT_eSPI.a(TFT_eSPI.cpp.o)
                0x080073e8                TFT_eSPI::setTextColor(unsigned short, unsigned short, bool)
 .text._ZN8TFT_eSPI14setBitmapColorEtt
                0x080073f2       0x10 .pio/build/genericSTM32F401CC/lib41b/libTFT_eSPI.a(TFT_eSPI.cpp.o)
                0x080073f2                TFT_eSPI::setBitmapColor(unsigned short, unsigned short)
 .text._ZN8TFT_eSPI12setTextDatumEh
                0x08007402        0x4 .pio/build/genericSTM32F401CC/lib41b/libTFT_eSPI.a(TFT_eSPI.cpp.o)
                0x08007402                TFT_eSPI::setTextDatum(unsigned char)
 *fill*         0x08007406        0x2 
 .text._ZN8TFT_eSPI10fontHeightEs
                0x08007408       0x40 .pio/build/genericSTM32F401CC/lib41b/libTFT_eSPI.a(TFT_eSPI.cpp.o)
                0x08007408                TFT_eSPI::fontHeight(short)
 .text._ZN8TFT_eSPI10fontHeightEv
                0x08007448        0xa .pio/build/genericSTM32F401CC/lib41b/libTFT_eSPI.a(TFT_eSPI.cpp.o)
                0x08007448                TFT_eSPI::fontHeight()
 *fill*         0x08007452        0x2 
 .text._ZN8TFT_eSPI14readAddrWindowEllll
                0x08007454      0x25c .pio/build/genericSTM32F401CC/lib41b/libTFT_eSPI.a(TFT_eSPI.cpp.o)
                0x08007454                TFT_eSPI::readAddrWindow(long, long, long, long)
 .text._ZN8TFT_eSPI10startWriteEv
                0x080076b0       0x7c .pio/build/genericSTM32F401CC/lib41b/libTFT_eSPI.a(TFT_eSPI.cpp.o)
                0x080076b0                TFT_eSPI::startWrite()
 .text._ZN8TFT_eSPI8endWriteEv
                0x0800772c       0x88 .pio/build/genericSTM32F401CC/lib41b/libTFT_eSPI.a(TFT_eSPI.cpp.o)
                0x0800772c                TFT_eSPI::endWrite()
 .text._ZN8TFT_eSPI8color565Ehhh
                0x080077b4       0x18 .pio/build/genericSTM32F401CC/lib41b/libTFT_eSPI.a(TFT_eSPI.cpp.o)
                0x080077b4                TFT_eSPI::color565(unsigned char, unsigned char, unsigned char)
 .text._ZN8TFT_eSPI9readPixelEll
                0x080077cc      0x240 .pio/build/genericSTM32F401CC/lib41b/libTFT_eSPI.a(TFT_eSPI.cpp.o)
                0x080077cc                TFT_eSPI::readPixel(long, long)
 .text._ZN8TFT_eSPI10decodeUTF8Eh
                0x08007a0c       0x8a .pio/build/genericSTM32F401CC/lib41b/libTFT_eSPI.a(TFT_eSPI.cpp.o)
                0x08007a0c                TFT_eSPI::decodeUTF8(unsigned char)
 *fill*         0x08007a96        0x2 
 .text._ZN8TFT_eSPI5writeEh
                0x08007a98      0x208 .pio/build/genericSTM32F401CC/lib41b/libTFT_eSPI.a(TFT_eSPI.cpp.o)
                0x08007a98                TFT_eSPI::write(unsigned char)
 .text._ZN8TFT_eSPI10decodeUTF8EPhPtt
                0x08007ca0       0x86 .pio/build/genericSTM32F401CC/lib41b/libTFT_eSPI.a(TFT_eSPI.cpp.o)
                0x08007ca0                TFT_eSPI::decodeUTF8(unsigned char*, unsigned short*, unsigned short)
 .text._ZN8TFT_eSPI10alphaBlendEhtt
                0x08007d26       0x3c .pio/build/genericSTM32F401CC/lib41b/libTFT_eSPI.a(TFT_eSPI.cpp.o)
                0x08007d26                TFT_eSPI::alphaBlend(unsigned char, unsigned short, unsigned short)
 .text._ZN8TFT_eSPI11setTextFontEh
                0x08007d62       0x10 .pio/build/genericSTM32F401CC/lib41b/libTFT_eSPI.a(TFT_eSPI.cpp.o)
                0x08007d62                TFT_eSPI::setTextFont(unsigned char)
 .text._ZN8TFT_eSPI10unloadFontEv
                0x08007d72       0x80 .pio/build/genericSTM32F401CC/lib41b/libTFT_eSPI.a(TFT_eSPI.cpp.o)
                0x08007d72                TFT_eSPI::unloadFont()
 .text._ZN8TFT_eSPI9readInt32Ev
                0x08007df2       0x34 .pio/build/genericSTM32F401CC/lib41b/libTFT_eSPI.a(TFT_eSPI.cpp.o)
                0x08007df2                TFT_eSPI::readInt32()
 *fill*         0x08007e26        0x2 
 .text._ZN8TFT_eSPI11loadMetricsEv
                0x08007e28      0x148 .pio/build/genericSTM32F401CC/lib41b/libTFT_eSPI.a(TFT_eSPI.cpp.o)
                0x08007e28                TFT_eSPI::loadMetrics()
 .text._ZN8TFT_eSPI8loadFontE6Stringb
                0x08007f70       0x80 .pio/build/genericSTM32F401CC/lib41b/libTFT_eSPI.a(TFT_eSPI.cpp.o)
                0x08007f70                TFT_eSPI::loadFont(String, bool)
 .text._ZN8TFT_eSPI8loadFontEPKh
                0x08007ff0       0x30 .pio/build/genericSTM32F401CC/lib41b/libTFT_eSPI.a(TFT_eSPI.cpp.o)
                0x08007ff0                TFT_eSPI::loadFont(unsigned char const*)
 .text._ZN8TFT_eSPI15getUnicodeIndexEtPt
                0x08008020       0x36 .pio/build/genericSTM32F401CC/lib41b/libTFT_eSPI.a(TFT_eSPI.cpp.o)
                0x08008020                TFT_eSPI::getUnicodeIndex(unsigned short, unsigned short*)
 *fill*         0x08008056        0x2 
 .text._ZN8TFT_eSPI9textWidthEPKch
                0x08008058      0x148 .pio/build/genericSTM32F401CC/lib41b/libTFT_eSPI.a(TFT_eSPI.cpp.o)
                0x08008058                TFT_eSPI::textWidth(char const*, unsigned char)
 .text._ZN8TFT_eSPI9textWidthERK6String
                0x080081a0       0x2e .pio/build/genericSTM32F401CC/lib41b/libTFT_eSPI.a(TFT_eSPI.cpp.o)
                0x080081a0                TFT_eSPI::textWidth(String const&)
 *fill*         0x080081ce        0x2 
 .text._ZN8TFT_eSPI10drawStringEPKcllh
                0x080081d0      0x3b8 .pio/build/genericSTM32F401CC/lib41b/libTFT_eSPI.a(TFT_eSPI.cpp.o)
                0x080081d0                TFT_eSPI::drawString(char const*, long, long, unsigned char)
 .text._ZN8TFT_eSPI10drawStringEPKcll
                0x08008588       0x10 .pio/build/genericSTM32F401CC/lib41b/libTFT_eSPI.a(TFT_eSPI.cpp.o)
                0x08008588                TFT_eSPI::drawString(char const*, long, long)
 .text._ZN8TFT_eSPI9drawGlyphEt
                0x08008598      0x474 .pio/build/genericSTM32F401CC/lib41b/libTFT_eSPI.a(TFT_eSPI.cpp.o)
                0x08008598                TFT_eSPI::drawGlyph(unsigned short)
 .text._GLOBAL__sub_I_spi
                0x08008a0c        0xe .pio/build/genericSTM32F401CC/lib41b/libTFT_eSPI.a(TFT_eSPI.cpp.o)
 .text._ZN7FsCache13cacheSafeReadEmPh
                0x08008a1a       0x26 .pio/build/genericSTM32F401CC/liba19/libSdFat.a(ExFatFile.cpp.o)
                0x08008a1a                FsCache::cacheSafeRead(unsigned long, unsigned char*)
 .text._ZN7FsCache13cacheSafeReadEmPhj
                0x08008a40       0x2a .pio/build/genericSTM32F401CC/liba19/libSdFat.a(ExFatFile.cpp.o)
                0x08008a40                FsCache::cacheSafeRead(unsigned long, unsigned char*, unsigned int)
 .text._Z15lfnReservedCharh
                0x08008a6a       0x6e .pio/build/genericSTM32F401CC/liba19/libSdFat.a(ExFatFile.cpp.o)
                0x08008a6a                lfnReservedChar(unsigned char)
 .text._Z12lfnLegalCharh
                0x08008ad8       0x18 .pio/build/genericSTM32F401CC/liba19/libSdFat.a(ExFatFile.cpp.o)
                0x08008ad8                lfnLegalChar(unsigned char)
 .text._ZN9ExFatFile8dirCacheEhh
                0x08008af0       0x38 .pio/build/genericSTM32F401CC/liba19/libSdFat.a(ExFatFile.cpp.o)
                0x08008af0                ExFatFile::dirCache(unsigned char, unsigned char)
 .text._ZN9ExFatFile5closeEv
                0x08008b28       0x14 .pio/build/genericSTM32F401CC/liba19/libSdFat.a(ExFatFile.cpp.o)
                0x08008b28                ExFatFile::close()
 .text._ZN9ExFatFile8openRootEP11ExFatVolume
                0x08008b3c       0x28 .pio/build/genericSTM32F401CC/liba19/libSdFat.a(ExFatFile.cpp.o)
                0x08008b3c                ExFatFile::openRoot(ExFatVolume*)
 .text._ZN9ExFatFile13parsePathNameEPKcP8ExName_tPS1_
                0x08008b64       0x5a .pio/build/genericSTM32F401CC/liba19/libSdFat.a(ExFatFile.cpp.o)
                0x08008b64                ExFatFile::parsePathName(char const*, ExName_t*, char const**)
 .text._ZN9ExFatFile7seekSetEy
                0x08008bbe       0xe8 .pio/build/genericSTM32F401CC/liba19/libSdFat.a(ExFatFile.cpp.o)
                0x08008bbe                ExFatFile::seekSet(unsigned long long)
 .text._ZN9ExFatFile8truncateEy
                0x08008ca6       0x14 .pio/build/genericSTM32F401CC/liba19/libSdFat.a(ExFatFile.cpp.o)
                0x08008ca6                ExFatFile::truncate(unsigned long long)
 .text._ZN9ExFatFile4readEPvj
                0x08008cba      0x1bc .pio/build/genericSTM32F401CC/liba19/libSdFat.a(ExFatFile.cpp.o)
                0x08008cba                ExFatFile::read(void*, unsigned int)
 .text._ZN9ExFatFile4readEv
                0x08008e76       0x22 .pio/build/genericSTM32F401CC/liba19/libSdFat.a(ExFatFile.cpp.o)
                0x08008e76                ExFatFile::read()
 .text._ZN9ExFatFile4peekEv
                0x08008e98       0x16 .pio/build/genericSTM32F401CC/liba19/libSdFat.a(ExFatFile.cpp.o)
                0x08008e98                ExFatFile::peek()
 *fill*         0x08008eae        0x2 
 .text._ZN9ExFatFile11openPrivateEPS_P8ExName_ti
                0x08008eb0      0x388 .pio/build/genericSTM32F401CC/liba19/libSdFat.a(ExFatFile.cpp.o)
                0x08008eb0                ExFatFile::openPrivate(ExFatFile*, ExName_t*, int)
 .text._ZN9ExFatFile4openEPS_PKci
                0x08009238       0xdc .pio/build/genericSTM32F401CC/liba19/libSdFat.a(ExFatFile.cpp.o)
                0x08009238                ExFatFile::open(ExFatFile*, char const*, int)
 .text._ZN9ExFatFile4openEP11ExFatVolumePKci
                0x08009314       0x12 .pio/build/genericSTM32F401CC/liba19/libSdFat.a(ExFatFile.cpp.o)
                0x08009314                ExFatFile::open(ExFatVolume*, char const*, int)
 .text._ZL16exFatDirChecksumPKht
                0x08009326       0x3c .pio/build/genericSTM32F401CC/liba19/libSdFat.a(ExFatFileWrite.cpp.o)
 .text._ZN7FsCache14cacheSafeWriteEmPKh
                0x08009362       0x1c .pio/build/genericSTM32F401CC/liba19/libSdFat.a(ExFatFileWrite.cpp.o)
                0x08009362                FsCache::cacheSafeWrite(unsigned long, unsigned char const*)
 .text._ZN7FsCache14cacheSafeWriteEmPKhj
                0x0800937e       0x22 .pio/build/genericSTM32F401CC/liba19/libSdFat.a(ExFatFileWrite.cpp.o)
                0x0800937e                FsCache::cacheSafeWrite(unsigned long, unsigned char const*, unsigned int)
 .text._ZN14ExFatPartition9cacheSyncEv
                0x080093a0       0x22 .pio/build/genericSTM32F401CC/liba19/libSdFat.a(ExFatFileWrite.cpp.o)
                0x080093a0                ExFatPartition::cacheSync()
 .text._ZN9ExFatFile10addClusterEv
                0x080093c2       0xa0 .pio/build/genericSTM32F401CC/liba19/libSdFat.a(ExFatFileWrite.cpp.o)
                0x080093c2                ExFatFile::addCluster()
 *fill*         0x08009462        0x2 
 .text._ZN9ExFatFile7syncDirEv
                0x08009464       0xf4 .pio/build/genericSTM32F401CC/liba19/libSdFat.a(ExFatFileWrite.cpp.o)
                0x08009464                ExFatFile::syncDir()
 .text._ZN9ExFatFile4syncEv
                0x08009558       0x3e .pio/build/genericSTM32F401CC/liba19/libSdFat.a(ExFatFileWrite.cpp.o)
                0x08009558                ExFatFile::sync()
 .text._ZN9ExFatFile13addDirClusterEv
                0x08009596       0xb8 .pio/build/genericSTM32F401CC/liba19/libSdFat.a(ExFatFileWrite.cpp.o)
                0x08009596                ExFatFile::addDirCluster()
 .text._ZN9ExFatFile8truncateEv
                0x0800964e       0xf2 .pio/build/genericSTM32F401CC/liba19/libSdFat.a(ExFatFileWrite.cpp.o)
                0x0800964e                ExFatFile::truncate()
 .text._ZN9ExFatFile5writeEPKvj
                0x08009740      0x260 .pio/build/genericSTM32F401CC/liba19/libSdFat.a(ExFatFileWrite.cpp.o)
                0x08009740                ExFatFile::write(void const*, unsigned int)
 .text._ZL7toUpperc
                0x080099a0       0x10 .pio/build/genericSTM32F401CC/liba19/libSdFat.a(ExFatName.cpp.o)
 .text._Z9exFatHashct
                0x080099b0       0x20 .pio/build/genericSTM32F401CC/liba19/libSdFat.a(ExFatName.cpp.o)
                0x080099b0                exFatHash(char, unsigned short)
 .text._ZN9ExFatFile7cmpNameEPK9DirName_tP8ExName_t
                0x080099d0       0x54 .pio/build/genericSTM32F401CC/liba19/libSdFat.a(ExFatName.cpp.o)
                0x080099d0                ExFatFile::cmpName(DirName_t const*, ExName_t*)
 .text._ZN9ExFatFile8hashNameEP8ExName_t
                0x08009a24       0x3c .pio/build/genericSTM32F401CC/liba19/libSdFat.a(ExFatName.cpp.o)
                0x08009a24                ExFatFile::hashName(ExName_t*)
 .text._ZN14ExFatPartition10bitmapFindEmm
                0x08009a60       0xa2 .pio/build/genericSTM32F401CC/liba19/libSdFat.a(ExFatPartition.cpp.o)
                0x08009a60                ExFatPartition::bitmapFind(unsigned long, unsigned long)
 .text._ZN14ExFatPartition12bitmapModifyEmmb
                0x08009b02       0xa4 .pio/build/genericSTM32F401CC/liba19/libSdFat.a(ExFatPartition.cpp.o)
                0x08009b02                ExFatPartition::bitmapModify(unsigned long, unsigned long, bool)
 .text._ZN14ExFatPartition8dirCacheEPK8DirPos_th
                0x08009ba6       0x3a .pio/build/genericSTM32F401CC/liba19/libSdFat.a(ExFatPartition.cpp.o)
                0x08009ba6                ExFatPartition::dirCache(DirPos_t const*, unsigned char)
 .text._ZN14ExFatPartition6fatGetEmPm
                0x08009be0       0x48 .pio/build/genericSTM32F401CC/liba19/libSdFat.a(ExFatPartition.cpp.o)
                0x08009be0                ExFatPartition::fatGet(unsigned long, unsigned long*)
 .text._ZN14ExFatPartition9chainSizeEm
                0x08009c28       0x28 .pio/build/genericSTM32F401CC/liba19/libSdFat.a(ExFatPartition.cpp.o)
                0x08009c28                ExFatPartition::chainSize(unsigned long)
 .text._ZN14ExFatPartition7dirSeekEP8DirPos_tm
                0x08009c50       0x46 .pio/build/genericSTM32F401CC/liba19/libSdFat.a(ExFatPartition.cpp.o)
                0x08009c50                ExFatPartition::dirSeek(DirPos_t*, unsigned long)
 .text._ZN14ExFatPartition6fatPutEmm
                0x08009c96       0x40 .pio/build/genericSTM32F401CC/liba19/libSdFat.a(ExFatPartition.cpp.o)
                0x08009c96                ExFatPartition::fatPut(unsigned long, unsigned long)
 .text._ZN14ExFatPartition9freeChainEm
                0x08009cd6       0x5e .pio/build/genericSTM32F401CC/liba19/libSdFat.a(ExFatPartition.cpp.o)
                0x08009cd6                ExFatPartition::freeChain(unsigned long)
 .text._ZN14ExFatPartition4initEP9SdSpiCardhm
                0x08009d34       0xf8 .pio/build/genericSTM32F401CC/liba19/libSdFat.a(ExFatPartition.cpp.o)
                0x08009d34                ExFatPartition::init(SdSpiCard*, unsigned char, unsigned long)
 .text._ZN14ExFatPartition10rootLengthEv
                0x08009e2c       0x18 .pio/build/genericSTM32F401CC/liba19/libSdFat.a(ExFatPartition.cpp.o)
                0x08009e2c                ExFatPartition::rootLength()
 .text._ZN12FatPartition9cacheSyncEv
                0x08009e44       0x22 .pio/build/genericSTM32F401CC/liba19/libSdFat.a(FatFile.cpp.o)
                0x08009e44                FatPartition::cacheSync()
 .text._ZN7FatFile10addClusterEv
                0x08009e66       0x3a .pio/build/genericSTM32F401CC/liba19/libSdFat.a(FatFile.cpp.o)
                0x08009e66                FatFile::addCluster()
 .text._ZN7FatFile13addDirClusterEv
                0x08009ea0       0x74 .pio/build/genericSTM32F401CC/liba19/libSdFat.a(FatFile.cpp.o)
                0x08009ea0                FatFile::addDirCluster()
 .text._ZN7FatFile13cacheDirEntryEh
                0x08009f14       0x22 .pio/build/genericSTM32F401CC/liba19/libSdFat.a(FatFile.cpp.o)
                0x08009f14                FatFile::cacheDirEntry(unsigned char)
 .text._ZN7FatFile8openRootEP9FatVolume
                0x08009f36       0x36 .pio/build/genericSTM32F401CC/liba19/libSdFat.a(FatFile.cpp.o)
                0x08009f36                FatFile::openRoot(FatVolume*)
 .text._ZN7FatFile11readPrivateEPvjPP8DirFat_t
                0x08009f6c      0x16a .pio/build/genericSTM32F401CC/liba19/libSdFat.a(FatFile.cpp.o)
                0x08009f6c                FatFile::readPrivate(void*, unsigned int, DirFat_t**)
 .text._ZN7FatFile4readEv
                0x0800a0d6       0x24 .pio/build/genericSTM32F401CC/liba19/libSdFat.a(FatFile.cpp.o)
                0x0800a0d6                FatFile::read()
 .text._ZN7FatFile4peekEv
                0x0800a0fa       0x12 .pio/build/genericSTM32F401CC/liba19/libSdFat.a(FatFile.cpp.o)
                0x0800a0fa                FatFile::peek()
 .text._ZN7FatFile12readDirCacheEv
                0x0800a10c       0x20 .pio/build/genericSTM32F401CC/liba19/libSdFat.a(FatFile.cpp.o)
                0x0800a10c                FatFile::readDirCache()
 .text._ZN7FatFile7seekSetEm
                0x0800a12c       0xa4 .pio/build/genericSTM32F401CC/liba19/libSdFat.a(FatFile.cpp.o)
                0x0800a12c                FatFile::seekSet(unsigned long)
 .text._ZN7FatFile8cacheDirEt
                0x0800a1d0       0x18 .pio/build/genericSTM32F401CC/liba19/libSdFat.a(FatFile.cpp.o)
                0x0800a1d0                FatFile::cacheDir(unsigned short)
 .text._ZN7FatFile15openCachedEntryEPS_tih
                0x0800a1e8       0xe0 .pio/build/genericSTM32F401CC/liba19/libSdFat.a(FatFile.cpp.o)
                0x0800a1e8                FatFile::openCachedEntry(FatFile*, unsigned short, int, unsigned char)
 .text._ZN7FatFile4syncEv
                0x0800a2c8       0x8c .pio/build/genericSTM32F401CC/liba19/libSdFat.a(FatFile.cpp.o)
                0x0800a2c8                FatFile::sync()
 .text._ZN7FatFile5closeEv
                0x0800a354       0x10 .pio/build/genericSTM32F401CC/liba19/libSdFat.a(FatFile.cpp.o)
                0x0800a354                FatFile::close()
 .text._ZN7FatFile4openEPS_PKci
                0x0800a364       0xc4 .pio/build/genericSTM32F401CC/liba19/libSdFat.a(FatFile.cpp.o)
                0x0800a364                FatFile::open(FatFile*, char const*, int)
 .text._ZN7FatFile4openEP9FatVolumePKci
                0x0800a428       0x12 .pio/build/genericSTM32F401CC/liba19/libSdFat.a(FatFile.cpp.o)
                0x0800a428                FatFile::open(FatVolume*, char const*, int)
 *fill*         0x0800a43a        0x2 
 .text._ZN7FatFile5writeEPKvj
                0x0800a43c      0x17c .pio/build/genericSTM32F401CC/liba19/libSdFat.a(FatFile.cpp.o)
                0x0800a43c                FatFile::write(void const*, unsigned int)
 .text._ZL7isLowerc
                0x0800a5b8        0xe .pio/build/genericSTM32F401CC/liba19/libSdFat.a(FatFileLFN.cpp.o)
 .text._ZL7isUpperc
                0x0800a5c6        0xe .pio/build/genericSTM32F401CC/liba19/libSdFat.a(FatFileLFN.cpp.o)
 .text._ZL10putLfnCharP8DirLfn_tht
                0x0800a5d4       0x28 .pio/build/genericSTM32F401CC/liba19/libSdFat.a(FatFileLFN.cpp.o)
 .text._Z15sfnReservedCharh
                0x0800a5fc       0x4a .pio/build/genericSTM32F401CC/liba19/libSdFat.a(FatFileLFN.cpp.o)
                0x0800a5fc                sfnReservedChar(unsigned char)
 .text._ZN7FatFile7cmpNameEtP8FatLfn_th
                0x0800a646       0xb6 .pio/build/genericSTM32F401CC/liba19/libSdFat.a(FatFileLFN.cpp.o)
                0x0800a646                FatFile::cmpName(unsigned short, FatLfn_t*, unsigned char)
 .text._ZN7FatFile9createLFNEtP8FatLfn_th
                0x0800a6fc       0xe0 .pio/build/genericSTM32F401CC/liba19/libSdFat.a(FatFileLFN.cpp.o)
                0x0800a6fc                FatFile::createLFN(unsigned short, FatLfn_t*, unsigned char)
 .text._ZN7FatFile7makeSFNEP8FatLfn_t
                0x0800a7dc      0x14c .pio/build/genericSTM32F401CC/liba19/libSdFat.a(FatFileLFN.cpp.o)
                0x0800a7dc                FatFile::makeSFN(FatLfn_t*)
 .text._ZN7FatFile13makeUniqueSfnEP8FatLfn_t
                0x0800a928       0xa6 .pio/build/genericSTM32F401CC/liba19/libSdFat.a(FatFileLFN.cpp.o)
                0x0800a928                FatFile::makeUniqueSfn(FatLfn_t*)
 *fill*         0x0800a9ce        0x2 
 .text._ZN7FatFile4openEPS_P8FatLfn_ti
                0x0800a9d0      0x2a4 .pio/build/genericSTM32F401CC/liba19/libSdFat.a(FatFileLFN.cpp.o)
                0x0800a9d0                FatFile::open(FatFile*, FatLfn_t*, int)
 .text._ZN7FatFile13parsePathNameEPKcP8FatLfn_tPS1_
                0x0800ac74       0x70 .pio/build/genericSTM32F401CC/liba19/libSdFat.a(FatFileLFN.cpp.o)
                0x0800ac74                FatFile::parsePathName(char const*, FatLfn_t*, char const**)
 .text._ZN7FatFile10getLfnCharEPK8DirLfn_th
                0x0800ace4       0x2c .pio/build/genericSTM32F401CC/liba19/libSdFat.a(FatName.cpp.o)
                0x0800ace4                FatFile::getLfnChar(DirLfn_t const*, unsigned char)
 .text._ZN12FatPartition6fatGetEmPm
                0x0800ad10       0x8e .pio/build/genericSTM32F401CC/liba19/libSdFat.a(FatPartition.cpp.o)
                0x0800ad10                FatPartition::fatGet(unsigned long, unsigned long*)
 .text._ZN12FatPartition6fatPutEmm
                0x0800ad9e       0x80 .pio/build/genericSTM32F401CC/liba19/libSdFat.a(FatPartition.cpp.o)
                0x0800ad9e                FatPartition::fatPut(unsigned long, unsigned long)
 .text._ZN12FatPartition15allocateClusterEmPm
                0x0800ae1e       0x82 .pio/build/genericSTM32F401CC/liba19/libSdFat.a(FatPartition.cpp.o)
                0x0800ae1e                FatPartition::allocateCluster(unsigned long, unsigned long*)
 .text._ZN12FatPartition9freeChainEm
                0x0800aea0       0x3e .pio/build/genericSTM32F401CC/liba19/libSdFat.a(FatPartition.cpp.o)
                0x0800aea0                FatPartition::freeChain(unsigned long)
 .text._ZN12FatPartition4initEP9SdSpiCardhm
                0x0800aede      0x138 .pio/build/genericSTM32F401CC/liba19/libSdFat.a(FatPartition.cpp.o)
                0x0800aede                FatPartition::init(SdSpiCard*, unsigned char, unsigned long)
 .text._ZN10FsBaseFile4copyEPKS_
                0x0800b016       0x8e .pio/build/genericSTM32F401CC/liba19/libSdFat.a(FsFile.cpp.o)
                0x0800b016                FsBaseFile::copy(FsBaseFile const*)
 .text._ZN10FsBaseFile4moveEPS_
                0x0800b0a4       0x16 .pio/build/genericSTM32F401CC/liba19/libSdFat.a(FsFile.cpp.o)
                0x0800b0a4                FsBaseFile::move(FsBaseFile*)
 .text._ZN10FsBaseFile5closeEv
                0x0800b0ba       0x22 .pio/build/genericSTM32F401CC/liba19/libSdFat.a(FsFile.cpp.o)
                0x0800b0ba                FsBaseFile::close()
 .text._ZN10FsBaseFile4openEP8FsVolumePKci
                0x0800b0dc       0x7c .pio/build/genericSTM32F401CC/liba19/libSdFat.a(FsFile.cpp.o)
                0x0800b0dc                FsBaseFile::open(FsVolume*, char const*, int)
 .text._ZnwjPm  0x0800b158        0x4 .pio/build/genericSTM32F401CC/liba19/libSdFat.a(FsNew.cpp.o)
                0x0800b158                operator new(unsigned int, unsigned long*)
 .text._ZN11ExFatVolume5chdirEv
                0x0800b15c       0x18 .pio/build/genericSTM32F401CC/liba19/libSdFat.a(FsVolume.cpp.o)
                0x0800b15c                ExFatVolume::chdir()
 .text._ZN11ExFatVolume5beginEP9SdSpiCardbhm
                0x0800b174       0x30 .pio/build/genericSTM32F401CC/liba19/libSdFat.a(FsVolume.cpp.o)
                0x0800b174                ExFatVolume::begin(SdSpiCard*, bool, unsigned char, unsigned long)
 .text._ZN9FatVolume5chdirEv
                0x0800b1a4       0x18 .pio/build/genericSTM32F401CC/liba19/libSdFat.a(FsVolume.cpp.o)
                0x0800b1a4                FatVolume::chdir()
 .text._ZN9FatVolume5beginEP9SdSpiCardbhm
                0x0800b1bc       0x30 .pio/build/genericSTM32F401CC/liba19/libSdFat.a(FsVolume.cpp.o)
                0x0800b1bc                FatVolume::begin(SdSpiCard*, bool, unsigned char, unsigned long)
 .text._ZN8FsVolume5beginEP9SdSpiCardbhm
                0x0800b1ec       0xdc .pio/build/genericSTM32F401CC/liba19/libSdFat.a(FsVolume.cpp.o)
                0x0800b1ec                FsVolume::begin(SdSpiCard*, bool, unsigned char, unsigned long)
 .text._ZN8FsVolume4openEPKci
                0x0800b2c8       0x40 .pio/build/genericSTM32F401CC/liba19/libSdFat.a(FsVolume.cpp.o)
                0x0800b2c8                FsVolume::open(char const*, int)
 .text._ZN9SdSpiCard8spiStartEv
                0x0800b308       0x24 .pio/build/genericSTM32F401CC/liba19/libSdFat.a(SdSpiCard.cpp.o)
                0x0800b308                SdSpiCard::spiStart()
 .text._ZN9SdSpiCard7spiStopEv
                0x0800b32c       0x26 .pio/build/genericSTM32F401CC/liba19/libSdFat.a(SdSpiCard.cpp.o)
                0x0800b32c                SdSpiCard::spiStop()
 .text._ZN9SdSpiCard8readDataEPhj
                0x0800b352       0x6a .pio/build/genericSTM32F401CC/liba19/libSdFat.a(SdSpiCard.cpp.o)
                0x0800b352                SdSpiCard::readData(unsigned char*, unsigned int)
 .text._ZN9SdSpiCard8readDataEPh
                0x0800b3bc        0xc .pio/build/genericSTM32F401CC/liba19/libSdFat.a(SdSpiCard.cpp.o)
                0x0800b3bc                SdSpiCard::readData(unsigned char*)
 .text._ZN9SdSpiCard9waitReadyEt
                0x0800b3c8       0x30 .pio/build/genericSTM32F401CC/liba19/libSdFat.a(SdSpiCard.cpp.o)
                0x0800b3c8                SdSpiCard::waitReady(unsigned short)
 .text._ZN9SdSpiCard9writeDataEhPKh
                0x0800b3f8       0x48 .pio/build/genericSTM32F401CC/liba19/libSdFat.a(SdSpiCard.cpp.o)
                0x0800b3f8                SdSpiCard::writeData(unsigned char, unsigned char const*)
 .text._ZN9SdSpiCard9writeDataEPKh
                0x0800b440       0x2e .pio/build/genericSTM32F401CC/liba19/libSdFat.a(SdSpiCard.cpp.o)
                0x0800b440                SdSpiCard::writeData(unsigned char const*)
 .text._ZN9SdSpiCard9writeStopEv
                0x0800b46e       0x32 .pio/build/genericSTM32F401CC/liba19/libSdFat.a(SdSpiCard.cpp.o)
                0x0800b46e                SdSpiCard::writeStop()
 .text._ZN9SdSpiCard10syncDeviceEv
                0x0800b4a0       0x1c .pio/build/genericSTM32F401CC/liba19/libSdFat.a(SdSpiCard.cpp.o)
                0x0800b4a0                SdSpiCard::syncDevice()
 .text._ZN9SdSpiCard11cardCommandEhm
                0x0800b4bc       0x98 .pio/build/genericSTM32F401CC/liba19/libSdFat.a(SdSpiCard.cpp.o)
                0x0800b4bc                SdSpiCard::cardCommand(unsigned char, unsigned long)
 .text._ZN9SdSpiCard8cardAcmdEhm
                0x0800b554       0x1c .pio/build/genericSTM32F401CC/liba19/libSdFat.a(SdSpiCard.cpp.o)
                0x0800b554                SdSpiCard::cardAcmd(unsigned char, unsigned long)
 .text._ZN9SdSpiCard5beginE11SdSpiConfig
                0x0800b570      0x1a4 .pio/build/genericSTM32F401CC/liba19/libSdFat.a(SdSpiCard.cpp.o)
                0x0800b570                SdSpiCard::begin(SdSpiConfig)
 .text._ZN9SdSpiCard9readStartEm
                0x0800b714       0x2c .pio/build/genericSTM32F401CC/liba19/libSdFat.a(SdSpiCard.cpp.o)
                0x0800b714                SdSpiCard::readStart(unsigned long)
 .text._ZN9SdSpiCard8readStopEv
                0x0800b740       0x28 .pio/build/genericSTM32F401CC/liba19/libSdFat.a(SdSpiCard.cpp.o)
                0x0800b740                SdSpiCard::readStop()
 .text._ZN9SdSpiCard11readSectorsEmPhj
                0x0800b768       0x5a .pio/build/genericSTM32F401CC/liba19/libSdFat.a(SdSpiCard.cpp.o)
                0x0800b768                SdSpiCard::readSectors(unsigned long, unsigned char*, unsigned int)
 .text._ZN9SdSpiCard10readSectorEmPh
                0x0800b7c2        0xa .pio/build/genericSTM32F401CC/liba19/libSdFat.a(SdSpiCard.cpp.o)
                0x0800b7c2                SdSpiCard::readSector(unsigned long, unsigned char*)
 .text._ZN9SdSpiCard10writeStartEm
                0x0800b7cc       0x2e .pio/build/genericSTM32F401CC/liba19/libSdFat.a(SdSpiCard.cpp.o)
                0x0800b7cc                SdSpiCard::writeStart(unsigned long)
 .text._ZN9SdSpiCard12writeSectorsEmPKhj
                0x0800b7fa       0x5a .pio/build/genericSTM32F401CC/liba19/libSdFat.a(SdSpiCard.cpp.o)
                0x0800b7fa                SdSpiCard::writeSectors(unsigned long, unsigned char const*, unsigned int)
 .text._ZN9SdSpiCard11writeSectorEmPKh
                0x0800b854       0x7e .pio/build/genericSTM32F401CC/liba19/libSdFat.a(SdSpiCard.cpp.o)
                0x0800b854                SdSpiCard::writeSector(unsigned long, unsigned char const*)
 .text._Z8sdCsInith
                0x0800b8d2        0xa .pio/build/genericSTM32F401CC/liba19/libSdFat.a(SdSpiChipSelect.cpp.o)
                0x0800b8d2                sdCsInit(unsigned char)
 .text._Z9sdCsWritehb
                0x0800b8dc       0x10 .pio/build/genericSTM32F401CC/liba19/libSdFat.a(SdSpiChipSelect.cpp.o)
                0x0800b8dc                sdCsWrite(unsigned char, bool)
 .text._ZN18SdSpiArduinoDriver8activateEv
                0x0800b8ec       0x12 .pio/build/genericSTM32F401CC/liba19/libSdFat.a(SdSpiSTM32Core.cpp.o)
                0x0800b8ec                SdSpiArduinoDriver::activate()
 *fill*         0x0800b8fe        0x2 
 .text._ZN18SdSpiArduinoDriver5beginE11SdSpiConfig
                0x0800b900       0x28 .pio/build/genericSTM32F401CC/liba19/libSdFat.a(SdSpiSTM32Core.cpp.o)
                0x0800b900                SdSpiArduinoDriver::begin(SdSpiConfig)
 .text._ZN18SdSpiArduinoDriver10deactivateEv
                0x0800b928        0xa .pio/build/genericSTM32F401CC/liba19/libSdFat.a(SdSpiSTM32Core.cpp.o)
                0x0800b928                SdSpiArduinoDriver::deactivate()
 .text._ZN18SdSpiArduinoDriver7receiveEv
                0x0800b932        0xe .pio/build/genericSTM32F401CC/liba19/libSdFat.a(SdSpiSTM32Core.cpp.o)
                0x0800b932                SdSpiArduinoDriver::receive()
 .text._ZN18SdSpiArduinoDriver7receiveEPhj
                0x0800b940       0x20 .pio/build/genericSTM32F401CC/liba19/libSdFat.a(SdSpiSTM32Core.cpp.o)
                0x0800b940                SdSpiArduinoDriver::receive(unsigned char*, unsigned int)
 .text._ZN18SdSpiArduinoDriver4sendEh
                0x0800b960        0xc .pio/build/genericSTM32F401CC/liba19/libSdFat.a(SdSpiSTM32Core.cpp.o)
                0x0800b960                SdSpiArduinoDriver::send(unsigned char)
 .text._ZN18SdSpiArduinoDriver4sendEPKhj
                0x0800b96c       0x20 .pio/build/genericSTM32F401CC/liba19/libSdFat.a(SdSpiSTM32Core.cpp.o)
                0x0800b96c                SdSpiArduinoDriver::send(unsigned char const*, unsigned int)
 .text._ZN7FsCache4syncEv
                0x0800b98c       0x4e .pio/build/genericSTM32F401CC/liba19/libSdFat.a(FsCache.cpp.o)
                0x0800b98c                FsCache::sync()
 .text._ZN7FsCache7prepareEmh
                0x0800b9da       0x50 .pio/build/genericSTM32F401CC/liba19/libSdFat.a(FsCache.cpp.o)
                0x0800b9da                FsCache::prepare(unsigned long, unsigned char)
 *fill*         0x0800ba2a        0x2 
 .text._Z16updateAnimationsP12btnSelection
                0x0800ba2c       0xe8 .pio/build/genericSTM32F401CC/lib8c4/libMenu.a(Menu.cpp.o)
                0x0800ba2c                updateAnimations(btnSelection*)
 .text._Z40drawAnimation_bookmark_in_book_32_32_14fP8TFT_eSPI
                0x0800bb14       0x3c .pio/build/genericSTM32F401CC/lib8c4/libMenu.a(Menu.cpp.o)
                0x0800bb14                drawAnimation_bookmark_in_book_32_32_14f(TFT_eSPI*)
 .text._Z32drawAnimation_settings_32_32_14fP8TFT_eSPI
                0x0800bb50       0x3c .pio/build/genericSTM32F401CC/lib8c4/libMenu.a(Menu.cpp.o)
                0x0800bb50                drawAnimation_settings_32_32_14f(TFT_eSPI*)
 .text._Z37drawAnimation_battery_level_32_32_14fP8TFT_eSPI
                0x0800bb8c       0x3c .pio/build/genericSTM32F401CC/lib8c4/libMenu.a(Menu.cpp.o)
                0x0800bb8c                drawAnimation_battery_level_32_32_14f(TFT_eSPI*)
 .text._Z34drawAnimation_add_folder_32_32_14fP8TFT_eSPI
                0x0800bbc8       0x3c .pio/build/genericSTM32F401CC/lib8c4/libMenu.a(Menu.cpp.o)
                0x0800bbc8                drawAnimation_add_folder_32_32_14f(TFT_eSPI*)
 .text._Z14drawAnimationsP8TFT_eSPIP12btnSelection
                0x0800bc04       0x24 .pio/build/genericSTM32F401CC/lib8c4/libMenu.a(Menu.cpp.o)
                0x0800bc04                drawAnimations(TFT_eSPI*, btnSelection*)
 .text._Z12drawScreen_1P8TFT_eSPI
                0x0800bc28       0x6c .pio/build/genericSTM32F401CC/lib8c4/libMenu.a(Menu.cpp.o)
                0x0800bc28                drawScreen_1(TFT_eSPI*)
 .text._Z12drawScreen_2P8TFT_eSPI
                0x0800bc94       0x3c .pio/build/genericSTM32F401CC/lib8c4/libMenu.a(Menu.cpp.o)
                0x0800bc94                drawScreen_2(TFT_eSPI*)
 .text._Z8mainMenuP8TFT_eSPIP12btnSelectionh
                0x0800bcd0       0xac .pio/build/genericSTM32F401CC/lib8c4/libMenu.a(Menu.cpp.o)
                0x0800bcd0                mainMenu(TFT_eSPI*, btnSelection*, unsigned char)
 .text._Z11libraryMenuP8TFT_eSPIP12btnSelectionh
                0x0800bd7c       0x16 .pio/build/genericSTM32F401CC/lib8c4/libMenu.a(Menu.cpp.o)
                0x0800bd7c                libraryMenu(TFT_eSPI*, btnSelection*, unsigned char)
 .text._Z8drawMenuP8TFT_eSPIP12btnSelection
                0x0800bd92       0x26 .pio/build/genericSTM32F401CC/lib8c4/libMenu.a(Menu.cpp.o)
                0x0800bd92                drawMenu(TFT_eSPI*, btnSelection*)
 .text._Z6getORPt
                0x0800bdb8       0x2e .pio/build/genericSTM32F401CC/lib304/libWordProcess.a(WordProcess.cpp.o)
                0x0800bdb8                getORP(unsigned short)
 .text._Z12drawRVSPWordRK6StringttP8TFT_eSPI
                0x0800bde6       0xe4 .pio/build/genericSTM32F401CC/lib304/libWordProcess.a(WordProcess.cpp.o)
                0x0800bde6                drawRVSPWord(String const&, unsigned short, unsigned short, TFT_eSPI*)
 *fill*         0x0800beca        0x2 
 .text._Z10fetchWordsPA24_cP6FsFileyPy
                0x0800becc       0xbc .pio/build/genericSTM32F401CC/lib304/libWordProcess.a(WordProcess.cpp.o)
                0x0800becc                fetchWords(char (*) [24], FsFile*, unsigned long long, unsigned long long*)
 .text._ZN5Print5writeEPKhj
                0x0800bf88       0x26 .pio/build/genericSTM32F401CC/libFrameworkArduino.a(Print.cpp.o)
                0x0800bf88                Print::write(unsigned char const*, unsigned int)
 .text._ZN5Print5printERK6String
                0x0800bfae        0xe .pio/build/genericSTM32F401CC/libFrameworkArduino.a(Print.cpp.o)
                0x0800bfae                Print::print(String const&)
 .text._write   0x0800bfbc       0x2e .pio/build/genericSTM32F401CC/libFrameworkArduino.a(Print.cpp.o)
                0x0800bfbc                _write
 .text._ZN6Stream9timedReadEv
                0x0800bfea       0x2a .pio/build/genericSTM32F401CC/libFrameworkArduino.a(Stream.cpp.o)
                0x0800bfea                Stream::timedRead()
 .text._ZN6Stream9readBytesEPcj
                0x0800c014       0x28 .pio/build/genericSTM32F401CC/libFrameworkArduino.a(Stream.cpp.o)
                0x0800c014                Stream::readBytes(char*, unsigned int)
 .text._ZN6Stream14readBytesUntilEcPcj
                0x0800c03c       0x38 .pio/build/genericSTM32F401CC/libFrameworkArduino.a(Stream.cpp.o)
                0x0800c03c                Stream::readBytesUntil(char, char*, unsigned int)
 .text._Z15attachInterruptmSt8functionIFvvEEm
                0x0800c074       0x88 .pio/build/genericSTM32F401CC/libFrameworkArduino.a(WInterrupts.cpp.o)
                0x0800c074                attachInterrupt(unsigned long, std::function<void ()>, unsigned long)
 .text._ZN6StringD2Ev
                0x0800c0fc        0xe .pio/build/genericSTM32F401CC/libFrameworkArduino.a(WString.cpp.o)
                0x0800c0fc                String::~String()
                0x0800c0fc                String::~String()
 .text._ZN6String10invalidateEv
                0x0800c10a       0x16 .pio/build/genericSTM32F401CC/libFrameworkArduino.a(WString.cpp.o)
                0x0800c10a                String::invalidate()
 .text._ZN6String12changeBufferEj
                0x0800c120       0x1c .pio/build/genericSTM32F401CC/libFrameworkArduino.a(WString.cpp.o)
                0x0800c120                String::changeBuffer(unsigned int)
 .text._ZN6String7reserveEj
                0x0800c13c       0x2a .pio/build/genericSTM32F401CC/libFrameworkArduino.a(WString.cpp.o)
                0x0800c13c                String::reserve(unsigned int)
 .text._ZN6String4copyEPKcj
                0x0800c166       0x26 .pio/build/genericSTM32F401CC/libFrameworkArduino.a(WString.cpp.o)
                0x0800c166                String::copy(char const*, unsigned int)
 .text._ZN6StringC2EPKc
                0x0800c18c       0x24 .pio/build/genericSTM32F401CC/libFrameworkArduino.a(WString.cpp.o)
                0x0800c18c                String::String(char const*)
                0x0800c18c                String::String(char const*)
 .text._ZN6StringaSERKS_
                0x0800c1b0       0x1e .pio/build/genericSTM32F401CC/libFrameworkArduino.a(WString.cpp.o)
                0x0800c1b0                String::operator=(String const&)
 .text._ZN6StringaSEPKc
                0x0800c1ce       0x22 .pio/build/genericSTM32F401CC/libFrameworkArduino.a(WString.cpp.o)
                0x0800c1ce                String::operator=(char const*)
 .text._ZNK6String8getBytesEPhjj
                0x0800c1f0       0x32 .pio/build/genericSTM32F401CC/libFrameworkArduino.a(WString.cpp.o)
                0x0800c1f0                String::getBytes(unsigned char*, unsigned int, unsigned int) const
 *fill*         0x0800c222        0x2 
 .text._ZNK6String9substringEjj
                0x0800c224       0x50 .pio/build/genericSTM32F401CC/libFrameworkArduino.a(WString.cpp.o)
                0x0800c224                String::substring(unsigned int, unsigned int) const
 .text.__empty  0x0800c274        0x2 .pio/build/genericSTM32F401CC/libFrameworkArduino.a(hooks.c.o)
                0x0800c274                yield
 .text._Z7premainv
                0x0800c276        0xe .pio/build/genericSTM32F401CC/libFrameworkArduino.a(main.cpp.o)
                0x0800c276                premain()
 .text.main     0x0800c284       0x14 .pio/build/genericSTM32F401CC/libFrameworkArduino.a(main.cpp.o)
                0x0800c284                main
 .text.Reset_Handler
                0x0800c298       0x50 .pio/build/genericSTM32F401CC/libFrameworkArduino.a(startup_stm32yyxx.S.o)
                0x0800c298                Reset_Handler
 .text.Default_Handler
                0x0800c2e8        0x2 .pio/build/genericSTM32F401CC/libFrameworkArduino.a(startup_stm32yyxx.S.o)
                0x0800c2e8                RTC_Alarm_IRQHandler
                0x0800c2e8                DebugMon_Handler
                0x0800c2e8                SPI4_IRQHandler
                0x0800c2e8                DMA2_Stream5_IRQHandler
                0x0800c2e8                HardFault_Handler
                0x0800c2e8                DMA1_Stream5_IRQHandler
                0x0800c2e8                PVD_IRQHandler
                0x0800c2e8                SDIO_IRQHandler
                0x0800c2e8                TAMP_STAMP_IRQHandler
                0x0800c2e8                PendSV_Handler
                0x0800c2e8                NMI_Handler
                0x0800c2e8                I2C3_ER_IRQHandler
                0x0800c2e8                I2C2_EV_IRQHandler
                0x0800c2e8                DMA1_Stream2_IRQHandler
                0x0800c2e8                FPU_IRQHandler
                0x0800c2e8                UsageFault_Handler
                0x0800c2e8                DMA2_Stream2_IRQHandler
                0x0800c2e8                SPI1_IRQHandler
                0x0800c2e8                DMA2_Stream0_IRQHandler
                0x0800c2e8                I2C1_EV_IRQHandler
                0x0800c2e8                DMA1_Stream6_IRQHandler
                0x0800c2e8                DMA1_Stream1_IRQHandler
                0x0800c2e8                RCC_IRQHandler
                0x0800c2e8                Default_Handler
                0x0800c2e8                ADC_IRQHandler
                0x0800c2e8                DMA1_Stream7_IRQHandler
                0x0800c2e8                DMA2_Stream7_IRQHandler
                0x0800c2e8                I2C3_EV_IRQHandler
                0x0800c2e8                RTC_WKUP_IRQHandler
                0x0800c2e8                SPI2_IRQHandler
                0x0800c2e8                MemManage_Handler
                0x0800c2e8                DMA1_Stream0_IRQHandler
                0x0800c2e8                SVC_Handler
                0x0800c2e8                WWDG_IRQHandler
                0x0800c2e8                OTG_FS_WKUP_IRQHandler
                0x0800c2e8                I2C2_ER_IRQHandler
                0x0800c2e8                DMA2_Stream1_IRQHandler
                0x0800c2e8                FLASH_IRQHandler
                0x0800c2e8                DMA2_Stream4_IRQHandler
                0x0800c2e8                BusFault_Handler
                0x0800c2e8                OTG_FS_IRQHandler
                0x0800c2e8                SPI3_IRQHandler
                0x0800c2e8                DMA1_Stream4_IRQHandler
                0x0800c2e8                I2C1_ER_IRQHandler
                0x0800c2e8                DMA2_Stream6_IRQHandler
                0x0800c2e8                DMA1_Stream3_IRQHandler
 *fill*         0x0800c2ea        0x2 
 .text.digitalWriteFast
                0x0800c2ec       0x30 .pio/build/genericSTM32F401CC/libFrameworkArduino.a(wiring_digital.c.o)
 .text.pinMode  0x0800c31c       0xdc .pio/build/genericSTM32F401CC/libFrameworkArduino.a(wiring_digital.c.o)
                0x0800c31c                pinMode
 .text.digitalWrite
                0x0800c3f8       0x50 .pio/build/genericSTM32F401CC/libFrameworkArduino.a(wiring_digital.c.o)
                0x0800c3f8                digitalWrite
 .text.millis   0x0800c448        0x8 .pio/build/genericSTM32F401CC/libFrameworkArduino.a(wiring_time.c.o)
                0x0800c448                millis
 .text.delay    0x0800c450       0x1e .pio/build/genericSTM32F401CC/libFrameworkArduino.a(wiring_time.c.o)
                0x0800c450                delay
 *fill*         0x0800c46e        0x2 
 .text._Z14serialEventRunv
                0x0800c470       0x20 .pio/build/genericSTM32F401CC/libFrameworkArduino.a(WSerial.cpp.o)
                0x0800c470                serialEventRun()
 .text.init     0x0800c490        0x8 .pio/build/genericSTM32F401CC/libFrameworkArduino.a(board.c.o)
                0x0800c490                init
 .text._ZN14HardwareSerial9availableEv
                0x0800c498       0x14 .pio/build/genericSTM32F401CC/libFrameworkArduino.a(HardwareSerial.cpp.o)
                0x0800c498                HardwareSerial::available()
 .text._ZN14HardwareSerial4peekEv
                0x0800c4ac       0x1c .pio/build/genericSTM32F401CC/libFrameworkArduino.a(HardwareSerial.cpp.o)
                0x0800c4ac                HardwareSerial::peek()
 .text._ZN14HardwareSerial17availableForWriteEv
                0x0800c4c8       0x1c .pio/build/genericSTM32F401CC/libFrameworkArduino.a(HardwareSerial.cpp.o)
                0x0800c4c8                HardwareSerial::availableForWrite()
 .text._ZN14HardwareSerial5writeEh
                0x0800c4e4       0x1a .pio/build/genericSTM32F401CC/libFrameworkArduino.a(HardwareSerial.cpp.o)
                0x0800c4e4                HardwareSerial::write(unsigned char)
 *fill*         0x0800c4fe        0x2 
 .text._ZN14HardwareSerial16_tx_complete_irqEP8serial_s
                0x0800c500       0x74 .pio/build/genericSTM32F401CC/libFrameworkArduino.a(HardwareSerial.cpp.o)
                0x0800c500                HardwareSerial::_tx_complete_irq(serial_s*)
 .text._ZN14HardwareSerial4initE7PinNameS0_S0_S0_
                0x0800c574       0x44 .pio/build/genericSTM32F401CC/libFrameworkArduino.a(HardwareSerial.cpp.o)
                0x0800c574                HardwareSerial::init(PinName, PinName, PinName, PinName)
 .text._ZN14HardwareSerial5flushEm
                0x0800c5b8       0x46 .pio/build/genericSTM32F401CC/libFrameworkArduino.a(HardwareSerial.cpp.o)
                0x0800c5b8                HardwareSerial::flush(unsigned long)
 .text._ZN14HardwareSerial5flushEv
                0x0800c5fe        0xa .pio/build/genericSTM32F401CC/libFrameworkArduino.a(HardwareSerial.cpp.o)
                0x0800c5fe                HardwareSerial::flush()
 .text._ZN14HardwareSerial5setRxEm
                0x0800c608       0x50 .pio/build/genericSTM32F401CC/libFrameworkArduino.a(HardwareSerial.cpp.o)
                0x0800c608                HardwareSerial::setRx(unsigned long)
 .text._ZN14HardwareSerial5setTxEm
                0x0800c658       0x50 .pio/build/genericSTM32F401CC/libFrameworkArduino.a(HardwareSerial.cpp.o)
                0x0800c658                HardwareSerial::setTx(unsigned long)
 .text._ZN14HardwareSerialC2EPv16HalfDuplexMode_t
                0x0800c6a8       0xc4 .pio/build/genericSTM32F401CC/libFrameworkArduino.a(HardwareSerial.cpp.o)
                0x0800c6a8                HardwareSerial::HardwareSerial(void*, HalfDuplexMode_t)
                0x0800c6a8                HardwareSerial::HardwareSerial(void*, HalfDuplexMode_t)
 .text._Z41__static_initialization_and_destruction_0ii
                0x0800c76c       0x28 .pio/build/genericSTM32F401CC/libFrameworkArduino.a(HardwareSerial.cpp.o)
 .text._ZNK14HardwareSerial12isHalfDuplexEv
                0x0800c794       0x10 .pio/build/genericSTM32F401CC/libFrameworkArduino.a(HardwareSerial.cpp.o)
                0x0800c794                HardwareSerial::isHalfDuplex() const
 .text._ZN14HardwareSerial5writeEPKhj
                0x0800c7a4      0x100 .pio/build/genericSTM32F401CC/libFrameworkArduino.a(HardwareSerial.cpp.o)
                0x0800c7a4                HardwareSerial::write(unsigned char const*, unsigned int)
 .text._ZN14HardwareSerial18enableHalfDuplexRxEv