Archive member included to satisfy reference by file (symbol)

.pio/build/genericSTM32F401CC/lib513/libSPI.a(SPI.cpp.o)
                              .pio/build/genericSTM32F401CC/src/main.cpp.o (SPIClass::SPIClass(unsigned long, unsigned long, unsigned long, unsigned long))
.pio/build/genericSTM32F401CC/lib513/libSPI.a(spi_com.c.o)
                              .pio/build/genericSTM32F401CC/lib513/libSPI.a(SPI.cpp.o) (spi_getClkFreq)
.pio/build/genericSTM32F401CC/lib41b/libTFT_eSPI.a(TFT_eSPI.cpp.o)
                              .pio/build/genericSTM32F401CC/src/main.cpp.o (TFT_eSPI::TFT_eSPI(short, short))
.pio/build/genericSTM32F401CC/liba19/libSdFat.a(ExFatFile.cpp.o)
                              .pio/build/genericSTM32F401CC/src/main.cpp.o (ExFatFile::seekSet(unsigned long long))
.pio/build/genericSTM32F401CC/liba19/libSdFat.a(ExFatFileWrite.cpp.o)
                              .pio/build/genericSTM32F401CC/liba19/libSdFat.a(ExFatFile.cpp.o) (ExFatFile::remove())
.pio/build/genericSTM32F401CC/liba19/libSdFat.a(ExFatName.cpp.o)
                              .pio/build/genericSTM32F401CC/liba19/libSdFat.a(ExFatFile.cpp.o) (ExFatFile::cmpName(DirName_t const*, ExName_t*))
.pio/build/genericSTM32F401CC/liba19/libSdFat.a(ExFatPartition.cpp.o)
                              .pio/build/genericSTM32F401CC/liba19/libSdFat.a(ExFatFileWrite.cpp.o) (ExFatPartition::bitmapFind(unsigned long, unsigned long))
.pio/build/genericSTM32F401CC/liba19/libSdFat.a(ExFatVolume.cpp.o)
                              .pio/build/genericSTM32F401CC/liba19/libSdFat.a(ExFatFile.cpp.o) (ExFatVolume::m_cwv)
.pio/build/genericSTM32F401CC/liba19/libSdFat.a(FatFile.cpp.o)
                              .pio/build/genericSTM32F401CC/src/main.cpp.o (FatFile::readPrivate(void*, unsigned int, DirFat_t**))
.pio/build/genericSTM32F401CC/liba19/libSdFat.a(FatFileLFN.cpp.o)
                              .pio/build/genericSTM32F401CC/liba19/libSdFat.a(FatFile.cpp.o) (FatFile::open(FatFile*, FatLfn_t*, int))
.pio/build/genericSTM32F401CC/liba19/libSdFat.a(FatName.cpp.o)
                              .pio/build/genericSTM32F401CC/liba19/libSdFat.a(FatFileLFN.cpp.o) (FatFile::getLfnChar(DirLfn_t const*, unsigned char))
.pio/build/genericSTM32F401CC/liba19/libSdFat.a(FatPartition.cpp.o)
                              .pio/build/genericSTM32F401CC/liba19/libSdFat.a(FatFile.cpp.o) (FatPartition::fatGet(unsigned long, unsigned long*))
.pio/build/genericSTM32F401CC/liba19/libSdFat.a(FatVolume.cpp.o)
                              .pio/build/genericSTM32F401CC/liba19/libSdFat.a(FatFile.cpp.o) (FatVolume::m_cwv)
.pio/build/genericSTM32F401CC/liba19/libSdFat.a(FsFile.cpp.o)
                              .pio/build/genericSTM32F401CC/src/main.cpp.o (FsBaseFile::move(FsBaseFile*))
.pio/build/genericSTM32F401CC/liba19/libSdFat.a(FsNew.cpp.o)
                              .pio/build/genericSTM32F401CC/liba19/libSdFat.a(FsFile.cpp.o) (operator new(unsigned int, unsigned long*))
.pio/build/genericSTM32F401CC/liba19/libSdFat.a(FsVolume.cpp.o)
                              .pio/build/genericSTM32F401CC/src/main.cpp.o (FsVolume::begin(SdSpiCard*, bool, unsigned char, unsigned long))
.pio/build/genericSTM32F401CC/liba19/libSdFat.a(SdSpiCard.cpp.o)
                              .pio/build/genericSTM32F401CC/liba19/libSdFat.a(ExFatFile.cpp.o) (SdSpiCard::isBusy())
.pio/build/genericSTM32F401CC/liba19/libSdFat.a(SdSpiChipSelect.cpp.o)
                              .pio/build/genericSTM32F401CC/liba19/libSdFat.a(SdSpiCard.cpp.o) (sdCsInit(unsigned char))
.pio/build/genericSTM32F401CC/liba19/libSdFat.a(SdSpiSTM32Core.cpp.o)
                              .pio/build/genericSTM32F401CC/liba19/libSdFat.a(SdSpiCard.cpp.o) (SdSpiArduinoDriver::activate())
.pio/build/genericSTM32F401CC/liba19/libSdFat.a(FsCache.cpp.o)
                              .pio/build/genericSTM32F401CC/liba19/libSdFat.a(ExFatFile.cpp.o) (FsCache::sync())
.pio/build/genericSTM32F401CC/liba19/libSdFat.a(FsDateTime.cpp.o)
                              .pio/build/genericSTM32F401CC/liba19/libSdFat.a(ExFatFile.cpp.o) (FsDateTime::callback)
.pio/build/genericSTM32F401CC/liba19/libSdFat.a(FsUtf.cpp.o)
                              .pio/build/genericSTM32F401CC/liba19/libSdFat.a(ExFatName.cpp.o) (FsUtf::cpToMb(unsigned long, char*, char const*))
.pio/build/genericSTM32F401CC/liba19/libSdFat.a(ExFatFilePrint.cpp.o)
                              .pio/build/genericSTM32F401CC/liba19/libSdFat.a(FsVolume.cpp.o) (ExFatFile::ls(Print*, unsigned char, unsigned char))
.pio/build/genericSTM32F401CC/liba19/libSdFat.a(FatFilePrint.cpp.o)
                              .pio/build/genericSTM32F401CC/liba19/libSdFat.a(FsVolume.cpp.o) (FatFile::ls(Print*, unsigned char, unsigned char))
.pio/build/genericSTM32F401CC/liba19/libSdFat.a(FmtNumber.cpp.o)
                              .pio/build/genericSTM32F401CC/liba19/libSdFat.a(FsDateTime.cpp.o) (fmtBase10(char*, unsigned short))
[...]
Memory Configuration

Name             Origin             Length             Attributes
*default*        0x00000000         0xffffffff
RAM              0x20000000         0x00010000         xrw
FLASH            0x08000000         0x00040000         xr

Linker script and memory map

                0x20010000                        _estack = (ORIGIN (RAM) + LENGTH (RAM))
                0x00000200                        _Min_Heap_Size = 0x200
                0x00000400                        _Min_Stack_Size = 0x400

.isr_vector     0x08000000      0x194
                0x08000000                        . = ALIGN (0x4)
 *(.isr_vector)
 .isr_vector    0x08000000      0x194 .pio/build/genericSTM32F401CC/libFrameworkArduino.a(startup_stm32yyxx.S.o)
                0x08000000                g_pfnVectors
                0x08000194                        . = ALIGN (0x4)

.text           0x080001a0     0xb7c8
                0x080001a0                        . = ALIGN (0x4)
 *(.text)
 .text          0x080001a0       0x30 c:/users/labib/.platformio/packages/toolchain-gccarmnoneeabi/bin/../lib/gcc/arm-none-eabi/12.3.1/thumb/v7e-m+fp/hard\libgcc.a(_aeabi_uldivmod.o)
                0x080001a0                __aeabi_uldivmod
 .text          0x080001d0        0x4 c:/users/labib/.platformio/packages/toolchain-gccarmnoneeabi/bin/../lib/gcc/arm-none-eabi/12.3.1/thumb/v7e-m+fp/hard\libgcc.a(_dvmd_tls.o)
                0x080001d0                __aeabi_idiv0
                0x080001d0                __aeabi_ldiv0
 .text          0x080001d4       0x10 c:/users/labib/.platformio/packages/toolchain-gccarmnoneeabi/bin/../lib/gcc/arm-none-eabi/12.3.1/../../../../arm-none-eabi/lib/thumb/v7e-m+fp/hard\libc_nano.a(libc_a-strlen.o)
                0x080001d4                strlen
 *fill*         0x080001e4        0xc 
 .text          0x080001f0       0xa0 c:/users/labib/.platformio/packages/toolchain-gccarmnoneeabi/bin/../lib/gcc/arm-none-eabi/12.3.1/../../../../arm-none-eabi/lib/thumb/v7e-m+fp/hard\libc_nano.a(libc_a-memchr.o)
                0x080001f0                memchr
 *(.text*)
 .text.__do_global_dtors_aux
                0x08000290       0x24 c:/users/labib/.platformio/packages/toolchain-gccarmnoneeabi/bin/../lib/gcc/arm-none-eabi/12.3.1/thumb/v7e-m+fp/hard/crtbegin.o
 .text.frame_dummy
                0x080002b4       0x1c c:/users/labib/.platformio/packages/toolchain-gccarmnoneeabi/bin/../lib/gcc/arm-none-eabi/12.3.1/thumb/v7e-m+fp/hard/crtbegin.o
 .text.SystemClock_Config
                0x080002d0       0xa0 .pio/build/genericSTM32F401CC/FrameworkArduinoVariant/generic_clock.c.o
                0x080002d0                SystemClock_Config
 .text.HAL_MspInit
                0x08000370        0x2 .pio/build/genericSTM32F401CC/SrcWrapper/src/HAL/stm32yyxx_hal.c.o
                0x08000370                HAL_MspInit
 *fill*         0x08000372        0x2 
 .text.HAL_InitTick
                0x08000374       0x48 .pio/build/genericSTM32F401CC/SrcWrapper/src/HAL/stm32yyxx_hal.c.o
                0x08000374                HAL_InitTick
 .text.HAL_Init
                0x080003bc       0x34 .pio/build/genericSTM32F401CC/SrcWrapper/src/HAL/stm32yyxx_hal.c.o
                0x080003bc                HAL_Init
 .text.HAL_IncTick
                0x080003f0       0x18 .pio/build/genericSTM32F401CC/SrcWrapper/src/HAL/stm32yyxx_hal.c.o
                0x080003f0                HAL_IncTick
 .text.HAL_GetTick
                0x08000408        0xc .pio/build/genericSTM32F401CC/SrcWrapper/src/HAL/stm32yyxx_hal.c.o
                0x08000408                HAL_GetTick
 .text.HAL_NVIC_SetPriorityGrouping
                0x08000414       0x24 .pio/build/genericSTM32F401CC/SrcWrapper/src/HAL/stm32yyxx_hal_cortex.c.o
                0x08000414                HAL_NVIC_SetPriorityGrouping
 .text.HAL_NVIC_SetPriority
                0x08000438       0x64 .pio/build/genericSTM32F401CC/SrcWrapper/src/HAL/stm32yyxx_hal_cortex.c.o
                0x08000438                HAL_NVIC_SetPriority
 .text.HAL_NVIC_EnableIRQ
                0x0800049c       0x1c .pio/build/genericSTM32F401CC/SrcWrapper/src/HAL/stm32yyxx_hal_cortex.c.o
                0x0800049c                HAL_NVIC_EnableIRQ
 .text.HAL_NVIC_DisableIRQ
                0x080004b8       0x24 .pio/build/genericSTM32F401CC/SrcWrapper/src/HAL/stm32yyxx_hal_cortex.c.o
                0x080004b8                HAL_NVIC_DisableIRQ
 .text.HAL_SYSTICK_Config
                0x080004dc       0x28 .pio/build/genericSTM32F401CC/SrcWrapper/src/HAL/stm32yyxx_hal_cortex.c.o
                0x080004dc                HAL_SYSTICK_Config
 .text.HAL_NVIC_ClearPendingIRQ
                0x08000504       0x1c .pio/build/genericSTM32F401CC/SrcWrapper/src/HAL/stm32yyxx_hal_cortex.c.o
                0x08000504                HAL_NVIC_ClearPendingIRQ
 .text.HAL_SYSTICK_Callback
                0x08000520        0x2 .pio/build/genericSTM32F401CC/SrcWrapper/src/HAL/stm32yyxx_hal_cortex.c.o
                0x08000520                HAL_SYSTICK_Callback
 .text.HAL_SYSTICK_IRQHandler
                0x08000522        0x8 .pio/build/genericSTM32F401CC/SrcWrapper/src/HAL/stm32yyxx_hal_cortex.c.o
                0x08000522                HAL_SYSTICK_IRQHandler
 .text.HAL_CRC_MspInit
                0x0800052a        0x2 .pio/build/genericSTM32F401CC/SrcWrapper/src/HAL/stm32yyxx_hal_crc.c.o
                0x0800052a                HAL_CRC_MspInit
 .text.HAL_CRC_Init
                0x0800052c       0x20 .pio/build/genericSTM32F401CC/SrcWrapper/src/HAL/stm32yyxx_hal_crc.c.o
                0x0800052c                HAL_CRC_Init
 .text.HAL_DMA_Abort
                0x0800054c       0x7c .pio/build/genericSTM32F401CC/SrcWrapper/src/HAL/stm32yyxx_hal_dma.c.o
                0x0800054c                HAL_DMA_Abort
 .text.HAL_DMA_Abort_IT
                0x080005c8       0x24 .pio/build/genericSTM32F401CC/SrcWrapper/src/HAL/stm32yyxx_hal_dma.c.o
                0x080005c8                HAL_DMA_Abort_IT
 .text.HAL_DMA_IRQHandler
                0x080005ec      0x17c .pio/build/genericSTM32F401CC/SrcWrapper/src/HAL/stm32yyxx_hal_dma.c.o
                0x080005ec                HAL_DMA_IRQHandler
 .text.HAL_GPIO_Init
                0x08000768      0x1a4 .pio/build/genericSTM32F401CC/SrcWrapper/src/HAL/stm32yyxx_hal_gpio.c.o
                0x08000768                HAL_GPIO_Init
 .text.HAL_GPIO_EXTI_IRQHandler
                0x0800090c       0x18 .pio/build/genericSTM32F401CC/SrcWrapper/src/HAL/stm32yyxx_hal_gpio.c.o
                0x0800090c                HAL_GPIO_EXTI_IRQHandler
 .text.HAL_RCC_OscConfig
                0x08000924      0x35c .pio/build/genericSTM32F401CC/SrcWrapper/src/HAL/stm32yyxx_hal_rcc.c.o
                0x08000924                HAL_RCC_OscConfig
 .text.HAL_RCC_GetSysClockFreq
                0x08000c80       0x5c .pio/build/genericSTM32F401CC/SrcWrapper/src/HAL/stm32yyxx_hal_rcc.c.o
                0x08000c80                HAL_RCC_GetSysClockFreq
 .text.HAL_RCC_ClockConfig
                0x08000cdc      0x134 .pio/build/genericSTM32F401CC/SrcWrapper/src/HAL/stm32yyxx_hal_rcc.c.o
                0x08000cdc                HAL_RCC_ClockConfig
 .text.HAL_RCC_GetPCLK1Freq
                0x08000e10       0x20 .pio/build/genericSTM32F401CC/SrcWrapper/src/HAL/stm32yyxx_hal_rcc.c.o
                0x08000e10                HAL_RCC_GetPCLK1Freq
 .text.HAL_RCC_GetPCLK2Freq
                0x08000e30       0x20 .pio/build/genericSTM32F401CC/SrcWrapper/src/HAL/stm32yyxx_hal_rcc.c.o
                0x08000e30                HAL_RCC_GetPCLK2Freq
 .text.HAL_SPI_MspInit
                0x08000e50        0x2 .pio/build/genericSTM32F401CC/SrcWrapper/src/HAL/stm32yyxx_hal_spi.c.o
                0x08000e50                HAL_SPI_MspInit
 .text.HAL_SPI_Init
                0x08000e52       0xb8 .pio/build/genericSTM32F401CC/SrcWrapper/src/HAL/stm32yyxx_hal_spi.c.o
                0x08000e52                HAL_SPI_Init
 .text.HAL_TIM_PWM_PulseFinishedCallback
                0x08000f0a        0x2 .pio/build/genericSTM32F401CC/SrcWrapper/src/HAL/stm32yyxx_hal_tim.c.o
                0x08000f0a                HAL_TIM_PWM_PulseFinishedCallback
 .text.HAL_TIM_TriggerCallback
                0x08000f0c        0x2 .pio/build/genericSTM32F401CC/SrcWrapper/src/HAL/stm32yyxx_hal_tim.c.o
                0x08000f0c                HAL_TIM_TriggerCallback
 .text.HAL_TIM_IRQHandler
                0x08000f0e      0x128 .pio/build/genericSTM32F401CC/SrcWrapper/src/HAL/stm32yyxx_hal_tim.c.o
                0x08000f0e                HAL_TIM_IRQHandler
 *fill*         0x08001036        0x2 
 .text.TIM_Base_SetConfig
                0x08001038       0x80 .pio/build/genericSTM32F401CC/SrcWrapper/src/HAL/stm32yyxx_hal_tim.c.o
                0x08001038                TIM_Base_SetConfig
 .text.HAL_TIM_Base_Init
                0x080010b8       0x58 .pio/build/genericSTM32F401CC/SrcWrapper/src/HAL/stm32yyxx_hal_tim.c.o
                0x080010b8                HAL_TIM_Base_Init
 .text.HAL_TIMEx_CommutCallback
                0x08001110        0x2 .pio/build/genericSTM32F401CC/SrcWrapper/src/HAL/stm32yyxx_hal_tim_ex.c.o
                0x08001110                HAL_TIMEx_CommutCallback
 .text.HAL_TIMEx_BreakCallback
                0x08001112        0x2 .pio/build/genericSTM32F401CC/SrcWrapper/src/HAL/stm32yyxx_hal_tim_ex.c.o
                0x08001112                HAL_TIMEx_BreakCallback
 .text.UART_EndRxTransfer
                0x08001114       0x5c .pio/build/genericSTM32F401CC/SrcWrapper/src/HAL/stm32yyxx_hal_uart.c.o
 .text.UART_SetConfig
                0x08001170       0xbc .pio/build/genericSTM32F401CC/SrcWrapper/src/HAL/stm32yyxx_hal_uart.c.o
 .text.UART_WaitOnFlagUntilTimeout.constprop.0
                0x0800122c       0x64 .pio/build/genericSTM32F401CC/SrcWrapper/src/HAL/stm32yyxx_hal_uart.c.o
 .text.HAL_UART_MspInit
                0x08001290        0x2 .pio/build/genericSTM32F401CC/SrcWrapper/src/HAL/stm32yyxx_hal_uart.c.o
                0x08001290                HAL_UART_MspInit
 .text.HAL_UART_Init
                0x08001292       0x5e .pio/build/genericSTM32F401CC/SrcWrapper/src/HAL/stm32yyxx_hal_uart.c.o
                0x08001292                HAL_UART_Init
 .text.HAL_HalfDuplex_Init
                0x080012f0       0x66 .pio/build/genericSTM32F401CC/SrcWrapper/src/HAL/stm32yyxx_hal_uart.c.o
                0x080012f0                HAL_HalfDuplex_Init
 .text.HAL_UART_Transmit
                0x08001356       0x9c .pio/build/genericSTM32F401CC/SrcWrapper/src/HAL/stm32yyxx_hal_uart.c.o
                0x08001356                HAL_UART_Transmit
 .text.HAL_UART_Transmit_IT
                0x080013f2       0x32 .pio/build/genericSTM32F401CC/SrcWrapper/src/HAL/stm32yyxx_hal_uart.c.o
                0x080013f2                HAL_UART_Transmit_IT
 .text.UART_DMAAbortOnError
                0x08001424        0xe .pio/build/genericSTM32F401CC/SrcWrapper/src/HAL/stm32yyxx_hal_uart.c.o
 .text.HAL_UARTEx_RxEventCallback
                0x08001432        0x2 .pio/build/genericSTM32F401CC/SrcWrapper/src/HAL/stm32yyxx_hal_uart.c.o
                0x08001432                HAL_UARTEx_RxEventCallback
 .text.UART_Receive_IT.isra.0
                0x08001434       0xb6 .pio/build/genericSTM32F401CC/SrcWrapper/src/HAL/stm32yyxx_hal_uart.c.o
 *fill*         0x080014ea        0x2 
 .text.HAL_UART_IRQHandler
                0x080014ec      0x2e8 .pio/build/genericSTM32F401CC/SrcWrapper/src/HAL/stm32yyxx_hal_uart.c.o
                0x080014ec                HAL_UART_IRQHandler
 .text.HAL_HalfDuplex_EnableTransmitter
                0x080017d4       0x30 .pio/build/genericSTM32F401CC/SrcWrapper/src/HAL/stm32yyxx_hal_uart.c.o
                0x080017d4                HAL_HalfDuplex_EnableTransmitter
 .text.HAL_HalfDuplex_EnableReceiver
                0x08001804       0x30 .pio/build/genericSTM32F401CC/SrcWrapper/src/HAL/stm32yyxx_hal_uart.c.o
                0x08001804                HAL_HalfDuplex_EnableReceiver
 .text.HAL_UART_GetState
                0x08001834        0xc .pio/build/genericSTM32F401CC/SrcWrapper/src/HAL/stm32yyxx_hal_uart.c.o
                0x08001834                HAL_UART_GetState
 .text.UART_Start_Receive_IT
                0x08001840       0x32 .pio/build/genericSTM32F401CC/SrcWrapper/src/HAL/stm32yyxx_hal_uart.c.o
                0x08001840                UART_Start_Receive_IT
 .text.HAL_UART_Receive_IT
                0x08001872       0x22 .pio/build/genericSTM32F401CC/SrcWrapper/src/HAL/stm32yyxx_hal_uart.c.o
                0x08001872                HAL_UART_Receive_IT
 .text._ZNSt8functionIFvvEEaSEDn.isra.0
                0x08001894       0x16 .pio/build/genericSTM32F401CC/SrcWrapper/src/HardwareTimer.cpp.o
 .text._ZNSt14_Function_baseD2Ev
                0x080018aa       0x12 .pio/build/genericSTM32F401CC/SrcWrapper/src/HardwareTimer.cpp.o
                0x080018aa                std::_Function_base::~_Function_base()
                0x080018aa                std::_Function_base::~_Function_base()
 .text._Z15get_timer_indexP11TIM_TypeDef
                0x080018bc       0x64 .pio/build/genericSTM32F401CC/SrcWrapper/src/HardwareTimer.cpp.o
                0x080018bc                get_timer_index(TIM_TypeDef*)
 .text._ZN13HardwareTimerD2Ev
                0x08001920       0x40 .pio/build/genericSTM32F401CC/SrcWrapper/src/HardwareTimer.cpp.o
                0x08001920                HardwareTimer::~HardwareTimer()
                0x08001920                HardwareTimer::~HardwareTimer()
 .text._ZN13HardwareTimer5setupEP11TIM_TypeDef
                0x08001960       0x84 .pio/build/genericSTM32F401CC/SrcWrapper/src/HardwareTimer.cpp.o
                0x08001960                HardwareTimer::setup(TIM_TypeDef*)
 .text.TIM1_UP_TIM10_IRQHandler
                0x080019e4       0x24 .pio/build/genericSTM32F401CC/SrcWrapper/src/HardwareTimer.cpp.o
                0x080019e4                TIM1_UP_TIM10_IRQHandler
 .text.TIM1_CC_IRQHandler
                0x08001a08       0x14 .pio/build/genericSTM32F401CC/SrcWrapper/src/HardwareTimer.cpp.o
                0x08001a08                TIM1_CC_IRQHandler
 .text.TIM2_IRQHandler
                0x08001a1c       0x14 .pio/build/genericSTM32F401CC/SrcWrapper/src/HardwareTimer.cpp.o
                0x08001a1c                TIM2_IRQHandler
 .text.TIM3_IRQHandler
                0x08001a30       0x14 .pio/build/genericSTM32F401CC/SrcWrapper/src/HardwareTimer.cpp.o
                0x08001a30                TIM3_IRQHandler
 .text.TIM4_IRQHandler
                0x08001a44       0x14 .pio/build/genericSTM32F401CC/SrcWrapper/src/HardwareTimer.cpp.o
                0x08001a44                TIM4_IRQHandler
 .text.TIM5_IRQHandler
                0x08001a58       0x14 .pio/build/genericSTM32F401CC/SrcWrapper/src/HardwareTimer.cpp.o
                0x08001a58                TIM5_IRQHandler
 .text.TIM1_BRK_TIM9_IRQHandler
                0x08001a6c       0x14 .pio/build/genericSTM32F401CC/SrcWrapper/src/HardwareTimer.cpp.o
                0x08001a6c                TIM1_BRK_TIM9_IRQHandler
 .text.TIM1_TRG_COM_TIM11_IRQHandler
                0x08001a80       0x14 .pio/build/genericSTM32F401CC/SrcWrapper/src/HardwareTimer.cpp.o
                0x08001a80                TIM1_TRG_COM_TIM11_IRQHandler
 .text._ZNSt8functionIFvvEEC2Ev
                0x08001a94        0xc .pio/build/genericSTM32F401CC/SrcWrapper/src/HardwareTimer.cpp.o
                0x08001a94                std::function<void ()>::function()
                0x08001a94                std::function<void ()>::function()
 .text._ZN13HardwareTimerC2EP11TIM_TypeDef
                0x08001aa0       0x2a .pio/build/genericSTM32F401CC/SrcWrapper/src/HardwareTimer.cpp.o
                0x08001aa0                HardwareTimer::HardwareTimer(TIM_TypeDef*)
                0x08001aa0                HardwareTimer::HardwareTimer(TIM_TypeDef*)
 .text._ZNSt8functionIFvvEEC2ERKS1_
                0x08001aca       0x24 .pio/build/genericSTM32F401CC/SrcWrapper/src/HardwareTimer.cpp.o
                0x08001aca                std::function<void ()>::function(std::function<void ()> const&)
                0x08001aca                std::function<void ()>::function(std::function<void ()> const&)
 .text._ZNKSt8functionIFvvEEclEv
                0x08001aee       0x12 .pio/build/genericSTM32F401CC/SrcWrapper/src/HardwareTimer.cpp.o
                0x08001aee                std::function<void ()>::operator()() const
 .text._ZN13HardwareTimer14updateCallbackEP17TIM_HandleTypeDef
                0x08001b00       0x18 .pio/build/genericSTM32F401CC/SrcWrapper/src/HardwareTimer.cpp.o
                0x08001b00                HardwareTimer::updateCallback(TIM_HandleTypeDef*)
 .text.HAL_TIM_PeriodElapsedCallback
                0x08001b18        0x4 .pio/build/genericSTM32F401CC/SrcWrapper/src/HardwareTimer.cpp.o
                0x08001b18                HAL_TIM_PeriodElapsedCallback
 .text._ZN13HardwareTimer22captureCompareCallbackEP17TIM_HandleTypeDef
                0x08001b1c       0x3e .pio/build/genericSTM32F401CC/SrcWrapper/src/HardwareTimer.cpp.o
                0x08001b1c                HardwareTimer::captureCompareCallback(TIM_HandleTypeDef*)
 .text.HAL_TIM_OC_DelayElapsedCallback
                0x08001b5a        0x4 .pio/build/genericSTM32F401CC/SrcWrapper/src/HardwareTimer.cpp.o
                0x08001b5a                HAL_TIM_OC_DelayElapsedCallback
 .text.HAL_TIM_IC_CaptureCallback
                0x08001b5e        0x4 .pio/build/genericSTM32F401CC/SrcWrapper/src/HardwareTimer.cpp.o
                0x08001b5e                HAL_TIM_IC_CaptureCallback
 .text._Znwj    0x08001b62        0x4 .pio/build/genericSTM32F401CC/SrcWrapper/src/new.cpp.o
                0x08001b62                operator new(unsigned int)
 .text._ZdlPvj  0x08001b66        0x4 .pio/build/genericSTM32F401CC/SrcWrapper/src/new.cpp.o
                0x08001b66                operator delete(void*, unsigned int)
 *fill*         0x08001b6a        0x2 
 .text.set_GPIO_Port_Clock
                0x08001b6c       0xd0 .pio/build/genericSTM32F401CC/SrcWrapper/src/stm32/PortNames.c.o
                0x08001b6c                set_GPIO_Port_Clock
 .text.pwm_stop
                0x08001c3c       0x5c .pio/build/genericSTM32F401CC/SrcWrapper/src/stm32/analog.cpp.o
                0x08001c3c                pwm_stop
 .text.getCurrentMillis
                0x08001c98        0x4 .pio/build/genericSTM32F401CC/SrcWrapper/src/stm32/clock.c.o
                0x08001c98                getCurrentMillis
 .text.noOsSystickHandler
                0x08001c9c        0x2 .pio/build/genericSTM32F401CC/SrcWrapper/src/stm32/clock.c.o
                0x08001c9c                osSystickHandler
                0x08001c9c                noOsSystickHandler
 .text.SysTick_Handler
                0x08001c9e       0x10 .pio/build/genericSTM32F401CC/SrcWrapper/src/stm32/clock.c.o
                0x08001c9e                SysTick_Handler
 .text.configHSECapacitorTuning
                0x08001cae        0x2 .pio/build/genericSTM32F401CC/SrcWrapper/src/stm32/clock.c.o
                0x08001cae                configHSECapacitorTuning
 .text.configIPClock
                0x08001cb0       0x4c .pio/build/genericSTM32F401CC/SrcWrapper/src/stm32/clock.c.o
                0x08001cb0                configIPClock
 .text.dwt_init
                0x08001cfc       0x3c .pio/build/genericSTM32F401CC/SrcWrapper/src/stm32/dwt.c.o
                0x08001cfc                dwt_init
 .text.hw_config_init
                0x08001d38       0x24 .pio/build/genericSTM32F401CC/SrcWrapper/src/stm32/hw_config.c.o
                0x08001d38                hw_config_init
 .text._ZNSt17_Function_handlerIFvvEPS0_E10_M_managerERSt9_Any_dataRKS3_St18_Manager_operation
                0x08001d5c       0x20 .pio/build/genericSTM32F401CC/SrcWrapper/src/stm32/interrupt.cpp.o
                0x08001d5c                std::_Function_handler<void (), void (*)()>::_M_manager(std::_Any_data&, std::_Any_data const&, std::_Manager_operation)
 .text._ZNSt17_Function_handlerIFvvEPS0_E9_M_invokeERKSt9_Any_data
                0x08001d7c        0x4 .pio/build/genericSTM32F401CC/SrcWrapper/src/stm32/interrupt.cpp.o
                0x08001d7c                std::_Function_handler<void (), void (*)()>::_M_invoke(std::_Any_data const&)
 .text.startup._ZNSt8functionIFvvEEC2EDn.constprop.0.isra.0
                0x08001d80        0xc .pio/build/genericSTM32F401CC/SrcWrapper/src/stm32/interrupt.cpp.o
 .text.HAL_GPIO_EXTI_Callback
                0x08001d8c       0x2c .pio/build/genericSTM32F401CC/SrcWrapper/src/stm32/interrupt.cpp.o
                0x08001d8c                HAL_GPIO_EXTI_Callback
 .text.EXTI0_IRQHandler
                0x08001db8        0x6 .pio/build/genericSTM32F401CC/SrcWrapper/src/stm32/interrupt.cpp.o
                0x08001db8                EXTI0_IRQHandler
 .text.EXTI1_IRQHandler
                0x08001dbe        0x6 .pio/build/genericSTM32F401CC/SrcWrapper/src/stm32/interrupt.cpp.o
                0x08001dbe                EXTI1_IRQHandler
 .text.EXTI2_IRQHandler
                0x08001dc4        0x6 .pio/build/genericSTM32F401CC/SrcWrapper/src/stm32/interrupt.cpp.o
                0x08001dc4                EXTI2_IRQHandler
 .text.EXTI3_IRQHandler
                0x08001dca        0x6 .pio/build/genericSTM32F401CC/SrcWrapper/src/stm32/interrupt.cpp.o
                0x08001dca                EXTI3_IRQHandler
 .text.EXTI4_IRQHandler
                0x08001dd0        0x6 .pio/build/genericSTM32F401CC/SrcWrapper/src/stm32/interrupt.cpp.o
                0x08001dd0                EXTI4_IRQHandler
 .text.EXTI9_5_IRQHandler
                0x08001dd6       0x16 .pio/build/genericSTM32F401CC/SrcWrapper/src/stm32/interrupt.cpp.o
                0x08001dd6                EXTI9_5_IRQHandler
 .text.EXTI15_10_IRQHandler
                0x08001dec       0x18 .pio/build/genericSTM32F401CC/SrcWrapper/src/stm32/interrupt.cpp.o
                0x08001dec                EXTI15_10_IRQHandler
 .text._Z22stm32_interrupt_enable7PinNameSt8functionIFvvEEm
                0x08001e04       0xd8 .pio/build/genericSTM32F401CC/SrcWrapper/src/stm32/interrupt.cpp.o
                0x08001e04                stm32_interrupt_enable(PinName, std::function<void ()>, unsigned long)
 .text.startup._GLOBAL__sub_I__Z22stm32_interrupt_enable7PinNameSt8functionIFvvEEm
                0x08001edc       0xd8 .pio/build/genericSTM32F401CC/SrcWrapper/src/stm32/interrupt.cpp.o
 .text.exit._GLOBAL__sub_D__Z22stm32_interrupt_enable7PinNameSt8functionIFvvEEm
                0x08001fb4       0x1c .pio/build/genericSTM32F401CC/SrcWrapper/src/stm32/interrupt.cpp.o
 .text.LL_GPIO_SetPinPull
                0x08001fd0       0x2a .pio/build/genericSTM32F401CC/SrcWrapper/src/stm32/pinmap.c.o
 .text.pin_in_pinmap
                0x08001ffa       0x1e .pio/build/genericSTM32F401CC/SrcWrapper/src/stm32/pinmap.c.o
                0x08001ffa                pin_in_pinmap
 .text.pin_function
                0x08002018      0x11c .pio/build/genericSTM32F401CC/SrcWrapper/src/stm32/pinmap.c.o
                0x08002018                pin_function
 .text.pinmap_pinout
                0x08002134       0x1a .pio/build/genericSTM32F401CC/SrcWrapper/src/stm32/pinmap.c.o
                0x08002134                pinmap_pinout
 .text.pinmap_find_peripheral
                0x0800214e       0x16 .pio/build/genericSTM32F401CC/SrcWrapper/src/stm32/pinmap.c.o
                0x0800214e                pinmap_find_peripheral
 .text.pinmap_peripheral
                0x08002164        0xc .pio/build/genericSTM32F401CC/SrcWrapper/src/stm32/pinmap.c.o
                0x08002164                pinmap_peripheral
 .text.pinmap_find_pin
                0x08002170       0x16 .pio/build/genericSTM32F401CC/SrcWrapper/src/stm32/pinmap.c.o
                0x08002170                pinmap_find_pin
 .text.pinmap_pin
                0x08002186        0xc .pio/build/genericSTM32F401CC/SrcWrapper/src/stm32/pinmap.c.o
                0x08002186                pinmap_pin
 .text.pinmap_merge_peripheral
                0x08002192       0x14 .pio/build/genericSTM32F401CC/SrcWrapper/src/stm32/pinmap.c.o
                0x08002192                pinmap_merge_peripheral
 *fill*         0x080021a6        0x2 
 .text.SystemInit
                0x080021a8       0x50 .pio/build/genericSTM32F401CC/SrcWrapper/src/stm32/system_stm32yyxx.c.o
                0x080021a8                SystemInit
 .text.get_timer_obj
                0x080021f8        0x4 .pio/build/genericSTM32F401CC/SrcWrapper/src/stm32/timer.c.o
                0x080021f8                get_timer_obj
 .text.enableTimerClock
                0x080021fc      0x128 .pio/build/genericSTM32F401CC/SrcWrapper/src/stm32/timer.c.o
                0x080021fc                enableTimerClock
 .text.disableTimerClock
                0x08002324       0xb4 .pio/build/genericSTM32F401CC/SrcWrapper/src/stm32/timer.c.o
                0x08002324                disableTimerClock
 .text.getTimerUpIrq
                0x080023d8       0x74 .pio/build/genericSTM32F401CC/SrcWrapper/src/stm32/timer.c.o
                0x080023d8                getTimerUpIrq
 .text.getTimerCCIrq
                0x0800244c       0x78 .pio/build/genericSTM32F401CC/SrcWrapper/src/stm32/timer.c.o
                0x0800244c                getTimerCCIrq
 .text.HAL_TIM_Base_MspInit
                0x080024c4       0x4e .pio/build/genericSTM32F401CC/SrcWrapper/src/stm32/timer.c.o
                0x080024c4                HAL_TIM_Base_MspInit
 *fill*         0x08002512        0x2 
 .text.uart_init
                0x08002514      0x1d4 .pio/build/genericSTM32F401CC/SrcWrapper/src/stm32/uart.c.o
                0x08002514                uart_init
 .text.uart_debug_init
                0x080026e8       0x44 .pio/build/genericSTM32F401CC/SrcWrapper/src/stm32/uart.c.o
                0x080026e8                uart_debug_init
 .text.serial_rx_active
                0x0800272c       0x24 .pio/build/genericSTM32F401CC/SrcWrapper/src/stm32/uart.c.o
                0x0800272c                serial_rx_active
 .text.serial_tx_active
                0x08002750       0x24 .pio/build/genericSTM32F401CC/SrcWrapper/src/stm32/uart.c.o
                0x08002750                serial_tx_active
 .text.uart_debug_write
                0x08002774       0xc8 .pio/build/genericSTM32F401CC/SrcWrapper/src/stm32/uart.c.o
                0x08002774                uart_debug_write
 .text.uart_attach_tx_callback
                0x0800283c       0x40 .pio/build/genericSTM32F401CC/SrcWrapper/src/stm32/uart.c.o
                0x0800283c                uart_attach_tx_callback
 .text.uart_enable_tx
                0x0800287c       0x1c .pio/build/genericSTM32F401CC/SrcWrapper/src/stm32/uart.c.o
                0x0800287c                uart_enable_tx
 .text.uart_enable_rx
                0x08002898       0x1c .pio/build/genericSTM32F401CC/SrcWrapper/src/stm32/uart.c.o
                0x08002898                uart_enable_rx
 .text.HAL_UART_RxCpltCallback
                0x080028b4        0x6 .pio/build/genericSTM32F401CC/SrcWrapper/src/stm32/uart.c.o
                0x080028b4                HAL_UART_RxCpltCallback
 .text.HAL_UART_TxCpltCallback
                0x080028ba        0x6 .pio/build/genericSTM32F401CC/SrcWrapper/src/stm32/uart.c.o
                0x080028ba                HAL_UART_TxCpltCallback
 .text.HAL_UART_ErrorCallback
                0x080028c0       0x7c .pio/build/genericSTM32F401CC/SrcWrapper/src/stm32/uart.c.o
                0x080028c0                HAL_UART_ErrorCallback
 .text.USART1_IRQHandler
                0x0800293c       0x18 .pio/build/genericSTM32F401CC/SrcWrapper/src/stm32/uart.c.o
                0x0800293c                USART1_IRQHandler
 .text.USART2_IRQHandler
                0x08002954       0x1c .pio/build/genericSTM32F401CC/SrcWrapper/src/stm32/uart.c.o
                0x08002954                USART2_IRQHandler
 .text.USART6_IRQHandler
                0x08002970       0x18 .pio/build/genericSTM32F401CC/SrcWrapper/src/stm32/uart.c.o
                0x08002970                USART6_IRQHandler
 .text._sbrk    0x08002988       0x3c .pio/build/genericSTM32F401CC/SrcWrapper/src/syscalls.c.o
                0x08002988                _sbrk
 .text._close   0x080029c4        0x6 .pio/build/genericSTM32F401CC/SrcWrapper/src/syscalls.c.o
                0x080029c4                _close
 .text._fstat   0x080029ca        0xa .pio/build/genericSTM32F401CC/SrcWrapper/src/syscalls.c.o
                0x080029ca                _fstat
 .text._isatty  0x080029d4        0x4 .pio/build/genericSTM32F401CC/SrcWrapper/src/syscalls.c.o
                0x080029d4                _isatty
 .text._lseek   0x080029d8        0x4 .pio/build/genericSTM32F401CC/SrcWrapper/src/syscalls.c.o
                0x080029d8                _lseek
 .text._read    0x080029dc        0x4 .pio/build/genericSTM32F401CC/SrcWrapper/src/syscalls.c.o
                0x080029dc                _read
 .text._exit    0x080029e0        0x2 .pio/build/genericSTM32F401CC/SrcWrapper/src/syscalls.c.o
                0x080029e0                _exit
 *fill*         0x080029e2        0x2 
 .text._kill    0x080029e4       0x10 .pio/build/genericSTM32F401CC/SrcWrapper/src/syscalls.c.o
                0x080029e4                _kill
 .text._getpid  0x080029f4        0x4 .pio/build/genericSTM32F401CC/SrcWrapper/src/syscalls.c.o
                0x080029f4                _getpid
 .text._ZN5Print17availableForWriteEv
                0x080029f8        0x4 .pio/build/genericSTM32F401CC/src/main.cpp.o
                0x080029f8                Print::availableForWrite()
 .text._Z9buttonISRv
                0x080029fc       0x10 .pio/build/genericSTM32F401CC/src/main.cpp.o
                0x080029fc                buttonISR()
 .text._ZN10StreamFileI10FsBaseFileyE4readEv
                0x08002a0c       0x38 .pio/build/genericSTM32F401CC/src/main.cpp.o
                0x08002a0c                StreamFile<FsBaseFile, unsigned long long>::read()
 .text._ZN10StreamFileI10FsBaseFileyE4peekEv
                0x08002a44       0x18 .pio/build/genericSTM32F401CC/src/main.cpp.o
                0x08002a44                StreamFile<FsBaseFile, unsigned long long>::peek()
 .text._ZN10StreamFileI10FsBaseFileyE9availableEv
                0x08002a5c       0x4e .pio/build/genericSTM32F401CC/src/main.cpp.o
                0x08002a5c                StreamFile<FsBaseFile, unsigned long long>::available()
 .text._ZN10StreamFileI10FsBaseFileyE5flushEv
                0x08002aaa       0x14 .pio/build/genericSTM32F401CC/src/main.cpp.o
                0x08002aaa                StreamFile<FsBaseFile, unsigned long long>::flush()
 .text._ZN10FsBaseFile5writeEPKvj
                0x08002abe       0x14 .pio/build/genericSTM32F401CC/src/main.cpp.o
                0x08002abe                FsBaseFile::write(void const*, unsigned int)
 .text._ZN10StreamFileI10FsBaseFileyE5writeEPKhj
                0x08002ad2        0xa .pio/build/genericSTM32F401CC/src/main.cpp.o
                0x08002ad2                StreamFile<FsBaseFile, unsigned long long>::write(unsigned char const*, unsigned int)
 .text._ZN10StreamFileI10FsBaseFileyE5writeEh
                0x08002adc       0x18 .pio/build/genericSTM32F401CC/src/main.cpp.o
                0x08002adc                StreamFile<FsBaseFile, unsigned long long>::write(unsigned char)
 .text.setup    0x08002af4      0x1a0 .pio/build/genericSTM32F401CC/src/main.cpp.o
                0x08002af4                setup
 .text.loop     0x08002c94      0x114 .pio/build/genericSTM32F401CC/src/main.cpp.o
                0x08002c94                loop
 .text.startup._GLOBAL__sub_I_mySPI
                0x08002da8       0xcc .pio/build/genericSTM32F401CC/src/main.cpp.o
 .text._ZN8SPIClassC2Emmmm
                0x08002e74      0x12c .pio/build/genericSTM32F401CC/lib513/libSPI.a(SPI.cpp.o)
                0x08002e74                SPIClass::SPIClass(unsigned long, unsigned long, unsigned long, unsigned long)
                0x08002e74                SPIClass::SPIClass(unsigned long, unsigned long, unsigned long, unsigned long)
 .text._ZN8SPIClass5beginE13SPIDeviceMode
                0x08002fa0       0x2c .pio/build/genericSTM32F401CC/lib513/libSPI.a(SPI.cpp.o)
                0x08002fa0                SPIClass::begin(SPIDeviceMode)
 .text._ZN8SPIClass16beginTransactionE11SPISettings
                0x08002fcc       0x44 .pio/build/genericSTM32F401CC/lib513/libSPI.a(SPI.cpp.o)
                0x08002fcc                SPIClass::beginTransaction(SPISettings)
 .text._ZN8SPIClass14endTransactionEv
                0x08003010        0x2 .pio/build/genericSTM32F401CC/lib513/libSPI.a(SPI.cpp.o)
                0x08003010                SPIClass::endTransaction()
 .text._ZN8SPIClass8transferEhb
                0x08003012       0x24 .pio/build/genericSTM32F401CC/lib513/libSPI.a(SPI.cpp.o)
                0x08003012                SPIClass::transfer(unsigned char, bool)
 .text._ZN8SPIClass8transferEPvjb
                0x08003036        0xe .pio/build/genericSTM32F401CC/lib513/libSPI.a(SPI.cpp.o)
                0x08003036                SPIClass::transfer(void*, unsigned int, bool)
 .text._ZN8SPIClass8transferEPKvPvj
                0x08003044        0x6 .pio/build/genericSTM32F401CC/lib513/libSPI.a(SPI.cpp.o)
                0x08003044                SPIClass::transfer(void const*, void*, unsigned int)
 *fill*         0x0800304a        0x2 
 .text.startup._GLOBAL__sub_I_SPI
                0x0800304c       0x1c .pio/build/genericSTM32F401CC/lib513/libSPI.a(SPI.cpp.o)
 .text.LL_GPIO_SetPinPull
                0x08003068       0x2a .pio/build/genericSTM32F401CC/lib513/libSPI.a(spi_com.c.o)
 *fill*         0x08003092        0x2 
 .text.spi_getClkFreqInst
                0x08003094       0x3c .pio/build/genericSTM32F401CC/lib513/libSPI.a(spi_com.c.o)
                0x08003094                spi_getClkFreqInst
 .text.spi_init
                0x080030d0      0x280 .pio/build/genericSTM32F401CC/lib513/libSPI.a(spi_com.c.o)
                0x080030d0                spi_init
 .text.spi_transfer
                0x08003350       0x5e .pio/build/genericSTM32F401CC/lib513/libSPI.a(spi_com.c.o)
                0x08003350                spi_transfer
 .text._ZN5Print5flushEv
                0x080033ae        0x2 .pio/build/genericSTM32F401CC/lib41b/libTFT_eSPI.a(TFT_eSPI.cpp.o)
                0x080033ae                Print::flush()
 .text._ZN8TFT_eSPI5widthEv
                0x080033b0       0x12 .pio/build/genericSTM32F401CC/lib41b/libTFT_eSPI.a(TFT_eSPI.cpp.o)
                0x080033b0                TFT_eSPI::width()
 .text._ZN8TFT_eSPI6heightEv
                0x080033c2       0x12 .pio/build/genericSTM32F401CC/lib41b/libTFT_eSPI.a(TFT_eSPI.cpp.o)
                0x080033c2                TFT_eSPI::height()
 .text._ZN8TFT_eSPI9setWindowEllll
                0x080033d4      0x218 .pio/build/genericSTM32F401CC/lib41b/libTFT_eSPI.a(TFT_eSPI.cpp.o)
                0x080033d4                TFT_eSPI::setWindow(long, long, long, long)
 .text._ZN8TFT_eSPI8drawCharEtll
                0x080035ec       0x10 .pio/build/genericSTM32F401CC/lib41b/libTFT_eSPI.a(TFT_eSPI.cpp.o)
                0x080035ec                TFT_eSPI::drawChar(unsigned short, long, long)
 .text._ZN8TFT_eSPI9pushColorEt
                0x080035fc       0xf4 .pio/build/genericSTM32F401CC/lib41b/libTFT_eSPI.a(TFT_eSPI.cpp.o)
                0x080035fc                TFT_eSPI::pushColor(unsigned short)
 .text._ZN8TFT_eSPI13end_nin_writeEv.part.0
                0x080036f0       0x58 .pio/build/genericSTM32F401CC/lib41b/libTFT_eSPI.a(TFT_eSPI.cpp.o)
 .text._ZN8TFT_eSPI13end_nin_writeEv
                0x08003748       0x12 .pio/build/genericSTM32F401CC/lib41b/libTFT_eSPI.a(TFT_eSPI.cpp.o)
                0x08003748                TFT_eSPI::end_nin_write()
 *fill*         0x0800375a        0x2 
 .text._ZN8TFT_eSPI15begin_nin_writeEv
                0x0800375c       0x6c .pio/build/genericSTM32F401CC/lib41b/libTFT_eSPI.a(TFT_eSPI.cpp.o)
                0x0800375c                TFT_eSPI::begin_nin_write()
 .text._ZN8TFT_eSPI8drawCharElltmmh
                0x080037c8      0x4c8 .pio/build/genericSTM32F401CC/lib41b/libTFT_eSPI.a(TFT_eSPI.cpp.o)
                0x080037c8                TFT_eSPI::drawChar(long, long, unsigned short, unsigned long, unsigned long, unsigned char)
 .text._ZN8TFT_eSPI9drawPixelEllm
                0x08003c90      0x36c .pio/build/genericSTM32F401CC/lib41b/libTFT_eSPI.a(TFT_eSPI.cpp.o)
                0x08003c90                TFT_eSPI::drawPixel(long, long, unsigned long)
 .text._ZN8TFT_eSPI8drawLineEllllm
                0x08003ffc      0x1a4 .pio/build/genericSTM32F401CC/lib41b/libTFT_eSPI.a(TFT_eSPI.cpp.o)
                0x08003ffc                TFT_eSPI::drawLine(long, long, long, long, unsigned long)
 .text._ZN8TFT_eSPI9pushBlockEtm
                0x080041a0      0x668 .pio/build/genericSTM32F401CC/lib41b/libTFT_eSPI.a(TFT_eSPI.cpp.o)
                0x080041a0                TFT_eSPI::pushBlock(unsigned short, unsigned long)
 .text._ZN8TFT_eSPI13drawFastVLineElllm
                0x08004808      0x134 .pio/build/genericSTM32F401CC/lib41b/libTFT_eSPI.a(TFT_eSPI.cpp.o)
                0x08004808                TFT_eSPI::drawFastVLine(long, long, long, unsigned long)
 .text._ZN8TFT_eSPI13drawFastHLineElllm
                0x0800493c      0x134 .pio/build/genericSTM32F401CC/lib41b/libTFT_eSPI.a(TFT_eSPI.cpp.o)
                0x0800493c                TFT_eSPI::drawFastHLine(long, long, long, unsigned long)
 .text._ZN8TFT_eSPI8fillRectEllllm
                0x08004a70      0x158 .pio/build/genericSTM32F401CC/lib41b/libTFT_eSPI.a(TFT_eSPI.cpp.o)
                0x08004a70                TFT_eSPI::fillRect(long, long, long, long, unsigned long)
 .text._ZN8TFT_eSPI8drawCharEtllh
                0x08004bc8      0x82c .pio/build/genericSTM32F401CC/lib41b/libTFT_eSPI.a(TFT_eSPI.cpp.o)
                0x08004bc8                TFT_eSPI::drawChar(unsigned short, long, long, unsigned char)
 .text.DMA2_Stream3_IRQHandler
                0x080053f4        0xc .pio/build/genericSTM32F401CC/lib41b/libTFT_eSPI.a(TFT_eSPI.cpp.o)
                0x080053f4                DMA2_Stream3_IRQHandler
 .text._ZN8TFT_eSPI13resetViewportEv
                0x08005400       0x3c .pio/build/genericSTM32F401CC/lib41b/libTFT_eSPI.a(TFT_eSPI.cpp.o)
                0x08005400                TFT_eSPI::resetViewport()
 .text._ZN8TFT_eSPIC2Ess
                0x0800543c       0xb4 .pio/build/genericSTM32F401CC/lib41b/libTFT_eSPI.a(TFT_eSPI.cpp.o)
                0x0800543c                TFT_eSPI::TFT_eSPI(short, short)
                0x0800543c                TFT_eSPI::TFT_eSPI(short, short)
 .text._ZN8TFT_eSPI7initBusEv
                0x080054f0       0x36 .pio/build/genericSTM32F401CC/lib41b/libTFT_eSPI.a(TFT_eSPI.cpp.o)
                0x080054f0                TFT_eSPI::initBus()
 *fill*         0x08005526        0x2 
 .text._ZN8TFT_eSPI12writecommandEh
                0x08005528      0x130 .pio/build/genericSTM32F401CC/lib41b/libTFT_eSPI.a(TFT_eSPI.cpp.o)
                0x08005528                TFT_eSPI::writecommand(unsigned char)
 .text._ZN8TFT_eSPI9writedataEh
                0x08005658      0x118 .pio/build/genericSTM32F401CC/lib41b/libTFT_eSPI.a(TFT_eSPI.cpp.o)
                0x08005658                TFT_eSPI::writedata(unsigned char)
 .text._ZN8TFT_eSPI11setRotationEh
                0x08005770      0x244 .pio/build/genericSTM32F401CC/lib41b/libTFT_eSPI.a(TFT_eSPI.cpp.o)
                0x08005770                TFT_eSPI::setRotation(unsigned char)
 .text._ZN8TFT_eSPI10fillScreenEm
                0x080059b4       0x18 .pio/build/genericSTM32F401CC/lib41b/libTFT_eSPI.a(TFT_eSPI.cpp.o)
                0x080059b4                TFT_eSPI::fillScreen(unsigned long)
 .text._ZN8TFT_eSPI4initEh
                0x080059cc      0x53c .pio/build/genericSTM32F401CC/lib41b/libTFT_eSPI.a(TFT_eSPI.cpp.o)
                0x080059cc                TFT_eSPI::init(unsigned char)
 .text._ZN8TFT_eSPI8drawRectEllllm
                0x08005f08       0xd8 .pio/build/genericSTM32F401CC/lib41b/libTFT_eSPI.a(TFT_eSPI.cpp.o)
                0x08005f08                TFT_eSPI::drawRect(long, long, long, long, unsigned long)
 .text._ZN8TFT_eSPI9setCursorEss
                0x08005fe0        0x6 .pio/build/genericSTM32F401CC/lib41b/libTFT_eSPI.a(TFT_eSPI.cpp.o)
                0x08005fe0                TFT_eSPI::setCursor(short, short)
 .text._ZN8TFT_eSPI12setTextColorEttb
                0x08005fe6        0xa .pio/build/genericSTM32F401CC/lib41b/libTFT_eSPI.a(TFT_eSPI.cpp.o)
                0x08005fe6                TFT_eSPI::setTextColor(unsigned short, unsigned short, bool)
 .text._ZN8TFT_eSPI12setTextDatumEh
                0x08005ff0        0x4 .pio/build/genericSTM32F401CC/lib41b/libTFT_eSPI.a(TFT_eSPI.cpp.o)
                0x08005ff0                TFT_eSPI::setTextDatum(unsigned char)
 .text._ZN8TFT_eSPI10fontHeightEs
                0x08005ff4       0x34 .pio/build/genericSTM32F401CC/lib41b/libTFT_eSPI.a(TFT_eSPI.cpp.o)
                0x08005ff4                TFT_eSPI::fontHeight(short)
 .text._ZN8TFT_eSPI10fontHeightEv
                0x08006028        0x6 .pio/build/genericSTM32F401CC/lib41b/libTFT_eSPI.a(TFT_eSPI.cpp.o)
                0x08006028                TFT_eSPI::fontHeight()
 *fill*         0x0800602e        0x2 
 .text._ZN8TFT_eSPI14readAddrWindowEllll
                0x08006030      0x210 .pio/build/genericSTM32F401CC/lib41b/libTFT_eSPI.a(TFT_eSPI.cpp.o)
                0x08006030                TFT_eSPI::readAddrWindow(long, long, long, long)
 .text._ZN8TFT_eSPI10startWriteEv
                0x08006240       0x78 .pio/build/genericSTM32F401CC/lib41b/libTFT_eSPI.a(TFT_eSPI.cpp.o)
                0x08006240                TFT_eSPI::startWrite()
 .text._ZN8TFT_eSPI8endWriteEv
                0x080062b8       0x28 .pio/build/genericSTM32F401CC/lib41b/libTFT_eSPI.a(TFT_eSPI.cpp.o)
                0x080062b8                TFT_eSPI::endWrite()
 .text._ZN8TFT_eSPI8color565Ehhh
                0x080062e0       0x18 .pio/build/genericSTM32F401CC/lib41b/libTFT_eSPI.a(TFT_eSPI.cpp.o)
                0x080062e0                TFT_eSPI::color565(unsigned char, unsigned char, unsigned char)
 .text._ZN8TFT_eSPI9readPixelEll
                0x080062f8      0x210 .pio/build/genericSTM32F401CC/lib41b/libTFT_eSPI.a(TFT_eSPI.cpp.o)
                0x080062f8                TFT_eSPI::readPixel(long, long)
 .text._ZN8TFT_eSPI10decodeUTF8Eh
                0x08006508       0x60 .pio/build/genericSTM32F401CC/lib41b/libTFT_eSPI.a(TFT_eSPI.cpp.o)
                0x08006508                TFT_eSPI::decodeUTF8(unsigned char)
 .text._ZN8TFT_eSPI5writeEh
                0x08006568      0x1e0 .pio/build/genericSTM32F401CC/lib41b/libTFT_eSPI.a(TFT_eSPI.cpp.o)
                0x08006568                TFT_eSPI::write(unsigned char)
 .text._ZN8TFT_eSPI10alphaBlendEhtt
                0x08006748       0x32 .pio/build/genericSTM32F401CC/lib41b/libTFT_eSPI.a(TFT_eSPI.cpp.o)
                0x08006748                TFT_eSPI::alphaBlend(unsigned char, unsigned short, unsigned short)
 .text._ZN8TFT_eSPI10unloadFontEv
                0x0800677a       0x80 .pio/build/genericSTM32F401CC/lib41b/libTFT_eSPI.a(TFT_eSPI.cpp.o)
                0x0800677a                TFT_eSPI::unloadFont()
 .text._ZN8TFT_eSPI9readInt32Ev
                0x080067fa       0x36 .pio/build/genericSTM32F401CC/lib41b/libTFT_eSPI.a(TFT_eSPI.cpp.o)
                0x080067fa                TFT_eSPI::readInt32()
 .text._ZN8TFT_eSPI11loadMetricsEv
                0x08006830      0x12e .pio/build/genericSTM32F401CC/lib41b/libTFT_eSPI.a(TFT_eSPI.cpp.o)
                0x08006830                TFT_eSPI::loadMetrics()
 .text._ZN8TFT_eSPI8loadFontE6Stringb
                0x0800695e       0x80 .pio/build/genericSTM32F401CC/lib41b/libTFT_eSPI.a(TFT_eSPI.cpp.o)
                0x0800695e                TFT_eSPI::loadFont(String, bool)
 *fill*         0x080069de        0x2 
 .text._ZN8TFT_eSPI8loadFontEPKh
                0x080069e0       0x2c .pio/build/genericSTM32F401CC/lib41b/libTFT_eSPI.a(TFT_eSPI.cpp.o)
                0x080069e0                TFT_eSPI::loadFont(unsigned char const*)
 .text._ZN8TFT_eSPI15getUnicodeIndexEtPt
                0x08006a0c       0x28 .pio/build/genericSTM32F401CC/lib41b/libTFT_eSPI.a(TFT_eSPI.cpp.o)
                0x08006a0c                TFT_eSPI::getUnicodeIndex(unsigned short, unsigned short*)
 .text._ZN8TFT_eSPI9textWidthEPKch
                0x08006a34      0x128 .pio/build/genericSTM32F401CC/lib41b/libTFT_eSPI.a(TFT_eSPI.cpp.o)
                0x08006a34                TFT_eSPI::textWidth(char const*, unsigned char)
 .text._ZN8TFT_eSPI9textWidthERK6String
                0x08006b5c       0x2e .pio/build/genericSTM32F401CC/lib41b/libTFT_eSPI.a(TFT_eSPI.cpp.o)
                0x08006b5c                TFT_eSPI::textWidth(String const&)
 .text._ZN8TFT_eSPI9drawGlyphEt
                0x08006b8a      0x426 .pio/build/genericSTM32F401CC/lib41b/libTFT_eSPI.a(TFT_eSPI.cpp.o)
                0x08006b8a                TFT_eSPI::drawGlyph(unsigned short)
 .text.startup._GLOBAL__sub_I_spi
                0x08006fb0       0x1c .pio/build/genericSTM32F401CC/lib41b/libTFT_eSPI.a(TFT_eSPI.cpp.o)
 .text._ZN9ExFatFile8dirCacheEhh
                0x08006fcc       0x38 .pio/build/genericSTM32F401CC/liba19/libSdFat.a(ExFatFile.cpp.o)
                0x08006fcc                ExFatFile::dirCache(unsigned char, unsigned char)
 .text._ZN9ExFatFile5closeEv
                0x08007004       0x14 .pio/build/genericSTM32F401CC/liba19/libSdFat.a(ExFatFile.cpp.o)
                0x08007004                ExFatFile::close()
 .text._ZN9ExFatFile8openRootEP11ExFatVolume
                0x08007018       0x26 .pio/build/genericSTM32F401CC/liba19/libSdFat.a(ExFatFile.cpp.o)
                0x08007018                ExFatFile::openRoot(ExFatVolume*)
 *fill*         0x0800703e        0x2 
 .text._ZN9ExFatFile13parsePathNameEPKcP8ExName_tPS1_
                0x08007040       0x84 .pio/build/genericSTM32F401CC/liba19/libSdFat.a(ExFatFile.cpp.o)
                0x08007040                ExFatFile::parsePathName(char const*, ExName_t*, char const**)
 .text._ZN9ExFatFile7seekSetEy
                0x080070c4       0xe0 .pio/build/genericSTM32F401CC/liba19/libSdFat.a(ExFatFile.cpp.o)
                0x080070c4                ExFatFile::seekSet(unsigned long long)
 .text._ZN9ExFatFile4readEPvj
                0x080071a4      0x1c0 .pio/build/genericSTM32F401CC/liba19/libSdFat.a(ExFatFile.cpp.o)
                0x080071a4                ExFatFile::read(void*, unsigned int)
 .text._ZN9ExFatFile4peekEv
                0x08007364       0x2c .pio/build/genericSTM32F401CC/liba19/libSdFat.a(ExFatFile.cpp.o)
                0x08007364                ExFatFile::peek()
 .text._ZN9ExFatFile11openPrivateEPS_P8ExName_ti
                0x08007390      0x348 .pio/build/genericSTM32F401CC/liba19/libSdFat.a(ExFatFile.cpp.o)
                0x08007390                ExFatFile::openPrivate(ExFatFile*, ExName_t*, int)
 .text._ZN9ExFatFile4openEPS_PKci
                0x080076d8       0xc0 .pio/build/genericSTM32F401CC/liba19/libSdFat.a(ExFatFile.cpp.o)
                0x080076d8                ExFatFile::open(ExFatFile*, char const*, int)
 .text._ZN9ExFatFile4openEP11ExFatVolumePKci
                0x08007798        0xe .pio/build/genericSTM32F401CC/liba19/libSdFat.a(ExFatFile.cpp.o)
                0x08007798                ExFatFile::open(ExFatVolume*, char const*, int)
 .text._ZL16exFatDirChecksumPKht
                0x080077a6       0x2e .pio/build/genericSTM32F401CC/liba19/libSdFat.a(ExFatFileWrite.cpp.o)
 .text._ZN14ExFatPartition9cacheSyncEv
                0x080077d4       0x24 .pio/build/genericSTM32F401CC/liba19/libSdFat.a(ExFatFileWrite.cpp.o)
                0x080077d4                ExFatPartition::cacheSync()
 .text._ZN9ExFatFile10addClusterEv
                0x080077f8       0x94 .pio/build/genericSTM32F401CC/liba19/libSdFat.a(ExFatFileWrite.cpp.o)
                0x080077f8                ExFatFile::addCluster()
 .text._ZN9ExFatFile7syncDirEv
                0x0800788c       0xd4 .pio/build/genericSTM32F401CC/liba19/libSdFat.a(ExFatFileWrite.cpp.o)
                0x0800788c                ExFatFile::syncDir()
 .text._ZN9ExFatFile4syncEv
                0x08007960       0x42 .pio/build/genericSTM32F401CC/liba19/libSdFat.a(ExFatFileWrite.cpp.o)
                0x08007960                ExFatFile::sync()
 .text._ZN9ExFatFile13addDirClusterEv
                0x080079a2       0xac .pio/build/genericSTM32F401CC/liba19/libSdFat.a(ExFatFileWrite.cpp.o)
                0x080079a2                ExFatFile::addDirCluster()
 .text._ZN9ExFatFile8truncateEv
                0x08007a4e       0xdc .pio/build/genericSTM32F401CC/liba19/libSdFat.a(ExFatFileWrite.cpp.o)
                0x08007a4e                ExFatFile::truncate()
 *fill*         0x08007b2a        0x2 
 .text._ZN9ExFatFile5writeEPKvj
                0x08007b2c      0x2a8 .pio/build/genericSTM32F401CC/liba19/libSdFat.a(ExFatFileWrite.cpp.o)
                0x08007b2c                ExFatFile::write(void const*, unsigned int)
 .text._ZN9ExFatFile7cmpNameEPK9DirName_tP8ExName_t
                0x08007dd4       0x50 .pio/build/genericSTM32F401CC/liba19/libSdFat.a(ExFatName.cpp.o)
                0x08007dd4                ExFatFile::cmpName(DirName_t const*, ExName_t*)
 .text._ZN9ExFatFile8hashNameEP8ExName_t
                0x08007e24       0x4e .pio/build/genericSTM32F401CC/liba19/libSdFat.a(ExFatName.cpp.o)
                0x08007e24                ExFatFile::hashName(ExName_t*)
 .text._ZN14ExFatPartition10bitmapFindEmm
                0x08007e72       0xaa .pio/build/genericSTM32F401CC/liba19/libSdFat.a(ExFatPartition.cpp.o)
                0x08007e72                ExFatPartition::bitmapFind(unsigned long, unsigned long)
 .text._ZN14ExFatPartition12bitmapModifyEmmb
                0x08007f1c       0xac .pio/build/genericSTM32F401CC/liba19/libSdFat.a(ExFatPartition.cpp.o)
                0x08007f1c                ExFatPartition::bitmapModify(unsigned long, unsigned long, bool)
 .text._ZN14ExFatPartition8dirCacheEPK8DirPos_th
                0x08007fc8       0x34 .pio/build/genericSTM32F401CC/liba19/libSdFat.a(ExFatPartition.cpp.o)
                0x08007fc8                ExFatPartition::dirCache(DirPos_t const*, unsigned char)
 .text._ZN14ExFatPartition6fatGetEmPm
                0x08007ffc       0x40 .pio/build/genericSTM32F401CC/liba19/libSdFat.a(ExFatPartition.cpp.o)
                0x08007ffc                ExFatPartition::fatGet(unsigned long, unsigned long*)
 .text._ZN14ExFatPartition9chainSizeEm
                0x0800803c       0x26 .pio/build/genericSTM32F401CC/liba19/libSdFat.a(ExFatPartition.cpp.o)
                0x0800803c                ExFatPartition::chainSize(unsigned long)
 .text._ZN14ExFatPartition7dirSeekEP8DirPos_tm
                0x08008062       0x40 .pio/build/genericSTM32F401CC/liba19/libSdFat.a(ExFatPartition.cpp.o)
                0x08008062                ExFatPartition::dirSeek(DirPos_t*, unsigned long)
 .text._ZN14ExFatPartition6fatPutEmm
                0x080080a2       0x3a .pio/build/genericSTM32F401CC/liba19/libSdFat.a(ExFatPartition.cpp.o)
                0x080080a2                ExFatPartition::fatPut(unsigned long, unsigned long)
 .text._ZN14ExFatPartition9freeChainEm
                0x080080dc       0x4e .pio/build/genericSTM32F401CC/liba19/libSdFat.a(ExFatPartition.cpp.o)
                0x080080dc                ExFatPartition::freeChain(unsigned long)
 *fill*         0x0800812a        0x2 
 .text._ZN14ExFatPartition4initEP9SdSpiCardhm
                0x0800812c       0xe0 .pio/build/genericSTM32F401CC/liba19/libSdFat.a(ExFatPartition.cpp.o)
                0x0800812c                ExFatPartition::init(SdSpiCard*, unsigned char, unsigned long)
 .text._ZN14ExFatPartition10rootLengthEv
                0x0800820c       0x18 .pio/build/genericSTM32F401CC/liba19/libSdFat.a(ExFatPartition.cpp.o)
                0x0800820c                ExFatPartition::rootLength()
 .text._ZN12FatPartition9cacheSyncEv
                0x08008224       0x24 .pio/build/genericSTM32F401CC/liba19/libSdFat.a(FatFile.cpp.o)
                0x08008224                FatPartition::cacheSync()
 .text._ZN7FatFile4copyEPKS_
                0x08008248       0x18 .pio/build/genericSTM32F401CC/liba19/libSdFat.a(FatFile.cpp.o)
                0x08008248                FatFile::copy(FatFile const*)
 .text._ZN7FatFile10addClusterEv
                0x08008260       0x36 .pio/build/genericSTM32F401CC/liba19/libSdFat.a(FatFile.cpp.o)
                0x08008260                FatFile::addCluster()
 *fill*         0x08008296        0x2 
 .text._ZN7FatFile13addDirClusterEv
                0x08008298       0x70 .pio/build/genericSTM32F401CC/liba19/libSdFat.a(FatFile.cpp.o)
                0x08008298                FatFile::addDirCluster()
 .text._ZN7FatFile13cacheDirEntryEh
                0x08008308       0x1e .pio/build/genericSTM32F401CC/liba19/libSdFat.a(FatFile.cpp.o)
                0x08008308                FatFile::cacheDirEntry(unsigned char)
 .text._ZN7FatFile8openRootEP9FatVolume
                0x08008326       0x2e .pio/build/genericSTM32F401CC/liba19/libSdFat.a(FatFile.cpp.o)
                0x08008326                FatFile::openRoot(FatVolume*)
 .text._ZN7FatFile11readPrivateEPvjPP8DirFat_t
                0x08008354      0x17e .pio/build/genericSTM32F401CC/liba19/libSdFat.a(FatFile.cpp.o)
                0x08008354                FatFile::readPrivate(void*, unsigned int, DirFat_t**)
 .text._ZN7FatFile4peekEv
                0x080084d2       0x28 .pio/build/genericSTM32F401CC/liba19/libSdFat.a(FatFile.cpp.o)
                0x080084d2                FatFile::peek()
 .text._ZN7FatFile12readDirCacheEv
                0x080084fa       0x1c .pio/build/genericSTM32F401CC/liba19/libSdFat.a(FatFile.cpp.o)
                0x080084fa                FatFile::readDirCache()
 .text._ZN7FatFile7seekSetEm
                0x08008516       0xa0 .pio/build/genericSTM32F401CC/liba19/libSdFat.a(FatFile.cpp.o)
                0x08008516                FatFile::seekSet(unsigned long)
 .text._ZN7FatFile15openCachedEntryEPS_tih
                0x080085b6       0xc8 .pio/build/genericSTM32F401CC/liba19/libSdFat.a(FatFile.cpp.o)
                0x080085b6                FatFile::openCachedEntry(FatFile*, unsigned short, int, unsigned char)
 *fill*         0x0800867e        0x2 
 .text._ZN7FatFile4syncEv
                0x08008680       0x84 .pio/build/genericSTM32F401CC/liba19/libSdFat.a(FatFile.cpp.o)
                0x08008680                FatFile::sync()
 .text._ZN7FatFile5closeEv
                0x08008704       0x10 .pio/build/genericSTM32F401CC/liba19/libSdFat.a(FatFile.cpp.o)
                0x08008704                FatFile::close()
 .text._ZN7FatFile4openEPS_PKci
                0x08008714       0x92 .pio/build/genericSTM32F401CC/liba19/libSdFat.a(FatFile.cpp.o)
                0x08008714                FatFile::open(FatFile*, char const*, int)
 .text._ZN7FatFile4openEP9FatVolumePKci
                0x080087a6        0xe .pio/build/genericSTM32F401CC/liba19/libSdFat.a(FatFile.cpp.o)
                0x080087a6                FatFile::open(FatVolume*, char const*, int)
 .text._ZN7FatFile5writeEPKvj
                0x080087b4      0x190 .pio/build/genericSTM32F401CC/liba19/libSdFat.a(FatFile.cpp.o)
                0x080087b4                FatFile::write(void const*, unsigned int)
 .text._ZN7FatFile11lfnChecksumEPKh.isra.0
                0x08008944       0x1e .pio/build/genericSTM32F401CC/liba19/libSdFat.a(FatFileLFN.cpp.o)
 .text._ZN7FatFile8cacheDirEt
                0x08008962       0x18 .pio/build/genericSTM32F401CC/liba19/libSdFat.a(FatFileLFN.cpp.o)
                0x08008962                FatFile::cacheDir(unsigned short)
 .text._ZN7FatFile7cmpNameEtP8FatLfn_th
                0x0800897a       0xa0 .pio/build/genericSTM32F401CC/liba19/libSdFat.a(FatFileLFN.cpp.o)
                0x0800897a                FatFile::cmpName(unsigned short, FatLfn_t*, unsigned char)
 .text._ZN7FatFile9createLFNEtP8FatLfn_th
                0x08008a1a       0xe0 .pio/build/genericSTM32F401CC/liba19/libSdFat.a(FatFileLFN.cpp.o)
                0x08008a1a                FatFile::createLFN(unsigned short, FatLfn_t*, unsigned char)
 .text._ZN7FatFile7makeSFNEP8FatLfn_t
                0x08008afa      0x128 .pio/build/genericSTM32F401CC/liba19/libSdFat.a(FatFileLFN.cpp.o)
                0x08008afa                FatFile::makeSFN(FatLfn_t*)
 .text._ZN7FatFile13makeUniqueSfnEP8FatLfn_t
                0x08008c22       0x90 .pio/build/genericSTM32F401CC/liba19/libSdFat.a(FatFileLFN.cpp.o)
                0x08008c22                FatFile::makeUniqueSfn(FatLfn_t*)
 *fill*         0x08008cb2        0x2 
 .text._ZN7FatFile4openEPS_P8FatLfn_ti
                0x08008cb4      0x294 .pio/build/genericSTM32F401CC/liba19/libSdFat.a(FatFileLFN.cpp.o)
                0x08008cb4                FatFile::open(FatFile*, FatLfn_t*, int)
 .text._ZN7FatFile13parsePathNameEPKcP8FatLfn_tPS1_
                0x08008f48       0x98 .pio/build/genericSTM32F401CC/liba19/libSdFat.a(FatFileLFN.cpp.o)
                0x08008f48                FatFile::parsePathName(char const*, FatLfn_t*, char const**)
 .text._ZN7FatFile10getLfnCharEPK8DirLfn_th
                0x08008fe0       0x28 .pio/build/genericSTM32F401CC/liba19/libSdFat.a(FatName.cpp.o)
                0x08008fe0                FatFile::getLfnChar(DirLfn_t const*, unsigned char)
 .text._ZN12FatPartition15fatCachePrepareEmh
                0x08009008       0x12 .pio/build/genericSTM32F401CC/liba19/libSdFat.a(FatPartition.cpp.o)
                0x08009008                FatPartition::fatCachePrepare(unsigned long, unsigned char)
 .text._ZN12FatPartition6fatGetEmPm
                0x0800901a       0x64 .pio/build/genericSTM32F401CC/liba19/libSdFat.a(FatPartition.cpp.o)
                0x0800901a                FatPartition::fatGet(unsigned long, unsigned long*)
 .text._ZN12FatPartition6fatPutEmm
                0x0800907e       0x56 .pio/build/genericSTM32F401CC/liba19/libSdFat.a(FatPartition.cpp.o)
                0x0800907e                FatPartition::fatPut(unsigned long, unsigned long)
 .text._ZN12FatPartition15allocateClusterEmPm
                0x080090d4       0x78 .pio/build/genericSTM32F401CC/liba19/libSdFat.a(FatPartition.cpp.o)
                0x080090d4                FatPartition::allocateCluster(unsigned long, unsigned long*)
 .text._ZN12FatPartition9freeChainEm
                0x0800914c       0x3a .pio/build/genericSTM32F401CC/liba19/libSdFat.a(FatPartition.cpp.o)
                0x0800914c                FatPartition::freeChain(unsigned long)
 .text._ZN12FatPartition4initEP9SdSpiCardhm
                0x08009186      0x112 .pio/build/genericSTM32F401CC/liba19/libSdFat.a(FatPartition.cpp.o)
                0x08009186                FatPartition::init(SdSpiCard*, unsigned char, unsigned long)
 .text._ZN10FsBaseFile4copyEPKS_
                0x08009298       0x66 .pio/build/genericSTM32F401CC/liba19/libSdFat.a(FsFile.cpp.o)
                0x08009298                FsBaseFile::copy(FsBaseFile const*)
 .text._ZN10FsBaseFile4moveEPS_
                0x080092fe       0x14 .pio/build/genericSTM32F401CC/liba19/libSdFat.a(FsFile.cpp.o)
                0x080092fe                FsBaseFile::move(FsBaseFile*)
 .text._ZN10FsBaseFile5closeEv
                0x08009312       0x22 .pio/build/genericSTM32F401CC/liba19/libSdFat.a(FsFile.cpp.o)
                0x08009312                FsBaseFile::close()
 .text._ZN10FsBaseFile4openEP8FsVolumePKci
                0x08009334       0x74 .pio/build/genericSTM32F401CC/liba19/libSdFat.a(FsFile.cpp.o)
                0x08009334                FsBaseFile::open(FsVolume*, char const*, int)
 .text._ZnwjPm  0x080093a8        0x4 .pio/build/genericSTM32F401CC/liba19/libSdFat.a(FsNew.cpp.o)
                0x080093a8                operator new(unsigned int, unsigned long*)
 .text._ZN8FsVolume5beginEP9SdSpiCardbhm
                0x080093ac       0xf8 .pio/build/genericSTM32F401CC/liba19/libSdFat.a(FsVolume.cpp.o)
                0x080093ac                FsVolume::begin(SdSpiCard*, bool, unsigned char, unsigned long)
 .text._ZN8FsVolume4openEPKci
                0x080094a4       0x28 .pio/build/genericSTM32F401CC/liba19/libSdFat.a(FsVolume.cpp.o)
                0x080094a4                FsVolume::open(char const*, int)
 .text._ZN12_GLOBAL__N_17Timeout8timedOutEv.isra.0
                0x080094cc       0x10 .pio/build/genericSTM32F401CC/liba19/libSdFat.a(SdSpiCard.cpp.o)
 .text._ZN9SdSpiCard8spiStartEv
                0x080094dc       0x26 .pio/build/genericSTM32F401CC/liba19/libSdFat.a(SdSpiCard.cpp.o)
                0x080094dc                SdSpiCard::spiStart()
 .text._ZN9SdSpiCard7spiStopEv
                0x08009502       0x24 .pio/build/genericSTM32F401CC/liba19/libSdFat.a(SdSpiCard.cpp.o)
                0x08009502                SdSpiCard::spiStop()
 .text._ZN9SdSpiCard8readDataEPhj
                0x08009526       0x60 .pio/build/genericSTM32F401CC/liba19/libSdFat.a(SdSpiCard.cpp.o)
                0x08009526                SdSpiCard::readData(unsigned char*, unsigned int)
 .text._ZN9SdSpiCard8readDataEPh
                0x08009586        0x8 .pio/build/genericSTM32F401CC/liba19/libSdFat.a(SdSpiCard.cpp.o)
                0x08009586                SdSpiCard::readData(unsigned char*)
 .text._ZN9SdSpiCard9waitReadyEt
                0x0800958e       0x2a .pio/build/genericSTM32F401CC/liba19/libSdFat.a(SdSpiCard.cpp.o)
                0x0800958e                SdSpiCard::waitReady(unsigned short)
 .text._ZN9SdSpiCard9writeDataEhPKh
                0x080095b8       0x48 .pio/build/genericSTM32F401CC/liba19/libSdFat.a(SdSpiCard.cpp.o)
                0x080095b8                SdSpiCard::writeData(unsigned char, unsigned char const*)
 .text._ZN9SdSpiCard9writeDataEPKh
                0x08009600       0x2e .pio/build/genericSTM32F401CC/liba19/libSdFat.a(SdSpiCard.cpp.o)
                0x08009600                SdSpiCard::writeData(unsigned char const*)
 .text._ZN9SdSpiCard9writeStopEv
                0x0800962e       0x32 .pio/build/genericSTM32F401CC/liba19/libSdFat.a(SdSpiCard.cpp.o)
                0x0800962e                SdSpiCard::writeStop()
 .text._ZN9SdSpiCard10syncDeviceEv
                0x08009660       0x16 .pio/build/genericSTM32F401CC/liba19/libSdFat.a(SdSpiCard.cpp.o)
                0x08009660                SdSpiCard::syncDevice()
 .text._ZN9SdSpiCard11cardCommandEhm
                0x08009676       0x78 .pio/build/genericSTM32F401CC/liba19/libSdFat.a(SdSpiCard.cpp.o)
                0x08009676                SdSpiCard::cardCommand(unsigned char, unsigned long)
 .text._ZN9SdSpiCard8cardAcmdEhm
                0x080096ee       0x1e .pio/build/genericSTM32F401CC/liba19/libSdFat.a(SdSpiCard.cpp.o)
                0x080096ee                SdSpiCard::cardAcmd(unsigned char, unsigned long)
 .text._ZN9SdSpiCard5beginE11SdSpiConfig
                0x0800970c      0x16c .pio/build/genericSTM32F401CC/liba19/libSdFat.a(SdSpiCard.cpp.o)
                0x0800970c                SdSpiCard::begin(SdSpiConfig)
 .text._ZN9SdSpiCard9readStartEm
                0x08009878       0x2a .pio/build/genericSTM32F401CC/liba19/libSdFat.a(SdSpiCard.cpp.o)
                0x08009878                SdSpiCard::readStart(unsigned long)
 .text._ZN9SdSpiCard8readStopEv
                0x080098a2       0x2a .pio/build/genericSTM32F401CC/liba19/libSdFat.a(SdSpiCard.cpp.o)
                0x080098a2                SdSpiCard::readStop()
 .text._ZN9SdSpiCard11readSectorsEmPhj
                0x080098cc       0x54 .pio/build/genericSTM32F401CC/liba19/libSdFat.a(SdSpiCard.cpp.o)
                0x080098cc                SdSpiCard::readSectors(unsigned long, unsigned char*, unsigned int)
 .text._ZN9SdSpiCard10readSectorEmPh
                0x08009920        0x6 .pio/build/genericSTM32F401CC/liba19/libSdFat.a(SdSpiCard.cpp.o)
                0x08009920                SdSpiCard::readSector(unsigned long, unsigned char*)
 .text._ZN9SdSpiCard10writeStartEm
                0x08009926       0x2c .pio/build/genericSTM32F401CC/liba19/libSdFat.a(SdSpiCard.cpp.o)
                0x08009926                SdSpiCard::writeStart(unsigned long)
 .text._ZN9SdSpiCard12writeSectorsEmPKhj
                0x08009952       0x56 .pio/build/genericSTM32F401CC/liba19/libSdFat.a(SdSpiCard.cpp.o)
                0x08009952                SdSpiCard::writeSectors(unsigned long, unsigned char const*, unsigned int)
 .text._ZN9SdSpiCard11writeSectorEmPKh
                0x080099a8       0x7c .pio/build/genericSTM32F401CC/liba19/libSdFat.a(SdSpiCard.cpp.o)
                0x080099a8                SdSpiCard::writeSector(unsigned long, unsigned char const*)
 .text._Z8sdCsInith
                0x08009a24        0x6 .pio/build/genericSTM32F401CC/liba19/libSdFat.a(SdSpiChipSelect.cpp.o)
                0x08009a24                sdCsInit(unsigned char)
 .text._Z9sdCsWritehb
                0x08009a2a        0x4 .pio/build/genericSTM32F401CC/liba19/libSdFat.a(SdSpiChipSelect.cpp.o)
                0x08009a2a                sdCsWrite(unsigned char, bool)
 .text._ZN18SdSpiArduinoDriver8activateEv
                0x08009a2e        0xa .pio/build/genericSTM32F401CC/liba19/libSdFat.a(SdSpiSTM32Core.cpp.o)
                0x08009a2e                SdSpiArduinoDriver::activate()
 .text._ZN18SdSpiArduinoDriver5beginE11SdSpiConfig
                0x08009a38       0x24 .pio/build/genericSTM32F401CC/liba19/libSdFat.a(SdSpiSTM32Core.cpp.o)
                0x08009a38                SdSpiArduinoDriver::begin(SdSpiConfig)
 .text._ZN18SdSpiArduinoDriver10deactivateEv
                0x08009a5c        0x6 .pio/build/genericSTM32F401CC/liba19/libSdFat.a(SdSpiSTM32Core.cpp.o)
                0x08009a5c                SdSpiArduinoDriver::deactivate()
 .text._ZN18SdSpiArduinoDriver7receiveEv
                0x08009a62        0xa .pio/build/genericSTM32F401CC/liba19/libSdFat.a(SdSpiSTM32Core.cpp.o)
                0x08009a62                SdSpiArduinoDriver::receive()
 .text._ZN18SdSpiArduinoDriver7receiveEPhj
                0x08009a6c       0x20 .pio/build/genericSTM32F401CC/liba19/libSdFat.a(SdSpiSTM32Core.cpp.o)
                0x08009a6c                SdSpiArduinoDriver::receive(unsigned char*, unsigned int)
 .text._ZN18SdSpiArduinoDriver4sendEh
                0x08009a8c        0x8 .pio/build/genericSTM32F401CC/liba19/libSdFat.a(SdSpiSTM32Core.cpp.o)
                0x08009a8c                SdSpiArduinoDriver::send(unsigned char)
 .text._ZN18SdSpiArduinoDriver4sendEPKhj
                0x08009a94       0x1e .pio/build/genericSTM32F401CC/liba19/libSdFat.a(SdSpiSTM32Core.cpp.o)
                0x08009a94                SdSpiArduinoDriver::send(unsigned char const*, unsigned int)
 .text._ZN7FsCache4syncEv
                0x08009ab2       0x44 .pio/build/genericSTM32F401CC/liba19/libSdFat.a(FsCache.cpp.o)
                0x08009ab2                FsCache::sync()
 .text._ZN7FsCache7prepareEmh
                0x08009af6       0x4a .pio/build/genericSTM32F401CC/liba19/libSdFat.a(FsCache.cpp.o)
                0x08009af6                FsCache::prepare(unsigned long, unsigned char)
 .text._Z6getORPt
                0x08009b40       0x22 .pio/build/genericSTM32F401CC/lib304/libWordProcess.a(WordProcess.cpp.o)
                0x08009b40                getORP(unsigned short)
 .text._Z12drawRVSPWordRK6StringttP8TFT_eSPI
                0x08009b62       0xe4 .pio/build/genericSTM32F401CC/lib304/libWordProcess.a(WordProcess.cpp.o)
                0x08009b62                drawRVSPWord(String const&, unsigned short, unsigned short, TFT_eSPI*)
 *fill*         0x08009c46        0x2 
 .text._Z10fetchWordsPA24_cP6FsFileyPy
                0x08009c48       0xcc .pio/build/genericSTM32F401CC/lib304/libWordProcess.a(WordProcess.cpp.o)
                0x08009c48                fetchWords(char (*) [24], FsFile*, unsigned long long, unsigned long long*)
 .text._ZN5Print5writeEPKhj
                0x08009d14       0x2c .pio/build/genericSTM32F401CC/libFrameworkArduino.a(Print.cpp.o)
                0x08009d14                Print::write(unsigned char const*, unsigned int)
 .text._ZN5Print5printERK6String
                0x08009d40        0xa .pio/build/genericSTM32F401CC/libFrameworkArduino.a(Print.cpp.o)
                0x08009d40                Print::print(String const&)
 .text._write   0x08009d4a       0x22 .pio/build/genericSTM32F401CC/libFrameworkArduino.a(Print.cpp.o)
                0x08009d4a                _write
 .text._ZN6Stream9timedReadEv
                0x08009d6c       0x2a .pio/build/genericSTM32F401CC/libFrameworkArduino.a(Stream.cpp.o)
                0x08009d6c                Stream::timedRead()
 .text._ZN6Stream9readBytesEPcj
                0x08009d96       0x22 .pio/build/genericSTM32F401CC/libFrameworkArduino.a(Stream.cpp.o)
                0x08009d96                Stream::readBytes(char*, unsigned int)
 .text._ZN6Stream14readBytesUntilEcPcj
                0x08009db8       0x30 .pio/build/genericSTM32F401CC/libFrameworkArduino.a(Stream.cpp.o)
                0x08009db8                Stream::readBytesUntil(char, char*, unsigned int)
 .text._Z15attachInterruptmSt8functionIFvvEEm
                0x08009de8       0x80 .pio/build/genericSTM32F401CC/libFrameworkArduino.a(WInterrupts.cpp.o)
                0x08009de8                attachInterrupt(unsigned long, std::function<void ()>, unsigned long)
 .text._ZN6StringD2Ev
                0x08009e68        0xe .pio/build/genericSTM32F401CC/libFrameworkArduino.a(WString.cpp.o)
                0x08009e68                String::~String()
                0x08009e68                String::~String()
 .text._ZN6String10invalidateEv
                0x08009e76       0x16 .pio/build/genericSTM32F401CC/libFrameworkArduino.a(WString.cpp.o)
                0x08009e76                String::invalidate()
 .text._ZN6String12changeBufferEj
                0x08009e8c       0x18 .pio/build/genericSTM32F401CC/libFrameworkArduino.a(WString.cpp.o)
                0x08009e8c                String::changeBuffer(unsigned int)
 .text._ZN6String7reserveEj
                0x08009ea4       0x22 .pio/build/genericSTM32F401CC/libFrameworkArduino.a(WString.cpp.o)
                0x08009ea4                String::reserve(unsigned int)
 .text._ZN6String4copyEPKcj
                0x08009ec6       0x26 .pio/build/genericSTM32F401CC/libFrameworkArduino.a(WString.cpp.o)
                0x08009ec6                String::copy(char const*, unsigned int)
 .text._ZN6StringC2EPKc
                0x08009eec       0x24 .pio/build/genericSTM32F401CC/libFrameworkArduino.a(WString.cpp.o)
                0x08009eec                String::String(char const*)
                0x08009eec                String::String(char const*)
 .text._ZN6StringaSERKS_
                0x08009f10       0x1e .pio/build/genericSTM32F401CC/libFrameworkArduino.a(WString.cpp.o)
                0x08009f10                String::operator=(String const&)
 .text._ZN6StringaSEPKc
                0x08009f2e       0x22 .pio/build/genericSTM32F401CC/libFrameworkArduino.a(WString.cpp.o)
                0x08009f2e                String::operator=(char const*)
 .text._ZNK6String8getBytesEPhjj
                0x08009f50       0x30 .pio/build/genericSTM32F401CC/libFrameworkArduino.a(WString.cpp.o)
                0x08009f50                String::getBytes(unsigned char*, unsigned int, unsigned int) const
 .text._ZNK6String9substringEjj
                0x08009f80       0x50 .pio/build/genericSTM32F401CC/libFrameworkArduino.a(WString.cpp.o)
                0x08009f80                String::substring(unsigned int, unsigned int) const
 .text.__empty  0x08009fd0        0x2 .pio/build/genericSTM32F401CC/libFrameworkArduino.a(hooks.c.o)
                0x08009fd0                yield
 .text.startup._Z7premainv
                0x08009fd2       0x10 .pio/build/genericSTM32F401CC/libFrameworkArduino.a(main.cpp.o)
                0x08009fd2                premain()
 .text.startup.main
                0x08009fe2       0x14 .pio/build/genericSTM32F401CC/libFrameworkArduino.a(main.cpp.o)
                0x08009fe2                main
 *fill*         0x08009ff6        0x2 
 .text.Reset_Handler
                0x08009ff8       0x50 .pio/build/genericSTM32F401CC/libFrameworkArduino.a(startup_stm32yyxx.S.o)
                0x08009ff8                Reset_Handler
 .text.Default_Handler
                0x0800a048        0x2 .pio/build/genericSTM32F401CC/libFrameworkArduino.a(startup_stm32yyxx.S.o)
                0x0800a048                RTC_Alarm_IRQHandler
                0x0800a048                DebugMon_Handler
                0x0800a048                SPI4_IRQHandler
                0x0800a048                DMA2_Stream5_IRQHandler
                0x0800a048                HardFault_Handler
                0x0800a048                DMA1_Stream5_IRQHandler
                0x0800a048                PVD_IRQHandler
                0x0800a048                SDIO_IRQHandler
                0x0800a048                TAMP_STAMP_IRQHandler
                0x0800a048                PendSV_Handler
                0x0800a048                NMI_Handler
                0x0800a048                I2C3_ER_IRQHandler
                0x0800a048                I2C2_EV_IRQHandler
                0x0800a048                DMA1_Stream2_IRQHandler
                0x0800a048                FPU_IRQHandler
                0x0800a048                UsageFault_Handler
                0x0800a048                DMA2_Stream2_IRQHandler
                0x0800a048                SPI1_IRQHandler
                0x0800a048                DMA2_Stream0_IRQHandler
                0x0800a048                I2C1_EV_IRQHandler
                0x0800a048                DMA1_Stream6_IRQHandler
                0x0800a048                DMA1_Stream1_IRQHandler
                0x0800a048                RCC_IRQHandler
                0x0800a048                Default_Handler
                0x0800a048                ADC_IRQHandler
                0x0800a048                DMA1_Stream7_IRQHandler
                0x0800a048                DMA2_Stream7_IRQHandler
                0x0800a048                I2C3_EV_IRQHandler
                0x0800a048                RTC_WKUP_IRQHandler
                0x0800a048                SPI2_IRQHandler
                0x0800a048                MemManage_Handler
                0x0800a048                DMA1_Stream0_IRQHandler
                0x0800a048                SVC_Handler
                0x0800a048                WWDG_IRQHandler
                0x0800a048                OTG_FS_WKUP_IRQHandler
                0x0800a048                I2C2_ER_IRQHandler
                0x0800a048                DMA2_Stream1_IRQHandler
                0x0800a048                FLASH_IRQHandler
                0x0800a048                DMA2_Stream4_IRQHandler
                0x0800a048                BusFault_Handler
                0x0800a048                OTG_FS_IRQHandler
                0x0800a048                SPI3_IRQHandler
                0x0800a048                DMA1_Stream4_IRQHandler
                0x0800a048                I2C1_ER_IRQHandler
                0x0800a048                DMA2_Stream6_IRQHandler
                0x0800a048                DMA1_Stream3_IRQHandler
 *fill*         0x0800a04a        0x2 
 .text.pinMode  0x0800a04c       0xbc .pio/build/genericSTM32F401CC/libFrameworkArduino.a(wiring_digital.c.o)
                0x0800a04c                pinMode
 .text.digitalWrite
                0x0800a108       0x70 .pio/build/genericSTM32F401CC/libFrameworkArduino.a(wiring_digital.c.o)
                0x0800a108                digitalWrite
 .text.millis   0x0800a178        0x4 .pio/build/genericSTM32F401CC/libFrameworkArduino.a(wiring_time.c.o)
                0x0800a178                millis
 .text.delay    0x0800a17c       0x1c .pio/build/genericSTM32F401CC/libFrameworkArduino.a(wiring_time.c.o)
                0x0800a17c                delay
 .text._Z14serialEventRunv
                0x0800a198       0x1c .pio/build/genericSTM32F401CC/libFrameworkArduino.a(WSerial.cpp.o)
                0x0800a198                serialEventRun()
 .text.init     0x0800a1b4        0x4 .pio/build/genericSTM32F401CC/libFrameworkArduino.a(board.c.o)
                0x0800a1b4                init
 .text._ZN14HardwareSerial9availableEv
                0x0800a1b8       0x10 .pio/build/genericSTM32F401CC/libFrameworkArduino.a(HardwareSerial.cpp.o)
                0x0800a1b8                HardwareSerial::available()
 .text._ZN14HardwareSerial4peekEv
                0x0800a1c8       0x1a .pio/build/genericSTM32F401CC/libFrameworkArduino.a(HardwareSerial.cpp.o)
                0x0800a1c8                HardwareSerial::peek()
 .text._ZN14HardwareSerial17availableForWriteEv
                0x0800a1e2       0x1c .pio/build/genericSTM32F401CC/libFrameworkArduino.a(HardwareSerial.cpp.o)
                0x0800a1e2                HardwareSerial::availableForWrite()
 .text._ZN14HardwareSerial5writeEh
                0x0800a1fe       0x18 .pio/build/genericSTM32F401CC/libFrameworkArduino.a(HardwareSerial.cpp.o)
                0x0800a1fe                HardwareSerial::write(unsigned char)
 *fill*         0x0800a216        0x2 
 .text._ZN14HardwareSerial16_tx_complete_irqEP8serial_s
                0x0800a218       0x60 .pio/build/genericSTM32F401CC/libFrameworkArduino.a(HardwareSerial.cpp.o)
                0x0800a218                HardwareSerial::_tx_complete_irq(serial_s*)
 .text._ZN14HardwareSerial5writeEPKhj
                0x0800a278       0xe4 .pio/build/genericSTM32F401CC/libFrameworkArduino.a(HardwareSerial.cpp.o)
                0x0800a278                HardwareSerial::write(unsigned char const*, unsigned int)
 .text._ZN14HardwareSerial4initE7PinNameS0_S0_S0_
                0x0800a35c       0x32 .pio/build/genericSTM32F401CC/libFrameworkArduino.a(HardwareSerial.cpp.o)
                0x0800a35c                HardwareSerial::init(PinName, PinName, PinName, PinName)
 .text._ZN14HardwareSerial5flushEm
                0x0800a38e       0x36 .pio/build/genericSTM32F401CC/libFrameworkArduino.a(HardwareSerial.cpp.o)
                0x0800a38e                HardwareSerial::flush(unsigned long)
 .text._ZN14HardwareSerial5flushEv
                0x0800a3c4        0x6 .pio/build/genericSTM32F401CC/libFrameworkArduino.a(HardwareSerial.cpp.o)
                0x0800a3c4                HardwareSerial::flush()
 *fill*         0x0800a3ca        0x2 
 .text._ZN14HardwareSerial5setRxEm
                0x0800a3cc       0x48 .pio/build/genericSTM32F401CC/libFrameworkArduino.a(HardwareSerial.cpp.o)
                0x0800a3cc                HardwareSerial::setRx(unsigned long)
 .text._ZN14HardwareSerial5setTxEm
                0x0800a414       0x48 .pio/build/genericSTM32F401CC/libFrameworkArduino.a(HardwareSerial.cpp.o)
                0x0800a414                HardwareSerial::setTx(unsigned long)
 .text._ZN14HardwareSerialC2EPv16HalfDuplexMode_t
                0x0800a45c       0x9c .pio/build/genericSTM32F401CC/libFrameworkArduino.a(HardwareSerial.cpp.o)
                0x0800a45c                HardwareSerial::HardwareSerial(void*, HalfDuplexMode_t)
                0x0800a45c                HardwareSerial::HardwareSerial(void*, HalfDuplexMode_t)
 .text._ZN14HardwareSerial18enableHalfDuplexRxEv
                0x0800a4f8       0x2c .pio/build/genericSTM32F401CC/libFrameworkArduino.a(HardwareSerial.cpp.o)
                0x0800a4f8                HardwareSerial::enableHalfDuplexRx()
 .text._ZN14HardwareSerial4readEv
                0x0800a524       0x2e .pio/build/genericSTM32F401CC/libFrameworkArduino.a(HardwareSerial.cpp.o)
                0x0800a524                HardwareSerial::read()
 *fill*         0x0800a552        0x2 
 .text.startup._GLOBAL__sub_I_Serial2
                0x0800a554       0x14 .pio/build/genericSTM32F401CC/libFrameworkArduino.a(HardwareSerial.cpp.o)
 .text.__udivmoddi4
                0x0800a568      0x2bc c:/users/labib/.platformio/packages/toolchain-gccarmnoneeabi/bin/../lib/gcc/arm-none-eabi/12.3.1/thumb/v7e-m+fp/hard\libgcc.a(_udivmoddi4.o)
                0x0800a568                __udivmoddi4
 .text.unlikely._ZSt25__throw_bad_function_callv
                0x0800a824        0x6 c:/users/labib/.platformio/packages/toolchain-gccarmnoneeabi/bin/../lib/gcc/arm-none-eabi/12.3.1/../../../../arm-none-eabi/lib/thumb/v7e-m+fp/hard\libstdc++_nano.a(functional.o)
                0x0800a824                std::__throw_bad_function_call()
 .text.abort    0x0800a82a        0xe c:/users/labib/.platformio/packages/toolchain-gccarmnoneeabi/bin/../lib/gcc/arm-none-eabi/12.3.1/../../../../arm-none-eabi/lib/thumb/v7e-m+fp/hard\libc_nano.a(libc_a-abort.o)
                0x0800a82a                abort
 .text.malloc   0x0800a838       0x10 c:/users/labib/.platformio/packages/toolchain-gccarmnoneeabi/bin/../lib/gcc/arm-none-eabi/12.3.1/../../../../arm-none-eabi/lib/thumb/v7e-m+fp/hard\libc_nano.a(libc_a-malloc.o)
                0x0800a838                malloc
 .text.free     0x0800a848       0x10 c:/users/labib/.platformio/packages/toolchain-gccarmnoneeabi/bin/../lib/gcc/arm-none-eabi/12.3.1/../../../../arm-none-eabi/lib/thumb/v7e-m+fp/hard\libc_nano.a(libc_a-malloc.o)
                0x0800a848                free
 .text.sbrk_aligned
                0x0800a858       0x44 c:/users/labib/.platformio/packages/toolchain-gccarmnoneeabi/bin/../lib/gcc/arm-none-eabi/12.3.1/../../../../arm-none-eabi/lib/thumb/v7e-m+fp/hard\libc_nano.a(libc_a-mallocr.o)
 .text._malloc_r
                0x0800a89c      0x100 c:/users/labib/.platformio/packages/toolchain-gccarmnoneeabi/bin/../lib/gcc/arm-none-eabi/12.3.1/../../../../arm-none-eabi/lib/thumb/v7e-m+fp/hard\libc_nano.a(libc_a-mallocr.o)
                0x0800a89c                _malloc_r
 .text.__malloc_lock
                0x0800a99c        0xc c:/users/labib/.platformio/packages/toolchain-gccarmnoneeabi/bin/../lib/gcc/arm-none-eabi/12.3.1/../../../../arm-none-eabi/lib/thumb/v7e-m+fp/hard\libc_nano.a(libc_a-mlock.o)
                0x0800a99c                __malloc_lock
 .text.__malloc_unlock
                0x0800a9a8        0xc c:/users/labib/.platformio/packages/toolchain-gccarmnoneeabi/bin/../lib/gcc/arm-none-eabi/12.3.1/../../../../arm-none-eabi/lib/thumb/v7e-m+fp/hard\libc_nano.a(libc_a-mlock.o)
                0x0800a9a8                __malloc_unlock
 .text.realloc  0x0800a9b4       0x10 c:/users/labib/.platformio/packages/toolchain-gccarmnoneeabi/bin/../lib/gcc/arm-none-eabi/12.3.1/../../../../arm-none-eabi/lib/thumb/v7e-m+fp/hard\libc_nano.a(libc_a-realloc.o)
                0x0800a9b4                realloc
 .text._realloc_r
                0x0800a9c4       0x5c c:/users/labib/.platformio/packages/toolchain-gccarmnoneeabi/bin/../lib/gcc/arm-none-eabi/12.3.1/../../../../arm-none-eabi/lib/thumb/v7e-m+fp/hard\libc_nano.a(libc_a-reallocr.o)
                0x0800a9c4                _realloc_r
 .text.std      0x0800aa20       0x6c c:/users/labib/.platformio/packages/toolchain-gccarmnoneeabi/bin/../lib/gcc/arm-none-eabi/12.3.1/../../../../arm-none-eabi/lib/thumb/v7e-m+fp/hard\libc_nano.a(libc_a-findfp.o)
 .text.stdio_exit_handler
                0x0800aa8c       0x18 c:/users/labib/.platformio/packages/toolchain-gccarmnoneeabi/bin/../lib/gcc/arm-none-eabi/12.3.1/../../../../arm-none-eabi/lib/thumb/v7e-m+fp/hard\libc_nano.a(libc_a-findfp.o)
 .text.cleanup_stdio
                0x0800aaa4       0x40 c:/users/labib/.platformio/packages/toolchain-gccarmnoneeabi/bin/../lib/gcc/arm-none-eabi/12.3.1/../../../../arm-none-eabi/lib/thumb/v7e-m+fp/hard\libc_nano.a(libc_a-findfp.o)
 .text.global_stdio_init.part.0
                0x0800aae4       0x3c c:/users/labib/.platformio/packages/toolchain-gccarmnoneeabi/bin/../lib/gcc/arm-none-eabi/12.3.1/../../../../arm-none-eabi/lib/thumb/v7e-m+fp/hard\libc_nano.a(libc_a-findfp.o)
 .text.__sfp_lock_acquire
                0x0800ab20        0xc c:/users/labib/.platformio/packages/toolchain-gccarmnoneeabi/bin/../lib/gcc/arm-none-eabi/12.3.1/../../../../arm-none-eabi/lib/thumb/v7e-m+fp/hard\libc_nano.a(libc_a-findfp.o)
                0x0800ab20                __sfp_lock_acquire
 .text.__sfp_lock_release
                0x0800ab2c        0xc c:/users/labib/.platformio/packages/toolchain-gccarmnoneeabi/bin/../lib/gcc/arm-none-eabi/12.3.1/../../../../arm-none-eabi/lib/thumb/v7e-m+fp/hard\libc_nano.a(libc_a-findfp.o)
                0x0800ab2c                __sfp_lock_release
 .text.__sinit  0x0800ab38       0x30 c:/users/labib/.platformio/packages/toolchain-gccarmnoneeabi/bin/../lib/gcc/arm-none-eabi/12.3.1/../../../../arm-none-eabi/lib/thumb/v7e-m+fp/hard\libc_nano.a(libc_a-findfp.o)
                0x0800ab38                __sinit
 .text._fwalk_sglue
                0x0800ab68       0x3c c:/users/labib/.platformio/packages/toolchain-gccarmnoneeabi/bin/../lib/gcc/arm-none-eabi/12.3.1/../../../../arm-none-eabi/lib/thumb/v7e-m+fp/hard\libc_nano.a(libc_a-fwalk.o)
                0x0800ab68                _fwalk_sglue
 .text.__sread  0x0800aba4       0x22 c:/users/labib/.platformio/packages/toolchain-gccarmnoneeabi/bin/../lib/gcc/arm-none-eabi/12.3.1/../../../../arm-none-eabi/lib/thumb/v7e-m+fp/hard\libc_nano.a(libc_a-stdio.o)
                0x0800aba4                __sread
 .text.__swrite
                0x0800abc6       0x38 c:/users/labib/.platformio/packages/toolchain-gccarmnoneeabi/bin/../lib/gcc/arm-none-eabi/12.3.1/../../../../arm-none-eabi/lib/thumb/v7e-m+fp/hard\libc_nano.a(libc_a-stdio.o)
                0x0800abc6                __swrite
 .text.__sseek  0x0800abfe       0x24 c:/users/labib/.platformio/packages/toolchain-gccarmnoneeabi/bin/../lib/gcc/arm-none-eabi/12.3.1/../../../../arm-none-eabi/lib/thumb/v7e-m+fp/hard\libc_nano.a(libc_a-stdio.o)
                0x0800abfe                __sseek
 .text.__sclose
                0x0800ac22        0x8 c:/users/labib/.platformio/packages/toolchain-gccarmnoneeabi/bin/../lib/gcc/arm-none-eabi/12.3.1/../../../../arm-none-eabi/lib/thumb/v7e-m+fp/hard\libc_nano.a(libc_a-stdio.o)
                0x0800ac22                __sclose
 .text.memcmp   0x0800ac2a       0x20 c:/users/labib/.platformio/packages/toolchain-gccarmnoneeabi/bin/../lib/gcc/arm-none-eabi/12.3.1/../../../../arm-none-eabi/lib/thumb/v7e-m+fp/hard\libc_nano.a(libc_a-memcmp.o)
                0x0800ac2a                memcmp
 .text.memset   0x0800ac4a       0x10 c:/users/labib/.platformio/packages/toolchain-gccarmnoneeabi/bin/../lib/gcc/arm-none-eabi/12.3.1/../../../../arm-none-eabi/lib/thumb/v7e-m+fp/hard\libc_nano.a(libc_a-memset.o)
                0x0800ac4a                memset
 .text.strncmp  0x0800ac5a       0x24 c:/users/labib/.platformio/packages/toolchain-gccarmnoneeabi/bin/../lib/gcc/arm-none-eabi/12.3.1/../../../../arm-none-eabi/lib/thumb/v7e-m+fp/hard\libc_nano.a(libc_a-strncmp.o)
                0x0800ac5a                strncmp
 .text.strncpy  0x0800ac7e       0x26 c:/users/labib/.platformio/packages/toolchain-gccarmnoneeabi/bin/../lib/gcc/arm-none-eabi/12.3.1/../../../../arm-none-eabi/lib/thumb/v7e-m+fp/hard\libc_nano.a(libc_a-strncpy.o)
                0x0800ac7e                strncpy
 .text.strtok   0x0800aca4       0x68 c:/users/labib/.platformio/packages/toolchain-gccarmnoneeabi/bin/../lib/gcc/arm-none-eabi/12.3.1/../../../../arm-none-eabi/lib/thumb/v7e-m+fp/hard\libc_nano.a(libc_a-strtok.o)
                0x0800aca4                strtok
 .text.__strtok_r
                0x0800ad0c       0x50 c:/users/labib/.platformio/packages/toolchain-gccarmnoneeabi/bin/../lib/gcc/arm-none-eabi/12.3.1/../../../../arm-none-eabi/lib/thumb/v7e-m+fp/hard\libc_nano.a(libc_a-strtok_r.o)
                0x0800ad0c                __strtok_r
 .text._raise_r
                0x0800ad5c       0x50 c:/users/labib/.platformio/packages/toolchain-gccarmnoneeabi/bin/../lib/gcc/arm-none-eabi/12.3.1/../../../../arm-none-eabi/lib/thumb/v7e-m+fp/hard\libc_nano.a(libc_a-signal.o)
                0x0800ad5c                _raise_r
 .text.raise    0x0800adac       0x10 c:/users/labib/.platformio/packages/toolchain-gccarmnoneeabi/bin/../lib/gcc/arm-none-eabi/12.3.1/../../../../arm-none-eabi/lib/thumb/v7e-m+fp/hard\libc_nano.a(libc_a-signal.o)
                0x0800adac                raise
 .text._close_r
                0x0800adbc       0x20 c:/users/labib/.platformio/packages/toolchain-gccarmnoneeabi/bin/../lib/gcc/arm-none-eabi/12.3.1/../../../../arm-none-eabi/lib/thumb/v7e-m+fp/hard\libc_nano.a(libc_a-closer.o)
                0x0800adbc                _close_r
 .text._lseek_r
                0x0800addc       0x24 c:/users/labib/.platformio/packages/toolchain-gccarmnoneeabi/bin/../lib/gcc/arm-none-eabi/12.3.1/../../../../arm-none-eabi/lib/thumb/v7e-m+fp/hard\libc_nano.a(libc_a-lseekr.o)
                0x0800addc                _lseek_r
 .text._read_r  0x0800ae00       0x24 c:/users/labib/.platformio/packages/toolchain-gccarmnoneeabi/bin/../lib/gcc/arm-none-eabi/12.3.1/../../../../arm-none-eabi/lib/thumb/v7e-m+fp/hard\libc_nano.a(libc_a-readr.o)
                0x0800ae00                _read_r
 .text._kill_r  0x0800ae24       0x24 c:/users/labib/.platformio/packages/toolchain-gccarmnoneeabi/bin/../lib/gcc/arm-none-eabi/12.3.1/../../../../arm-none-eabi/lib/thumb/v7e-m+fp/hard\libc_nano.a(libc_a-signalr.o)
                0x0800ae24                _kill_r
 .text._getpid_r
                0x0800ae48        0x4 c:/users/labib/.platformio/packages/toolchain-gccarmnoneeabi/bin/../lib/gcc/arm-none-eabi/12.3.1/../../../../arm-none-eabi/lib/thumb/v7e-m+fp/hard\libc_nano.a(libc_a-signalr.o)
                0x0800ae48                _getpid_r
 .text._sbrk_r  0x0800ae4c       0x20 c:/users/labib/.platformio/packages/toolchain-gccarmnoneeabi/bin/../lib/gcc/arm-none-eabi/12.3.1/../../../../arm-none-eabi/lib/thumb/v7e-m+fp/hard\libc_nano.a(libc_a-sbrkr.o)
                0x0800ae4c                _sbrk_r
 .text._write_r
                0x0800ae6c       0x24 c:/users/labib/.platformio/packages/toolchain-gccarmnoneeabi/bin/../lib/gcc/arm-none-eabi/12.3.1/../../../../arm-none-eabi/lib/thumb/v7e-m+fp/hard\libc_nano.a(libc_a-writer.o)
                0x0800ae6c                _write_r
 .text.__libc_init_array
                0x0800ae90       0x48 c:/users/labib/.platformio/packages/toolchain-gccarmnoneeabi/bin/../lib/gcc/arm-none-eabi/12.3.1/../../../../arm-none-eabi/lib/thumb/v7e-m+fp/hard\libc_nano.a(libc_a-init.o)
                0x0800ae90                __libc_init_array
 .text.__retarget_lock_init_recursive
                0x0800aed8        0x2 c:/users/labib/.platformio/packages/toolchain-gccarmnoneeabi/bin/../lib/gcc/arm-none-eabi/12.3.1/../../../../arm-none-eabi/lib/thumb/v7e-m+fp/hard\libc_nano.a(libc_a-lock.o)
                0x0800aed8                __retarget_lock_init_recursive
 .text.__retarget_lock_acquire_recursive
                0x0800aeda        0x2 c:/users/labib/.platformio/packages/toolchain-gccarmnoneeabi/bin/../lib/gcc/arm-none-eabi/12.3.1/../../../../arm-none-eabi/lib/thumb/v7e-m+fp/hard\libc_nano.a(libc_a-lock.o)
                0x0800aeda                __retarget_lock_acquire_recursive
 .text.__retarget_lock_release_recursive
                0x0800aedc        0x2 c:/users/labib/.platformio/packages/toolchain-gccarmnoneeabi/bin/../lib/gcc/arm-none-eabi/12.3.1/../../../../arm-none-eabi/lib/thumb/v7e-m+fp/hard\libc_nano.a(libc_a-lock.o)
                0x0800aedc                __retarget_lock_release_recursive
 .text.strcpy   0x0800aede       0x10 c:/users/labib/.platformio/packages/toolchain-gccarmnoneeabi/bin/../lib/gcc/arm-none-eabi/12.3.1/../../../../arm-none-eabi/lib/thumb/v7e-m+fp/hard\libc_nano.a(libc_a-strcpy.o)
                0x0800aede                strcpy
 .text.memcpy   0x0800aeee       0x1c c:/users/labib/.platformio/packages/toolchain-gccarmnoneeabi/bin/../lib/gcc/arm-none-eabi/12.3.1/../../../../arm-none-eabi/lib/thumb/v7e-m+fp/hard\libc_nano.a(libc_a-memcpy-stub.o)
                0x0800aeee                memcpy
 *fill*         0x0800af0a        0x2 
 .text.__assert_func
                0x0800af0c       0x3c c:/users/labib/.platformio/packages/toolchain-gccarmnoneeabi/bin/../lib/gcc/arm-none-eabi/12.3.1/../../../../arm-none-eabi/lib/thumb/v7e-m+fp/hard\libc_nano.a(libc_a-assert.o)
                0x0800af0c                __assert_func
 .text._free_r  0x0800af48       0x94 c:/users/labib/.platformio/packages/toolchain-gccarmnoneeabi/bin/../lib/gcc/arm-none-eabi/12.3.1/../../../../arm-none-eabi/lib/thumb/v7e-m+fp/hard\libc_nano.a(libc_a-freer.o)
                0x0800af48                _free_r
 .text._malloc_usable_size_r
                0x0800afdc       0x10 c:/users/labib/.platformio/packages/toolchain-gccarmnoneeabi/bin/../lib/gcc/arm-none-eabi/12.3.1/../../../../arm-none-eabi/lib/thumb/v7e-m+fp/hard\libc_nano.a(libc_a-msizer.o)
                0x0800afdc                _malloc_usable_size_r
 .text._printf_common
                0x0800afec       0xda c:/users/labib/.platformio/packages/toolchain-gccarmnoneeabi/bin/../lib/gcc/arm-none-eabi/12.3.1/../../../../arm-none-eabi/lib/thumb/v7e-m+fp/hard\libc_nano.a(libc_a-nano-vfprintf_i.o)
                0x0800afec                _printf_common
 *fill*         0x0800b0c6        0x2 
 .text._printf_i
                0x0800b0c8      0x258 c:/users/labib/.platformio/packages/toolchain-gccarmnoneeabi/bin/../lib/gcc/arm-none-eabi/12.3.1/../../../../arm-none-eabi/lib/thumb/v7e-m+fp/hard\libc_nano.a(libc_a-nano-vfprintf_i.o)
                0x0800b0c8                _printf_i
 .text.__sflush_r
                0x0800b320      0x108 c:/users/labib/.platformio/packages/toolchain-gccarmnoneeabi/bin/../lib/gcc/arm-none-eabi/12.3.1/../../../../arm-none-eabi/lib/thumb/v7e-m+fp/hard\libc_nano.a(libc_a-fflush.o)
                0x0800b320                __sflush_r
 .text._fflush_r
                0x0800b428       0x50 c:/users/labib/.platformio/packages/toolchain-gccarmnoneeabi/bin/../lib/gcc/arm-none-eabi/12.3.1/../../../../arm-none-eabi/lib/thumb/v7e-m+fp/hard\libc_nano.a(libc_a-fflush.o)
                0x0800b428                _fflush_r
 .text.fprintf  0x0800b478       0x24 c:/users/labib/.platformio/packages/toolchain-gccarmnoneeabi/bin/../lib/gcc/arm-none-eabi/12.3.1/../../../../arm-none-eabi/lib/thumb/v7e-m+fp/hard\libc_nano.a(libc_a-fprintf.o)
                0x0800b478                fiprintf
                0x0800b478                fprintf
 .text.__sfputc_r